06-05 01:30:51.096 31682 31682 I chatty  : uid=1000(system) com.miui.bugreport expire 2 lines
06-05 01:30:51.141  1203  1743 I chatty  : uid=1000(system) Binder_4 expire 12 lines
06-05 01:30:51.171  1203  1612 I chatty  : uid=1000(system) WifiService expire 5 lines
06-05 01:30:51.212  1203  2373 I chatty  : uid=1000(system) Binder_D expire 11 lines
06-05 01:30:51.230  1203  1613 I chatty  : uid=1000(system) ConnectivitySer expire 8 lines
06-05 01:30:51.234  1844  2009 I chatty  : uid=1000(system) TrafficManageSe expire 1 line
06-05 01:30:51.572  1203  1917 I chatty  : uid=1000(system) Binder_6 expire 11 lines
06-05 01:30:51.648  1203  2311 I chatty  : uid=1000(system) Binder_9 expire 11 lines
06-05 01:30:51.670  1203  2350 I chatty  : uid=1000(system) Binder_B expire 11 lines
06-05 01:30:51.898  1203  1294 I chatty  : uid=1000(system) Binder_1 expire 12 lines
06-05 01:30:51.915 31770 31789 W ActivityThread: ClassLoader.loadClass: The class loader returned by Thread.getContextClassLoader() may fail for processes that host multiple applications. You should explicitly specify a context class loader. For example: Thread.setContextClassLoader(getClass().getClassLoader());
06-05 01:30:52.055 31792 31792 I chatty  : uid=1000(system) com.miui.klo.bugreport expire 1 line
06-05 01:30:52.058  1203  2244 I chatty  : uid=1000(system) Binder_8 expire 12 lines
06-05 01:30:52.114  1203  2424 I chatty  : uid=1000(system) Binder_F expire 10 lines
06-05 01:30:52.131  1203  1952 I chatty  : uid=1000(system) Binder_7 expire 15 lines
06-05 01:30:52.142  1203  1295 I chatty  : uid=1000(system) Binder_2 expire 10 lines
06-05 01:30:53.838  1203  2364 I chatty  : uid=1000(system) Binder_C expire 11 lines
06-05 01:30:53.878 28155 28155 I chatty  : uid=1000(system) com.android.settings expire 2 lines
06-05 01:30:53.921  1203  2379 I chatty  : uid=1000(system) Binder_E expire 8 lines
06-05 01:30:55.249  1203  1872 I chatty  : uid=1000(system) Binder_5 expire 10 lines
06-05 01:30:55.507  2696  2696 I chatty  : uid=1000(system) com.miui.antispam:provider expire 1 line
06-05 01:30:55.741 32113 32113 I chatty  : uid=1000(system) com.miui.bugreport expire 2 lines
06-05 01:30:56.000  1203  1308 I chatty  : uid=1000(system) ActivityManager expire 3 lines
06-05 01:30:56.134 32170 32170 I chatty  : uid=1000(system) com.miui.klo.bugreport expire 1 line
06-05 01:30:56.219  1203  2431 I chatty  : uid=1000(system) Binder_10 expire 10 lines
06-05 01:30:56.390  1203  1600 I chatty  : uid=1000(system) AlarmManager expire 17 lines
06-05 01:30:57.384  1203  1307 I chatty  : uid=1000(system) android.bg expire 2 lines
06-05 01:30:58.801 28155 28179 I chatty  : uid=1000(system) com.android.settings expire 1 line
06-05 01:31:04.832   624 32036 W SocketClient: write error (Broken pipe)
06-05 01:31:05.297  1203  2334 I chatty  : uid=1000(system) Binder_A expire 5 lines
06-05 01:31:05.305  1203  1359 I chatty  : uid=1000(system) PackageManager expire 1 line
06-05 01:31:05.305  1203  1731 I chatty  : uid=1000(system) Binder_3 expire 6 lines
06-05 01:31:06.200   624 32006 W SocketClient: write error (Broken pipe)
06-05 01:31:06.222  1203  1743 I chatty  : uid=1000(system) Binder_4 expire 8 lines
06-05 01:31:06.530   624 31681 W SocketClient: write error (Broken pipe)
06-05 01:31:10.433  1203  2431 I chatty  : uid=1000(system) Binder_10 expire 5 lines
06-05 01:31:20.602  1203  1312 I chatty  : uid=1000(system) android.fg expire 2 lines
06-05 01:31:37.095  1203  2364 I chatty  : uid=1000(system) Binder_C expire 13 lines
06-05 01:37:05.653  1203  1613 I chatty  : uid=1000(system) ConnectivitySer expire 23 lines
06-05 01:37:37.087  1203  1600 I chatty  : uid=1000(system) AlarmManager expire 16 lines
06-05 01:37:50.049  1203  2244 I chatty  : uid=1000(system) Binder_8 expire 10 lines
06-05 01:37:50.058  1203  2373 I chatty  : uid=1000(system) Binder_D expire 17 lines
06-05 01:37:50.083  1203  1731 I chatty  : uid=1000(system) Binder_3 expire 11 lines
06-05 01:37:50.085  1203  2431 I chatty  : uid=1000(system) Binder_10 expire 6 lines
06-05 01:37:50.149  1203  1743 I chatty  : uid=1000(system) Binder_4 expire 5 lines
06-05 01:37:50.153  1203  2379 I chatty  : uid=1000(system) Binder_E expire 10 lines
06-05 01:37:50.157  1203  2424 I chatty  : uid=1000(system) Binder_F expire 9 lines
06-05 01:37:50.161  1203  2350 I chatty  : uid=1000(system) Binder_B expire 10 lines
06-05 01:37:50.173  1203  1952 I chatty  : uid=1000(system) Binder_7 expire 9 lines
06-05 01:38:02.967  1844  2009 I chatty  : uid=1000(system) TrafficManageSe expire 1 line
06-05 01:39:30.062  1203  2311 I chatty  : uid=1000(system) Binder_9 expire 10 lines
06-05 01:39:30.070  1203  1917 I chatty  : uid=1000(system) Binder_6 expire 7 lines
06-05 01:39:30.084  1203  1295 I chatty  : uid=1000(system) Binder_2 expire 8 lines
06-05 01:40:40.934  1203  1307 I chatty  : uid=1000(system) android.bg expire 2 lines
06-05 01:42:50.118  1203  1872 I chatty  : uid=1000(system) Binder_5 expire 7 lines
06-05 01:43:04.566  1203  1601 I chatty  : uid=1000(system) InputDispatcher expire 2 lines
06-05 01:43:04.955  1203  1294 I chatty  : uid=1000(system) Binder_1 expire 9 lines
06-05 01:43:05.610  1713  1769 I chatty  : uid=1000(system) local_job_dispa expire 1 line
06-05 01:43:06.702  2321  7053 I chatty  : uid=1000(system) Binder_7 expire 5 lines
06-05 01:43:06.772  1203  2334 I chatty  : uid=1000(system) Binder_A expire 6 lines
06-05 01:43:06.899  1203  1203 I chatty  : uid=1000 system_server expire 4 lines
06-05 01:43:06.950  1203  1612 I chatty  : uid=1000(system) WifiService expire 2 lines
06-05 01:43:07.749  1203  1308 I chatty  : uid=1000(system) ActivityManager expire 8 lines
06-05 01:44:17.260  1926  1948 W PackageParser: Unknown element under <service>: permission at /data/user/0/com.miui.systemAdSolution/app_analytics/analytics.apk Binary XML file line #114
06-05 01:44:32.425  1203  1600 I chatty  : uid=1000(system) AlarmManager expire 16 lines
06-05 01:44:32.521  1203  2373 I chatty  : uid=1000(system) Binder_D expire 4 lines
06-05 01:44:33.157  1203  2350 I chatty  : uid=1000(system) Binder_B expire 3 lines
06-05 01:44:33.184  1203  1731 I chatty  : uid=1000(system) Binder_3 expire 2 lines
06-05 01:45:34.520  2321  2073 I chatty  : uid=1000(system) AsyncTask #5 expire 1 line
06-05 01:45:50.417  2081  2081 I chatty  : uid=1000(system) com.android.settings expire 1 line
06-05 01:45:55.478  2081  2100 I chatty  : uid=1000(system) com.android.settings expire 1 line
06-05 01:46:29.128  1203  1613 I chatty  : uid=1000(system) ConnectivitySer expire 16 lines
06-05 01:50:34.014  1203  2244 I chatty  : uid=1000(system) Binder_8 expire 11 lines
06-05 01:52:00.000  1203  1600 I chatty  : uid=1000(system) AlarmManager expire 22 lines
06-05 01:53:19.326  1203  1613 I chatty  : uid=1000(system) ConnectivitySer expire 19 lines
06-05 01:55:18.507  1203  1308 I chatty  : uid=1000(system) ActivityManager expire 6 lines
06-05 01:55:37.816  1203  1612 I chatty  : uid=1000(system) WifiService expire 2 lines
06-05 01:55:37.910  1203  1731 I chatty  : uid=1000(system) Binder_3 expire 9 lines
06-05 01:55:50.734  1203  2431 I chatty  : uid=1000(system) Binder_10 expire 5 lines
06-05 01:55:50.745  1203  1952 I chatty  : uid=1000(system) Binder_7 expire 9 lines
06-05 01:57:05.370  1203  1294 I chatty  : uid=1000(system) Binder_1 expire 6 lines
06-05 01:57:05.389  1203  2373 I chatty  : uid=1000(system) Binder_D expire 11 lines
06-05 01:57:05.614  2472  2472 I chatty  : uid=1000(system) com.miui.bugreport:remote expire 3 lines
06-05 01:57:05.926  1203  2364 I chatty  : uid=1000(system) Binder_C expire 9 lines
06-05 01:57:05.944  1203  2311 I chatty  : uid=1000(system) Binder_9 expire 6 lines
06-05 01:57:05.952  1203  1743 I chatty  : uid=1000(system) Binder_4 expire 4 lines
06-05 01:57:05.961  1203  1872 I chatty  : uid=1000(system) Binder_5 expire 5 lines
06-05 01:57:05.963  1203  2379 I chatty  : uid=1000(system) Binder_E expire 11 lines
06-05 01:57:05.966  1203  2334 I chatty  : uid=1000(system) Binder_A expire 6 lines
06-05 01:57:05.975  1203  2350 I chatty  : uid=1000(system) Binder_B expire 7 lines
06-05 02:00:00.447  2561  2561 D ActivityThread: Loading provider com.whatsapp.provider.contact: com.whatsapp.contact.ContactProvider
06-05 02:00:06.105  1203  1600 I chatty  : uid=1000(system) AlarmManager expire 45 lines
06-05 02:02:50.239  1203  2424 I chatty  : uid=1000(system) Binder_F expire 7 lines
06-05 02:03:33.378  1203  1917 I chatty  : uid=1000(system) Binder_6 expire 11 lines
06-05 02:03:33.383  1203  1295 I chatty  : uid=1000(system) Binder_2 expire 6 lines
06-05 02:09:37.108  1203  1203 I chatty  : uid=1000 system_server expire 5 lines
06-05 02:09:37.401  1844  2009 I chatty  : uid=1000(system) TrafficManageSe expire 1 line
06-05 02:17:35.682  3011  3046 E ActivityThread: Failed to find provider info for metok
06-05 02:17:35.705  3011  3011 E ActivityThread: Failed to find provider info for metok
06-05 02:18:00.001  1203  1600 I chatty  : uid=1000(system) AlarmManager expire 26 lines
06-05 02:18:50.427  1203  2244 I chatty  : uid=1000(system) Binder_8 expire 3 lines
06-05 02:29:24.883  1203  1613 I chatty  : uid=1000(system) ConnectivitySer expire 8 lines
06-05 02:30:00.001  1203  1600 I chatty  : uid=1000(system) AlarmManager expire 94 lines
06-05 02:30:49.537  2081  2081 I chatty  : uid=1000(system) com.android.settings expire 2 lines
06-05 02:30:49.576  1203  1731 I chatty  : uid=1000(system) Binder_3 expire 10 lines
06-05 02:31:04.548  1203  1308 I chatty  : uid=1000(system) ActivityManager expire 3 lines
06-05 02:34:10.503  1203  1872 I chatty  : uid=1000(system) Binder_5 expire 13 lines
06-05 02:34:10.521  1203  2350 I chatty  : uid=1000(system) Binder_B expire 10 lines
06-05 02:34:10.529  1203  1294 I chatty  : uid=1000(system) Binder_1 expire 12 lines
06-05 02:34:11.078  1203  2424 I chatty  : uid=1000(system) Binder_F expire 9 lines
06-05 02:34:11.192  1203  1295 I chatty  : uid=1000(system) Binder_2 expire 14 lines
06-05 02:34:12.270  1203  2244 I chatty  : uid=1000(system) Binder_8 expire 9 lines
06-05 02:34:12.274  1203  2379 I chatty  : uid=1000(system) Binder_E expire 8 lines
06-05 02:34:12.282  1203  2364 I chatty  : uid=1000(system) Binder_C expire 10 lines
06-05 02:34:12.296  1203  2311 I chatty  : uid=1000(system) Binder_9 expire 5 lines
06-05 02:34:12.350  1203  1952 I chatty  : uid=1000(system) Binder_7 expire 6 lines
06-05 02:34:12.356  1203  2334 I chatty  : uid=1000(system) Binder_A expire 9 lines
06-05 02:37:49.578  1844  2009 I chatty  : uid=1000(system) TrafficManageSe expire 2 lines
06-05 02:39:10.482  1203  2373 I chatty  : uid=1000(system) Binder_D expire 4 lines
06-05 02:39:10.509  1203  1917 I chatty  : uid=1000(system) Binder_6 expire 7 lines
06-05 02:39:15.539  1203  1612 I chatty  : uid=1000(system) WifiService expire 2 lines
06-05 02:40:17.709  1203  1743 I chatty  : uid=1000(system) Binder_4 expire 7 lines
06-05 02:44:33.230  1203  1307 I chatty  : uid=1000(system) android.bg expire 6 lines
06-05 02:46:17.287  1203  2431 I chatty  : uid=1000(system) Binder_10 expire 12 lines
06-05 03:09:59.999  1203  1600 I chatty  : uid=1000(system) AlarmManager expire 90 lines
06-05 03:11:32.488  1203  2350 I chatty  : uid=1000(system) Binder_B expire 10 lines
06-05 03:11:32.489  1203  1613 I chatty  : uid=1000(system) ConnectivitySer expire 57 lines
06-05 03:11:42.135  1203  2311 I chatty  : uid=1000(system) Binder_9 expire 9 lines
06-05 03:11:42.152  1203  1294 I chatty  : uid=1000(system) Binder_1 expire 13 lines
06-05 03:11:42.161  1203  1731 I chatty  : uid=1000(system) Binder_3 expire 8 lines
06-05 03:11:42.723  1203  1917 I chatty  : uid=1000(system) Binder_6 expire 6 lines
06-05 03:11:42.747  1203  1295 I chatty  : uid=1000(system) Binder_2 expire 4 lines
06-05 03:11:42.763  1203  1872 I chatty  : uid=1000(system) Binder_5 expire 4 lines
06-05 03:11:42.772  1203  2364 I chatty  : uid=1000(system) Binder_C expire 5 lines
06-05 03:11:42.777  1203  2244 I chatty  : uid=1000(system) Binder_8 expire 6 lines
06-05 03:11:42.819  1203  2379 I chatty  : uid=1000(system) Binder_E expire 7 lines
06-05 03:11:42.824  1203  1743 I chatty  : uid=1000(system) Binder_4 expire 6 lines
06-05 03:12:30.239  1203  1952 I chatty  : uid=1000(system) Binder_7 expire 3 lines
06-05 03:17:49.358  1203  2424 I chatty  : uid=1000(system) Binder_F expire 2 lines
06-05 03:17:50.450  1203  2334 I chatty  : uid=1000(system) Binder_A expire 6 lines
06-05 03:17:50.459  1203  2373 I chatty  : uid=1000(system) Binder_D expire 7 lines
06-05 03:21:33.841  1203  1203 I chatty  : uid=1000 system_server expire 1 line
06-05 03:25:21.894  1203  1308 I chatty  : uid=1000(system) ActivityManager expire 2 lines
06-05 03:25:21.903  1203  1307 I chatty  : uid=1000(system) android.bg expire 1 line
06-05 03:30:49.564  2081  2081 I chatty  : uid=1000(system) com.android.settings expire 1 line
06-05 03:37:49.579  1844  2009 I chatty  : uid=1000(system) TrafficManageSe expire 2 lines
06-05 03:48:30.162  1203  2334 I chatty  : uid=1000(system) Binder_A expire 6 lines
06-05 03:48:30.175  1203  2431 I chatty  : uid=1000(system) Binder_10 expire 8 lines
06-05 03:48:30.182  1203  1743 I chatty  : uid=1000(system) Binder_4 expire 8 lines
06-05 03:48:30.185  1203  1731 I chatty  : uid=1000(system) Binder_3 expire 9 lines
06-05 03:48:30.300  1203  1952 I chatty  : uid=1000(system) Binder_7 expire 13 lines
06-05 03:48:30.312  1203  1294 I chatty  : uid=1000(system) Binder_1 expire 8 lines
06-05 03:48:30.327  1203  1917 I chatty  : uid=1000(system) Binder_6 expire 3 lines
06-05 03:48:30.339  1203  2311 I chatty  : uid=1000(system) Binder_9 expire 10 lines
06-05 03:48:30.792  1203  2379 I chatty  : uid=1000(system) Binder_E expire 10 lines
06-05 03:48:30.802  1203  2244 I chatty  : uid=1000(system) Binder_8 expire 9 lines
06-05 03:49:00.000  1203  1600 I chatty  : uid=1000(system) AlarmManager expire 73 lines
06-05 03:51:32.658  1203  1872 I chatty  : uid=1000(system) Binder_5 expire 10 lines
06-05 03:51:32.666  1203  2364 I chatty  : uid=1000(system) Binder_C expire 6 lines
06-05 03:54:11.451  1203  1613 I chatty  : uid=1000(system) ConnectivitySer expire 53 lines
06-05 03:54:30.088  1203  1295 I chatty  : uid=1000(system) Binder_2 expire 6 lines
06-05 03:54:33.061  1203  2350 I chatty  : uid=1000(system) Binder_B expire 8 lines
06-05 03:54:33.098  1203  2424 I chatty  : uid=1000(system) Binder_F expire 7 lines
06-05 03:55:23.073  1203  1308 I chatty  : uid=1000(system) ActivityManager expire 2 lines
06-05 04:01:33.998  1203  2373 I chatty  : uid=1000(system) Binder_D expire 6 lines
06-05 04:20:34.141  1203  1743 I chatty  : uid=1000(system) Binder_4 expire 6 lines
06-05 04:20:34.144  1203  2311 I chatty  : uid=1000(system) Binder_9 expire 4 lines
06-05 04:20:34.154  1203  2431 I chatty  : uid=1000(system) Binder_10 expire 9 lines
06-05 04:20:59.999  1203  1600 I chatty  : uid=1000(system) AlarmManager expire 44 lines
06-05 04:21:37.731  1203  1307 I chatty  : uid=1000(system) android.bg expire 1 line
06-05 04:23:46.208  1203  1613 I chatty  : uid=1000(system) ConnectivitySer expire 39 lines
06-05 04:24:30.480  1203  1952 I chatty  : uid=1000(system) Binder_7 expire 6 lines
06-05 04:24:30.496  1203  2364 I chatty  : uid=1000(system) Binder_C expire 6 lines
06-05 04:24:30.507  1203  1872 I chatty  : uid=1000(system) Binder_5 expire 2 lines
06-05 04:25:24.301  1203  1308 I chatty  : uid=1000(system) ActivityManager expire 2 lines
06-05 04:26:33.576  1203  2244 I chatty  : uid=1000(system) Binder_8 expire 5 lines
06-05 04:26:33.649  1203  1295 I chatty  : uid=1000(system) Binder_2 expire 3 lines
06-05 04:26:33.657  1203  2424 I chatty  : uid=1000(system) Binder_F expire 10 lines
06-05 04:26:34.219  1203  2334 I chatty  : uid=1000(system) Binder_A expire 5 lines
06-05 04:26:34.232  1203  1917 I chatty  : uid=1000(system) Binder_6 expire 6 lines
06-05 04:26:34.237  1203  2350 I chatty  : uid=1000(system) Binder_B expire 6 lines
06-05 04:26:34.250  1203  2379 I chatty  : uid=1000(system) Binder_E expire 6 lines
06-05 04:30:30.528  1203  1294 I chatty  : uid=1000(system) Binder_1 expire 2 lines
06-05 04:30:49.613  2081  2081 I chatty  : uid=1000(system) com.android.settings expire 2 lines
06-05 04:30:49.720  2081  4994 I chatty  : uid=1000(system) com.android.settings expire 1 line
06-05 04:30:50.418  1203  1731 I chatty  : uid=1000(system) Binder_3 expire 8 lines
06-05 04:32:03.320  1203  1612 I chatty  : uid=1000(system) WifiService expire 1 line
06-05 04:37:49.571  1844  2009 I chatty  : uid=1000(system) TrafficManageSe expire 1 line
06-05 04:38:51.354  5029  5051 W ActivityThread: ClassLoader.loadClass: The class loader returned by Thread.getContextClassLoader() may fail for processes that host multiple applications. You should explicitly specify a context class loader. For example: Thread.setContextClassLoader(getClass().getClassLoader());
06-05 04:39:00.000  1203  1600 I chatty  : uid=1000(system) AlarmManager expire 29 lines
06-05 04:39:14.917  1203  1613 I chatty  : uid=1000(system) ConnectivitySer expire 80 lines
06-05 04:50:56.242  1203  2431 I chatty  : uid=1000(system) Binder_10 expire 7 lines
06-05 04:50:56.249  1203  2379 I chatty  : uid=1000(system) Binder_E expire 11 lines
06-05 04:50:56.804  1203  1872 I chatty  : uid=1000(system) Binder_5 expire 9 lines
06-05 04:50:56.810  1203  1952 I chatty  : uid=1000(system) Binder_7 expire 5 lines
06-05 04:50:56.816  1203  2244 I chatty  : uid=1000(system) Binder_8 expire 8 lines
06-05 04:50:56.824  1203  1731 I chatty  : uid=1000(system) Binder_3 expire 9 lines
06-05 04:50:56.828  1203  2311 I chatty  : uid=1000(system) Binder_9 expire 10 lines
06-05 04:50:56.835  1203  2350 I chatty  : uid=1000(system) Binder_B expire 8 lines
06-05 04:50:56.849  1203  2373 I chatty  : uid=1000(system) Binder_D expire 8 lines
06-05 04:50:56.858  1203  1295 I chatty  : uid=1000(system) Binder_2 expire 9 lines
06-05 04:50:56.864  1203  2364 I chatty  : uid=1000(system) Binder_C expire 10 lines
06-05 04:51:00.001  1203  1600 I chatty  : uid=1000(system) AlarmManager expire 78 lines
06-05 04:55:10.251  1203  1743 I chatty  : uid=1000(system) Binder_4 expire 14 lines
06-05 04:55:10.259  1203  1294 I chatty  : uid=1000(system) Binder_1 expire 8 lines
06-05 04:55:10.267  1203  2424 I chatty  : uid=1000(system) Binder_F expire 8 lines
06-05 04:55:25.485  1203  1308 I chatty  : uid=1000(system) ActivityManager expire 2 lines
06-05 04:57:32.608  1203  2334 I chatty  : uid=1000(system) Binder_A expire 10 lines
06-05 05:01:10.339  1203  1917 I chatty  : uid=1000(system) Binder_6 expire 8 lines
06-05 05:09:02.897  1844  2009 I chatty  : uid=1000(system) TrafficManageSe expire 1 line
06-05 05:15:02.792  1203  1203 I chatty  : uid=1000 system_server expire 1 line
06-05 05:24:45.334  1203  1612 I chatty  : uid=1000(system) WifiService expire 1 line
06-05 05:24:56.018  1203  1952 I chatty  : uid=1000(system) Binder_7 expire 7 lines
06-05 05:25:00.000  1203  1600 I chatty  : uid=1000(system) AlarmManager expire 36 lines
06-05 05:25:10.515  1203  2311 I chatty  : uid=1000(system) Binder_9 expire 7 lines
06-05 05:25:10.536  1203  2244 I chatty  : uid=1000(system) Binder_8 expire 5 lines
06-05 05:25:26.646  1203  1308 I chatty  : uid=1000(system) ActivityManager expire 4 lines
06-05 05:25:27.896  1203  2334 I chatty  : uid=1000(system) Binder_A expire 5 lines
06-05 05:25:27.924  1203  2364 I chatty  : uid=1000(system) Binder_C expire 9 lines
06-05 05:28:37.922  1203  1731 I chatty  : uid=1000(system) Binder_3 expire 9 lines
06-05 05:28:37.932  1203  1294 I chatty  : uid=1000(system) Binder_1 expire 8 lines
06-05 05:28:37.943  1203  2431 I chatty  : uid=1000(system) Binder_10 expire 8 lines
06-05 05:28:38.619  1203  1917 I chatty  : uid=1000(system) Binder_6 expire 13 lines
06-05 05:28:38.622  1203  2350 I chatty  : uid=1000(system) Binder_B expire 11 lines
06-05 05:30:49.591  1203  1613 I chatty  : uid=1000(system) ConnectivitySer expire 50 lines
06-05 05:30:49.657  2081  2081 I chatty  : uid=1000(system) com.android.settings expire 1 line
06-05 05:30:49.681  1203  1743 I chatty  : uid=1000(system) Binder_4 expire 5 lines
06-05 05:30:49.819  1203  2373 I chatty  : uid=1000(system) Binder_D expire 9 lines
06-05 05:31:10.130  1203  1872 I chatty  : uid=1000(system) Binder_5 expire 7 lines
06-05 05:34:37.953  1203  2379 I chatty  : uid=1000(system) Binder_E expire 6 lines
06-05 05:34:37.962  1203  2424 I chatty  : uid=1000(system) Binder_F expire 1 line
06-05 05:36:22.116  1203  1307 I chatty  : uid=1000(system) android.bg expire 1 line
06-05 05:37:49.453  1844  2009 I chatty  : uid=1000(system) TrafficManageSe expire 1 line
06-05 05:39:08.824  6382  6400 W ActivityThread: ClassLoader.loadClass: The class loader returned by Thread.getContextClassLoader() may fail for processes that host multiple applications. You should explicitly specify a context class loader. For example: Thread.setContextClassLoader(getClass().getClassLoader());
06-05 05:40:00.000  1203  1600 I chatty  : uid=1000(system) AlarmManager expire 47 lines
06-05 05:47:05.888  1203  1295 I chatty  : uid=1000(system) Binder_2 expire 12 lines
06-05 06:00:17.084  1203  1600 I chatty  : uid=1000(system) AlarmManager expire 75 lines
06-05 06:00:35.813  1203  1613 I chatty  : uid=1000(system) ConnectivitySer expire 90 lines
06-05 06:01:10.346  1203  2334 I chatty  : uid=1000(system) Binder_A expire 7 lines
06-05 06:01:10.349  1203  2373 I chatty  : uid=1000(system) Binder_D expire 2 lines
06-05 06:01:10.371  1203  1872 I chatty  : uid=1000(system) Binder_5 expire 6 lines
06-05 06:05:17.760  1203  1731 I chatty  : uid=1000(system) Binder_3 expire 9 lines
06-05 06:05:17.765  1203  1917 I chatty  : uid=1000(system) Binder_6 expire 5 lines
06-05 06:05:18.330  1203  2424 I chatty  : uid=1000(system) Binder_F expire 2 lines
06-05 06:05:18.344  1203  2350 I chatty  : uid=1000(system) Binder_B expire 10 lines
06-05 06:05:18.352  1203  1294 I chatty  : uid=1000(system) Binder_1 expire 5 lines
06-05 06:05:18.385  1203  2244 I chatty  : uid=1000(system) Binder_8 expire 5 lines
06-05 06:05:18.404  1203  2311 I chatty  : uid=1000(system) Binder_9 expire 5 lines
06-05 06:07:10.419  1203  1952 I chatty  : uid=1000(system) Binder_7 expire 7 lines
06-05 06:08:35.184  1844  2009 I chatty  : uid=1000(system) TrafficManageSe expire 1 line
06-05 06:11:18.414  1203  2364 I chatty  : uid=1000(system) Binder_C expire 3 lines
06-05 06:11:18.450  1203  2379 I chatty  : uid=1000(system) Binder_E expire 5 lines
06-05 06:12:32.929  6834  6834 I chatty  : uid=1000(system) com.miui.bugreport:remote expire 2 lines
06-05 06:12:33.002  1203  1612 I chatty  : uid=1000(system) WifiService expire 1 line
06-05 06:13:10.446  1203  1743 I chatty  : uid=1000(system) Binder_4 expire 3 lines
06-05 06:24:17.555  1203  2431 I chatty  : uid=1000(system) Binder_10 expire 1 line
06-05 06:25:28.858  1203  1308 I chatty  : uid=1000(system) ActivityManager expire 2 lines
06-05 06:25:28.868  1203  1307 I chatty  : uid=1000(system) android.bg expire 1 line
06-05 06:30:49.746  2081  2081 I chatty  : uid=1000(system) com.android.settings expire 1 line
06-05 06:30:55.609  1203  1872 I chatty  : uid=1000(system) Binder_5 expire 3 lines
06-05 06:30:55.611  1203  1952 I chatty  : uid=1000(system) Binder_7 expire 9 lines
06-05 06:30:56.243  1203  2244 I chatty  : uid=1000(system) Binder_8 expire 6 lines
06-05 06:30:56.244  1203  1294 I chatty  : uid=1000(system) Binder_1 expire 10 lines
06-05 06:30:56.252  1203  1731 I chatty  : uid=1000(system) Binder_3 expire 9 lines
06-05 06:30:56.260  1203  2373 I chatty  : uid=1000(system) Binder_D expire 8 lines
06-05 06:30:56.269  1203  1917 I chatty  : uid=1000(system) Binder_6 expire 5 lines
06-05 06:30:56.272  1203  2334 I chatty  : uid=1000(system) Binder_A expire 6 lines
06-05 06:30:56.349  1203  2311 I chatty  : uid=1000(system) Binder_9 expire 6 lines
06-05 06:30:56.356  1203  2424 I chatty  : uid=1000(system) Binder_F expire 7 lines
06-05 06:30:56.395  1203  2364 I chatty  : uid=1000(system) Binder_C expire 5 lines
06-05 06:30:56.408  1203  2431 I chatty  : uid=1000(system) Binder_10 expire 9 lines
06-05 06:31:00.000  1203  1600 I chatty  : uid=1000(system) AlarmManager expire 48 lines
06-05 06:31:01.908  1203  1613 I chatty  : uid=1000(system) ConnectivitySer expire 106 lines
06-05 06:31:16.198  1203  2350 I chatty  : uid=1000(system) Binder_B expire 5 lines
06-05 06:31:16.232  1203  1295 I chatty  : uid=1000(system) Binder_2 expire 3 lines
06-05 06:31:16.279  1203  1743 I chatty  : uid=1000(system) Binder_4 expire 4 lines
06-05 06:31:30.160  1203  2379 I chatty  : uid=1000(system) Binder_E expire 4 lines
06-05 06:37:49.524  1844  2009 I chatty  : uid=1000(system) TrafficManageSe expire 1 line
06-05 06:50:58.947  1203  1307 I chatty  : uid=1000(system) android.bg expire 2 lines
06-05 06:51:36.445  1203  1613 I chatty  : uid=1000(system) ConnectivitySer expire 37 lines
06-05 06:52:00.001  1203  1600 I chatty  : uid=1000(system) AlarmManager expire 94 lines
06-05 06:55:30.062  1203  1308 I chatty  : uid=1000(system) ActivityManager expire 5 lines
06-05 06:55:33.015  1203  2244 I chatty  : uid=1000(system) Binder_8 expire 9 lines
06-05 06:55:33.020  1203  2424 I chatty  : uid=1000(system) Binder_F expire 9 lines
06-05 06:55:33.024  1203  2379 I chatty  : uid=1000(system) Binder_E expire 9 lines
06-05 06:55:33.587  1203  1295 I chatty  : uid=1000(system) Binder_2 expire 7 lines
06-05 06:55:33.595  1203  1743 I chatty  : uid=1000(system) Binder_4 expire 10 lines
06-05 06:55:33.608  1203  2431 I chatty  : uid=1000(system) Binder_10 expire 10 lines
06-05 06:55:33.619  1203  2334 I chatty  : uid=1000(system) Binder_A expire 9 lines
06-05 06:55:33.623  1203  2364 I chatty  : uid=1000(system) Binder_C expire 6 lines
06-05 06:55:33.629  1203  1872 I chatty  : uid=1000(system) Binder_5 expire 4 lines
06-05 06:55:50.353  1203  1952 I chatty  : uid=1000(system) Binder_7 expire 7 lines
06-05 07:00:00.038  1203  1637 I chatty  : uid=1000(system) backup expire 1 line
06-05 07:00:17.316  1203  2373 I chatty  : uid=1000(system) Binder_D expire 4 lines
06-05 07:00:17.510  1203  2311 I chatty  : uid=1000(system) Binder_9 expire 6 lines
06-05 07:00:57.271  1203  1203 I chatty  : uid=1000 system_server expire 1 line
06-05 07:00:57.298  1203  1917 I chatty  : uid=1000(system) Binder_6 expire 8 lines
06-05 07:01:33.150  1203  1294 I chatty  : uid=1000(system) Binder_1 expire 8 lines
06-05 07:01:50.432  1203  2350 I chatty  : uid=1000(system) Binder_B expire 7 lines
06-05 07:08:17.250  1844  2009 I chatty  : uid=1000(system) TrafficManageSe expire 1 line
06-05 07:12:38.892  1203  1731 I chatty  : uid=1000(system) Binder_3 expire 12 lines
06-05 07:28:59.999  1203  1600 I chatty  : uid=1000(system) AlarmManager expire 101 lines
06-05 07:30:49.794  2081  2081 I chatty  : uid=1000(system) com.android.settings expire 1 line
06-05 07:31:48.179  1203  1917 I chatty  : uid=1000(system) Binder_6 expire 10 lines
06-05 07:32:30.152  1203  2373 I chatty  : uid=1000(system) Binder_D expire 10 lines
06-05 07:32:30.160  1203  1294 I chatty  : uid=1000(system) Binder_1 expire 8 lines
06-05 07:32:30.180  1203  2350 I chatty  : uid=1000(system) Binder_B expire 11 lines
06-05 07:32:30.189  1203  1743 I chatty  : uid=1000(system) Binder_4 expire 9 lines
06-05 07:32:30.264  1203  2424 I chatty  : uid=1000(system) Binder_F expire 7 lines
06-05 07:32:30.278  1203  2379 I chatty  : uid=1000(system) Binder_E expire 11 lines
06-05 07:32:30.295  1203  1872 I chatty  : uid=1000(system) Binder_5 expire 6 lines
06-05 07:32:30.318  1203  2311 I chatty  : uid=1000(system) Binder_9 expire 9 lines
06-05 07:34:00.203  1203  2364 I chatty  : uid=1000(system) Binder_C expire 7 lines
06-05 07:34:40.117  1203  1613 I chatty  : uid=1000(system) ConnectivitySer expire 19 lines
06-05 07:37:49.581  1844  2009 I chatty  : uid=1000(system) TrafficManageSe expire 2 lines
06-05 07:38:49.532  1203  1295 I chatty  : uid=1000(system) Binder_2 expire 8 lines
06-05 07:41:16.432  1203  1307 I chatty  : uid=1000(system) android.bg expire 2 lines
06-05 07:44:49.548  1203  2334 I chatty  : uid=1000(system) Binder_A expire 8 lines
06-05 07:44:51.107  1203  2431 I chatty  : uid=1000(system) Binder_10 expire 3 lines
06-05 07:45:55.567  1203  2244 I chatty  : uid=1000(system) Binder_8 expire 7 lines
06-05 07:45:56.189  1203  1952 I chatty  : uid=1000(system) Binder_7 expire 4 lines
06-05 07:55:32.483  1203  1308 I chatty  : uid=1000(system) ActivityManager expire 4 lines
06-05 08:10:50.292  1203  1917 I chatty  : uid=1000(system) Binder_6 expire 7 lines
06-05 08:10:50.300  1203  2334 I chatty  : uid=1000(system) Binder_A expire 13 lines
06-05 08:10:50.308  1203  2379 I chatty  : uid=1000(system) Binder_E expire 15 lines
06-05 08:10:50.319  1203  1731 I chatty  : uid=1000(system) Binder_3 expire 8 lines
06-05 08:10:50.346  1203  1743 I chatty  : uid=1000(system) Binder_4 expire 5 lines
06-05 08:10:59.999  1203  1600 I chatty  : uid=1000(system) AlarmManager expire 54 lines
06-05 08:12:33.326  1203  2311 I chatty  : uid=1000(system) Binder_9 expire 10 lines
06-05 08:12:36.883  1203  2350 I chatty  : uid=1000(system) Binder_B expire 9 lines
06-05 08:14:30.521  1203  1294 I chatty  : uid=1000(system) Binder_1 expire 9 lines
06-05 08:14:30.530  1203  2431 I chatty  : uid=1000(system) Binder_10 expire 11 lines
06-05 08:14:30.554  1203  2364 I chatty  : uid=1000(system) Binder_C expire 12 lines
06-05 08:15:02.855  1203  1203 I chatty  : uid=1000 system_server expire 2 lines
06-05 08:16:12.682  1203  1613 I chatty  : uid=1000(system) ConnectivitySer expire 16 lines
06-05 08:16:49.654  1203  1295 I chatty  : uid=1000(system) Binder_2 expire 8 lines
06-05 08:16:49.725  1203  2424 I chatty  : uid=1000(system) Binder_F expire 10 lines
06-05 08:16:49.738  1203  2244 I chatty  : uid=1000(system) Binder_8 expire 9 lines
06-05 08:16:50.254  1203  1872 I chatty  : uid=1000(system) Binder_5 expire 9 lines
06-05 08:16:50.292  1203  1952 I chatty  : uid=1000(system) Binder_7 expire 7 lines
06-05 08:16:53.831  1203  2373 I chatty  : uid=1000(system) Binder_D expire 8 lines
06-05 08:24:38.375  1203  1612 I chatty  : uid=1000(system) WifiService expire 1 line
06-05 08:30:50.165  2081  2081 I chatty  : uid=1000(system) com.android.settings expire 5 lines
06-05 08:36:17.289  1203  1312 I chatty  : uid=1000(system) android.fg expire 3 lines
06-05 08:36:17.308   624  1502 E NetlinkEvent: Unknown ifindex 31 in RTM_DELADDR
06-05 08:36:17.312   624  1502 E NetlinkEvent: Unknown ifindex 31 in RTM_DELADDR
06-05 08:36:17.542  1844  2009 I chatty  : uid=1000(system) TrafficManageSe expire 4 lines
06-05 08:36:17.781  1203  1613 I chatty  : uid=1000(system) ConnectivitySer expire 4 lines
06-05 08:36:18.421  2081  9074 I chatty  : uid=1000(system) com.android.settings expire 1 line
06-05 08:36:22.516  1713  1713 I chatty  : uid=1000(system) com.android.systemui expire 1 line
06-05 08:36:22.736  2081  9096 I chatty  : uid=1000(system) com.android.settings expire 1 line
06-05 08:36:22.860  2081  9102 I chatty  : uid=1000(system) com.android.settings expire 1 line
06-05 08:36:22.920  2081  9104 I chatty  : uid=1000(system) com.android.settings expire 1 line
06-05 08:36:23.224  1203  2995 I chatty  : uid=1000(system) UsbDebuggingMan expire 1 line
06-05 08:36:23.560  1203  1307 I chatty  : uid=1000(system) android.bg expire 1 line
06-05 08:36:25.082  1203  2431 I chatty  : uid=1000(system) Binder_10 expire 1 line
06-05 08:36:30.505  1203  2334 I chatty  : uid=1000(system) Binder_A expire 1 line
06-05 08:36:30.511  1203  2379 I chatty  : uid=1000(system) Binder_E expire 1 line
06-05 08:36:30.518  1203  2364 I chatty  : uid=1000(system) Binder_C expire 2 lines
06-05 08:36:34.424  1203  1600 I chatty  : uid=1000(system) AlarmManager expire 24 lines
06-05 08:37:01.729  1203  1613 I chatty  : uid=1000(system) ConnectivitySer expire 34 lines
06-05 08:37:25.282  1203  1872 I chatty  : uid=1000(system) Binder_5 expire 9 lines
06-05 08:37:25.308  1203  1731 I chatty  : uid=1000(system) Binder_3 expire 5 lines
06-05 08:37:25.558  9304  9304 I chatty  : uid=1000(system) com.miui.securitycenter expire 2 lines
06-05 08:37:25.579  9304  9326 I chatty  : uid=1000(system) com.miui.securitycenter expire 2 lines
06-05 08:37:25.597  1203  2350 I chatty  : uid=1000(system) Binder_B expire 8 lines
06-05 08:37:25.598  1203  1294 I chatty  : uid=1000(system) Binder_1 expire 10 lines
06-05 08:37:25.661  1203  2431 I chatty  : uid=1000(system) Binder_10 expire 8 lines
06-05 08:37:25.671  1203  2311 I chatty  : uid=1000(system) Binder_9 expire 14 lines
06-05 08:37:27.990  3008  3042 D DefContainer: Copying /data/local/tmp/app-debug.apk to base.apk
06-05 08:37:44.535  1203  1308 I chatty  : uid=1000(system) ActivityManager expire 4 lines
06-05 08:37:44.811  1203  1359 I chatty  : uid=1000(system) PackageManager expire 21 lines
06-05 08:37:45.774  1203  1203 I chatty  : uid=1000 system_server expire 1 line
06-05 08:37:45.937  1203  1619 I chatty  : uid=1000(system) LocationPolicy expire 1 line
06-05 08:37:46.128  1203  2244 I chatty  : uid=1000(system) Binder_8 expire 10 lines
06-05 08:37:46.461  1203  2379 I chatty  : uid=1000(system) Binder_E expire 7 lines
06-05 08:37:46.567  9381  9381 I chatty  : uid=1000(system) com.android.keychain expire 1 line
06-05 08:37:46.606  1203  1952 I chatty  : uid=1000(system) Binder_7 expire 5 lines
06-05 08:37:46.734  1203  2364 I chatty  : uid=1000(system) Binder_C expire 8 lines
06-05 08:37:47.436  1203  1295 I chatty  : uid=1000(system) Binder_2 expire 7 lines
06-05 08:37:48.129  1203  1743 I chatty  : uid=1000(system) Binder_4 expire 7 lines
06-05 08:38:02.291  1844  2009 I chatty  : uid=1000(system) TrafficManageSe expire 1 line
06-05 08:39:02.389  1203  2373 I chatty  : uid=1000(system) Binder_D expire 9 lines
06-05 08:39:02.394  1203  2424 I chatty  : uid=1000(system) Binder_F expire 13 lines
06-05 08:39:02.960  1203  2334 I chatty  : uid=1000(system) Binder_A expire 6 lines
06-05 08:39:03.009  1203  1917 I chatty  : uid=1000(system) Binder_6 expire 7 lines
06-05 08:44:38.033  1203  1307 I chatty  : uid=1000(system) android.bg expire 2 lines
06-05 08:44:44.097  1203  1312 I chatty  : uid=1000(system) android.fg expire 1 line
06-05 08:45:47.790  9422  9475 W ActivityThread: ClassLoader.loadClass: The class loader returned by Thread.getContextClassLoader() may fail for processes that host multiple applications. You should explicitly specify a context class loader. For example: Thread.setContextClassLoader(getClass().getClassLoader());
06-05 08:46:00.002  1203  1600 I chatty  : uid=1000(system) AlarmManager expire 74 lines
06-05 08:59:19.802  1203  1613 I chatty  : uid=1000(system) ConnectivitySer expire 11 lines
06-05 08:59:32.756  1203  1872 I chatty  : uid=1000(system) Binder_5 expire 8 lines
06-05 08:59:32.764  1203  2431 I chatty  : uid=1000(system) Binder_10 expire 6 lines
06-05 08:59:32.769  1203  1952 I chatty  : uid=1000(system) Binder_7 expire 9 lines
06-05 08:59:33.367  1203  2424 I chatty  : uid=1000(system) Binder_F expire 12 lines
06-05 08:59:33.391  1203  2311 I chatty  : uid=1000(system) Binder_9 expire 6 lines
06-05 08:59:33.406  1203  1295 I chatty  : uid=1000(system) Binder_2 expire 12 lines
06-05 08:59:33.447  1203  1743 I chatty  : uid=1000(system) Binder_4 expire 6 lines
06-05 09:00:28.895  1203  2244 I chatty  : uid=1000(system) Binder_8 expire 10 lines
06-05 09:00:54.098  1203  2350 I chatty  : uid=1000(system) Binder_B expire 4 lines
06-05 09:00:55.483  1203  1308 I chatty  : uid=1000(system) ActivityManager expire 3 lines
06-05 09:01:23.088  1203  2334 I chatty  : uid=1000(system) Binder_A expire 10 lines
06-05 09:04:04.025  1203  2373 I chatty  : uid=1000(system) Binder_D expire 12 lines
06-05 09:05:32.959  1203  1917 I chatty  : uid=1000(system) Binder_6 expire 10 lines
06-05 09:05:33.555  1203  2379 I chatty  : uid=1000(system) Binder_E expire 16 lines
06-05 09:05:33.571  1203  2364 I chatty  : uid=1000(system) Binder_C expire 11 lines
06-05 09:05:33.589  1203  1294 I chatty  : uid=1000(system) Binder_1 expire 5 lines
06-05 09:06:22.311  1203  1307 I chatty  : uid=1000(system) android.bg expire 2 lines
06-05 09:06:30.826  1203  1731 I chatty  : uid=1000(system) Binder_3 expire 14 lines
06-05 09:08:17.286  1844  2009 I chatty  : uid=1000(system) TrafficManageSe expire 1 line
06-05 09:14:44.090  1203  1312 I chatty  : uid=1000(system) android.fg expire 1 line
06-05 09:17:49.913  1203  1203 I chatty  : uid=1000 system_server expire 1 line
06-05 09:17:52.867 10146 10146 E ActivityThread: Failed to find provider info for metok
06-05 09:17:52.868 10146 10169 E ActivityThread: Failed to find provider info for metok
06-05 09:18:00.000  1203  1600 I chatty  : uid=1000(system) AlarmManager expire 39 lines
06-05 09:30:50.137  1203  1613 I chatty  : uid=1000(system) ConnectivitySer expire 1 line
06-05 09:30:50.208  2081  2081 I chatty  : uid=1000(system) com.android.settings expire 1 line
06-05 09:35:30.238  1203  2334 I chatty  : uid=1000(system) Binder_A expire 10 lines
06-05 09:35:55.012  1203  2424 I chatty  : uid=1000(system) Binder_F expire 19 lines
06-05 09:35:55.140  1203  2311 I chatty  : uid=1000(system) Binder_9 expire 12 lines
06-05 09:35:59.999  1203  1600 I chatty  : uid=1000(system) AlarmManager expire 71 lines
06-05 09:36:17.171  1203  2373 I chatty  : uid=1000(system) Binder_D expire 8 lines
06-05 09:36:17.193  1203  2364 I chatty  : uid=1000(system) Binder_C expire 15 lines
06-05 09:36:17.784  1203  1294 I chatty  : uid=1000(system) Binder_1 expire 8 lines
06-05 09:36:17.788  1203  2379 I chatty  : uid=1000(system) Binder_E expire 14 lines
06-05 09:36:17.805  1203  2244 I chatty  : uid=1000(system) Binder_8 expire 11 lines
06-05 09:36:17.818  1203  1917 I chatty  : uid=1000(system) Binder_6 expire 7 lines
06-05 09:36:24.134  1203  1952 I chatty  : uid=1000(system) Binder_7 expire 8 lines
06-05 09:36:43.442  1203  1295 I chatty  : uid=1000(system) Binder_2 expire 9 lines
06-05 09:36:44.759  1203  1731 I chatty  : uid=1000(system) Binder_3 expire 14 lines
06-05 09:36:52.587  1203  1308 I chatty  : uid=1000(system) ActivityManager expire 4 lines
06-05 09:37:00.171  1203  1743 I chatty  : uid=1000(system) Binder_4 expire 12 lines
06-05 09:37:00.219  1203  1613 I chatty  : uid=1000(system) ConnectivitySer expire 2 lines
06-05 09:37:49.457  1844  2009 I chatty  : uid=1000(system) TrafficManageSe expire 1 line
06-05 09:40:55.160  1203  2431 I chatty  : uid=1000(system) Binder_10 expire 11 lines
06-05 09:42:30.731  1203  2350 I chatty  : uid=1000(system) Binder_B expire 11 lines
06-05 09:44:44.094  1203  1312 I chatty  : uid=1000(system) android.fg expire 1 line
06-05 09:51:16.582  1203  1872 I chatty  : uid=1000(system) Binder_5 expire 12 lines
06-05 10:06:59.999  1203  1600 I chatty  : uid=1000(system) AlarmManager expire 89 lines
06-05 10:07:49.325  1203  1731 I chatty  : uid=1000(system) Binder_3 expire 10 lines
06-05 10:07:49.336  1203  1294 I chatty  : uid=1000(system) Binder_1 expire 7 lines
06-05 10:07:49.509  1844  2009 I chatty  : uid=1000(system) TrafficManageSe expire 2 lines
06-05 10:08:49.512  1203  2364 I chatty  : uid=1000(system) Binder_C expire 11 lines
06-05 10:08:49.519  1203  1952 I chatty  : uid=1000(system) Binder_7 expire 11 lines
06-05 10:08:49.525  1203  1743 I chatty  : uid=1000(system) Binder_4 expire 13 lines
06-05 10:08:50.116  1203  2424 I chatty  : uid=1000(system) Binder_F expire 20 lines
06-05 10:08:50.140  1203  2379 I chatty  : uid=1000(system) Binder_E expire 6 lines
06-05 10:10:31.604  1203  2334 I chatty  : uid=1000(system) Binder_A expire 12 lines
06-05 10:10:56.054  1203  1295 I chatty  : uid=1000(system) Binder_2 expire 8 lines
06-05 10:12:31.037  1203  2244 I chatty  : uid=1000(system) Binder_8 expire 15 lines
06-05 10:14:44.094  1203  1312 I chatty  : uid=1000(system) android.fg expire 1 line
06-05 10:14:50.208  1203  2431 I chatty  : uid=1000(system) Binder_10 expire 12 lines
06-05 10:15:44.760  1203  2311 I chatty  : uid=1000(system) Binder_9 expire 8 lines
06-05 10:19:06.989  1203  2373 I chatty  : uid=1000(system) Binder_D expire 4 lines
06-05 10:20:56.477  1203  1917 I chatty  : uid=1000(system) Binder_6 expire 11 lines
06-05 10:21:26.300  1203  2350 I chatty  : uid=1000(system) Binder_B expire 4 lines
06-05 10:25:38.229  1203  1308 I chatty  : uid=1000(system) ActivityManager expire 2 lines
06-05 10:30:50.189  1203  1613 I chatty  : uid=1000(system) ConnectivitySer expire 2 lines
06-05 10:30:50.271  2081  2081 I chatty  : uid=1000(system) com.android.settings expire 1 line
06-05 10:36:19.858  1203  1307 I chatty  : uid=1000(system) android.bg expire 1 line
06-05 10:44:00.000  1203  1600 V AlarmManager: waited for alarm...
06-05 10:44:08.071  1203  2334 E KernelCpuSpeedReader: Failed to read cpu-freq: /sys/devices/system/cpu/cpu0/cpufreq/stats/time_in_state: open failed: ENOENT (No such file or directory)
06-05 10:44:44.093  1203  1312 E KernelCpuSpeedReader: Failed to read cpu-freq: /sys/devices/system/cpu/cpu0/cpufreq/stats/time_in_state: open failed: ENOENT (No such file or directory)
06-05 10:44:57.697  1203  1600 V AlarmManager: waited for alarm...
06-05 10:44:59.999  1203  1600 V AlarmManager: waited for alarm...
06-05 10:45:33.087  1203  1917 E KernelCpuSpeedReader: Failed to read cpu-freq: /sys/devices/system/cpu/cpu0/cpufreq/stats/time_in_state: open failed: ENOENT (No such file or directory)
06-05 10:45:44.971  1203  1295 E KernelCpuSpeedReader: Failed to read cpu-freq: /sys/devices/system/cpu/cpu0/cpufreq/stats/time_in_state: open failed: ENOENT (No such file or directory)
06-05 10:45:57.101  1203  1731 E KernelCpuSpeedReader: Failed to read cpu-freq: /sys/devices/system/cpu/cpu0/cpufreq/stats/time_in_state: open failed: ENOENT (No such file or directory)
06-05 10:45:57.231  1203  1295 E KernelCpuSpeedReader: Failed to read cpu-freq: /sys/devices/system/cpu/cpu0/cpufreq/stats/time_in_state: open failed: ENOENT (No such file or directory)
06-05 10:45:59.999  1203  1600 V AlarmManager: waited for alarm...
06-05 10:46:17.098  1203  1600 V AlarmManager: waited for alarm...
06-05 10:46:17.118  1203  2350 D WifiService: acquireWifiLockLocked: WifiLock{NlpWifiLock type=2 binder=android.os.BinderProxy@d40b65}
06-05 10:46:17.128  1203  1295 D WifiService: acquireWifiLockLocked: WifiLock{NlpWifiLock type=2 binder=android.os.BinderProxy@7ef8e1}
06-05 10:46:17.138  1203  2373 D WifiService: releaseWifiLockLocked: WifiLock{NlpWifiLock type=2 binder=android.os.BinderProxy@d40b65}
06-05 10:46:17.200  1203  1294 D WifiService: acquireWifiLockLocked: WifiLock{NlpWifiLock type=2 binder=android.os.BinderProxy@d7797d5}
06-05 10:46:17.203  1203  2424 D WifiService: acquireWifiLockLocked: WifiLock{NlpWifiLock type=2 binder=android.os.BinderProxy@fecbbea}
06-05 10:46:17.722  1203  1872 D WifiService: acquireWifiLockLocked: WifiLock{NlpWifiLock type=2 binder=android.os.BinderProxy@4a6dc51}
06-05 10:46:17.731  1203  2364 D WifiService: releaseWifiLockLocked: WifiLock{NlpWifiLock type=2 binder=android.os.BinderProxy@4a6dc51}
06-05 10:46:17.735  1203  1295 D WifiService: acquireWifiLockLocked: WifiLock{NlpWifiLock type=2 binder=android.os.BinderProxy@4a6dc51}
06-05 10:46:17.748  1203  1600 V AlarmManager: waited for alarm...
06-05 10:46:17.749  1203  2364 D WifiService: releaseWifiLockLocked: WifiLock{NlpWifiLock type=2 binder=android.os.BinderProxy@4a6dc51}
06-05 10:46:17.752  1203  1294 D WifiService: acquireWifiLockLocked: WifiLock{NlpWifiLock type=2 binder=android.os.BinderProxy@4a6dc51}
06-05 10:46:17.762  1203  2334 D WifiService: releaseWifiLockLocked: WifiLock{NlpWifiLock type=2 binder=android.os.BinderProxy@4a6dc51}
06-05 10:46:17.792  1203  2379 D WifiService: releaseWifiLockLocked: WifiLock{NlpWifiLock type=2 binder=android.os.BinderProxy@7ef8e1}
06-05 10:46:19.202  1203  2311 D WifiService: releaseWifiLockLocked: WifiLock{NlpWifiLock type=2 binder=android.os.BinderProxy@fecbbea}
06-05 10:46:19.209  1203  1731 D WifiService: releaseWifiLockLocked: WifiLock{NlpWifiLock type=2 binder=android.os.BinderProxy@d7797d5}
06-05 10:46:26.340  1203  2350 E KernelCpuSpeedReader: Failed to read cpu-freq: /sys/devices/system/cpu/cpu0/cpufreq/stats/time_in_state: open failed: ENOENT (No such file or directory)
06-05 10:47:00.001  1203  1600 V AlarmManager: waited for alarm...
06-05 10:47:02.485  1203  1600 V AlarmManager: waited for alarm...
06-05 10:47:49.301  1203  1600 V AlarmManager: waited for alarm...
06-05 10:48:00.000  1203  1600 V AlarmManager: waited for alarm...
06-05 10:48:30.873  1203  2334 D WifiService: acquireWifiLockLocked: WifiLock{NlpWifiLock type=2 binder=android.os.BinderProxy@d40b65}
06-05 10:48:30.886  1203  1917 D WifiService: releaseWifiLockLocked: WifiLock{NlpWifiLock type=2 binder=android.os.BinderProxy@d40b65}
06-05 10:48:30.909  1203  2350 D WifiService: acquireWifiLockLocked: WifiLock{NlpWifiLock type=2 binder=android.os.BinderProxy@4a6dc51}
06-05 10:48:30.918  1203  2373 D WifiService: releaseWifiLockLocked: WifiLock{NlpWifiLock type=2 binder=android.os.BinderProxy@4a6dc51}
06-05 10:48:37.173  1203  1600 V AlarmManager: waited for alarm...
06-05 10:48:49.611  1203  1600 V AlarmManager: waited for alarm...
06-05 10:49:00.001  1203  1600 V AlarmManager: waited for alarm...
06-05 10:49:08.279  1203  1294 E KernelCpuSpeedReader: Failed to read cpu-freq: /sys/devices/system/cpu/cpu0/cpufreq/stats/time_in_state: open failed: ENOENT (No such file or directory)
06-05 10:49:49.743  1203  1600 V AlarmManager: waited for alarm...
06-05 10:49:59.999  1203  1600 V AlarmManager: waited for alarm...
06-05 10:50:33.282  1203  2244 E KernelCpuSpeedReader: Failed to read cpu-freq: /sys/devices/system/cpu/cpu0/cpufreq/stats/time_in_state: open failed: ENOENT (No such file or directory)
06-05 10:50:49.851  1203  1600 V AlarmManager: waited for alarm...
06-05 10:50:57.255  1203  1872 E KernelCpuSpeedReader: Failed to read cpu-freq: /sys/devices/system/cpu/cpu0/cpufreq/stats/time_in_state: open failed: ENOENT (No such file or directory)
06-05 10:50:57.379  1203  2379 E KernelCpuSpeedReader: Failed to read cpu-freq: /sys/devices/system/cpu/cpu0/cpufreq/stats/time_in_state: open failed: ENOENT (No such file or directory)
06-05 10:51:00.000  1203  1600 V AlarmManager: waited for alarm...
06-05 10:51:26.497  1203  2364 E KernelCpuSpeedReader: Failed to read cpu-freq: /sys/devices/system/cpu/cpu0/cpufreq/stats/time_in_state: open failed: ENOENT (No such file or directory)
06-05 10:52:00.002  1203  1600 V AlarmManager: waited for alarm...
06-05 10:52:02.484  1203  1600 V AlarmManager: waited for alarm...
06-05 10:52:17.791  1203  1600 V AlarmManager: waited for alarm...
06-05 10:52:32.600  1203  1600 V AlarmManager: waited for alarm...
06-05 10:52:32.630  1203  2373 D WifiService: acquireWifiLockLocked: WifiLock{NlpWifiLock type=2 binder=android.os.BinderProxy@514ab2}
06-05 10:52:32.645  1203  1952 D WifiService: acquireWifiLockLocked: WifiLock{NlpWifiLock type=2 binder=android.os.BinderProxy@c055ffe}
06-05 10:52:32.648  1203  2424 D WifiService: releaseWifiLockLocked: WifiLock{NlpWifiLock type=2 binder=android.os.BinderProxy@514ab2}
06-05 10:52:33.223  1203  2424 D WifiService: acquireWifiLockLocked: WifiLock{NlpWifiLock type=2 binder=android.os.BinderProxy@c4c6f57}
06-05 10:52:33.231  1203  2350 D WifiService: releaseWifiLockLocked: WifiLock{NlpWifiLock type=2 binder=android.os.BinderProxy@c4c6f57}
06-05 10:52:33.232  1203  2431 D WifiService: acquireWifiLockLocked: WifiLock{NlpWifiLock type=2 binder=android.os.BinderProxy@c4c6f57}
06-05 10:52:33.239  1203  1295 D WifiService: releaseWifiLockLocked: WifiLock{NlpWifiLock type=2 binder=android.os.BinderProxy@c4c6f57}
06-05 10:52:33.245  1203  2379 D WifiService: acquireWifiLockLocked: WifiLock{NlpWifiLock type=2 binder=android.os.BinderProxy@c4c6f57}
06-05 10:52:33.254  1203  2424 D WifiService: releaseWifiLockLocked: WifiLock{NlpWifiLock type=2 binder=android.os.BinderProxy@c4c6f57}
06-05 10:52:33.259  1203  1872 D WifiService: acquireWifiLockLocked: WifiLock{NlpWifiLock type=2 binder=android.os.BinderProxy@c4c6f57}
06-05 10:52:33.268  1203  2244 D WifiService: releaseWifiLockLocked: WifiLock{NlpWifiLock type=2 binder=android.os.BinderProxy@c4c6f57}
06-05 10:52:33.280  1203  1743 D WifiService: releaseWifiLockLocked: WifiLock{NlpWifiLock type=2 binder=android.os.BinderProxy@c055ffe}
06-05 10:53:00.000  1203  1600 V AlarmManager: waited for alarm...
06-05 10:53:32.721  1203  1600 V AlarmManager: waited for alarm...
06-05 10:54:00.002  1203  1600 V AlarmManager: waited for alarm...
06-05 10:54:08.454  1203  2424 E KernelCpuSpeedReader: Failed to read cpu-freq: /sys/devices/system/cpu/cpu0/cpufreq/stats/time_in_state: open failed: ENOENT (No such file or directory)
06-05 10:54:30.968  1203  1731 D WifiService: acquireWifiLockLocked: WifiLock{NlpWifiLock type=2 binder=android.os.BinderProxy@514ab2}
06-05 10:54:30.970  1203  1917 D WifiService: releaseWifiLockLocked: WifiLock{NlpWifiLock type=2 binder=android.os.BinderProxy@514ab2}
06-05 10:54:30.980  1203  2350 D WifiService: acquireWifiLockLocked: WifiLock{NlpWifiLock type=2 binder=android.os.BinderProxy@c4c6f57}
06-05 10:54:30.991  1203  1295 D WifiService: releaseWifiLockLocked: WifiLock{NlpWifiLock type=2 binder=android.os.BinderProxy@c4c6f57}
06-05 10:54:32.858  1203  1600 V AlarmManager: waited for alarm...
06-05 10:55:00.000  1203  1600 V AlarmManager: waited for alarm...
06-05 10:55:32.967  1203  1600 V AlarmManager: waited for alarm...
06-05 10:55:33.494  1203  2431 E KernelCpuSpeedReader: Failed to read cpu-freq: /sys/devices/system/cpu/cpu0/cpufreq/stats/time_in_state: open failed: ENOENT (No such file or directory)
06-05 10:55:38.855  1203  1600 V AlarmManager: waited for alarm...
06-05 10:55:38.869  1203  1308 I ProcessStatsService: Prepared write state in 5ms
