06-04 22:36:45.499  1203  1294 I chatty  : uid=1000(system) Binder_1 expire 9 lines
06-04 22:36:45.507  1203  1917 I chatty  : uid=1000(system) Binder_6 expire 5 lines
06-04 22:36:45.508  1203  1743 I chatty  : uid=1000(system) Binder_4 expire 5 lines
06-04 22:36:45.544  1203  2350 I chatty  : uid=1000(system) Binder_B expire 11 lines
06-04 22:36:45.545  1203  1872 I chatty  : uid=1000(system) Binder_5 expire 6 lines
06-04 22:36:45.548  2321  2903 I chatty  : uid=1000(system) Binder_3 expire 3 lines
06-04 22:36:45.679  1203  1203 I chatty  : uid=1000 system_server expire 9 lines
06-04 22:36:45.681  1203  1612 I chatty  : uid=1000(system) WifiService expire 2 lines
06-04 22:36:45.787  1203  1312 I chatty  : uid=1000(system) android.fg expire 1 line
06-04 22:36:45.818  1203  2373 I chatty  : uid=1000(system) Binder_D expire 4 lines
06-04 22:36:46.520  1203  1308 I chatty  : uid=1000(system) ActivityManager expire 9 lines
06-04 22:37:06.071 10348 10373 W PackageParser: Unknown element under <service>: permission at /data/user/0/com.miui.systemAdSolution/app_analytics/analytics.apk Binary XML file line #114
06-04 22:37:27.244  1844  2009 I chatty  : uid=1000(system) TrafficManageSe expire 2 lines
06-04 22:38:06.834 10434 10434 I chatty  : uid=1000(system) com.android.settings expire 1 line
06-04 22:38:29.587  1203  2334 I chatty  : uid=1000(system) Binder_A expire 5 lines
06-04 22:40:58.360  1203  1307 I chatty  : uid=1000(system) android.bg expire 1 line
06-04 22:41:38.018  1203  1601 I chatty  : uid=1000(system) InputDispatcher expire 4 lines
06-04 22:41:41.484  1203  1359 I chatty  : uid=1000(system) PackageManager expire 24 lines
06-04 22:41:42.448  1203  1619 I chatty  : uid=1000(system) LocationPolicy expire 3 lines
06-04 22:41:42.623  1203  2311 I chatty  : uid=1000(system) Binder_9 expire 4 lines
06-04 22:41:42.693 10737 10737 I chatty  : uid=1000(system) com.android.keychain expire 1 line
06-04 22:42:04.502 10991 10991 I chatty  : uid=1000(system) com.miui.securitycenter expire 2 lines
06-04 22:42:04.520 10991 11012 I chatty  : uid=1000(system) com.miui.securitycenter expire 2 lines
06-04 22:42:06.769  3008  5546 D DefContainer: Copying /data/local/tmp/app-debug.apk to base.apk
06-04 22:42:14.482  1203  1600 I chatty  : uid=1000(system) AlarmManager expire 4 lines
06-04 22:42:25.104  1203  2244 I chatty  : uid=1000(system) Binder_8 expire 2 lines
06-04 22:42:25.329  1203  1952 I chatty  : uid=1000(system) Binder_7 expire 2 lines
06-04 22:42:26.122  1203  2350 I chatty  : uid=1000(system) Binder_B expire 1 line
06-04 22:43:12.872 11281 11281 D ActivityThread: Loading provider com.whatsapp.provider.contact: com.whatsapp.contact.ContactProvider
06-04 22:43:16.178  1203  1613 I chatty  : uid=1000(system) ConnectivitySer expire 9 lines
06-04 22:43:31.246 10434 10455 I chatty  : uid=1000(system) com.android.settings expire 1 line
06-04 22:44:00.000  1203  1600 I chatty  : uid=1000(system) AlarmManager expire 47 lines
06-04 22:44:00.097  1203  1872 I chatty  : uid=1000(system) Binder_5 expire 9 lines
06-04 22:44:25.602  1203  1613 I chatty  : uid=1000(system) ConnectivitySer expire 32 lines
06-04 22:44:29.559  1203  1917 I chatty  : uid=1000(system) Binder_6 expire 9 lines
06-04 22:44:29.567  1203  2431 I chatty  : uid=1000(system) Binder_10 expire 9 lines
06-04 22:44:29.570 10434 10434 I chatty  : uid=1000(system) com.android.settings expire 2 lines
06-04 22:44:29.597  1203  1743 I chatty  : uid=1000(system) Binder_4 expire 8 lines
06-04 22:44:29.607  1203  2334 I chatty  : uid=1000(system) Binder_A expire 3 lines
06-04 22:44:29.616  1203  2244 I chatty  : uid=1000(system) Binder_8 expire 6 lines
06-04 22:44:30.410  1203  1952 I chatty  : uid=1000(system) Binder_7 expire 8 lines
06-04 22:44:34.593  1203  1612 I chatty  : uid=1000(system) WifiService expire 2 lines
06-04 22:44:53.513  1203  2424 I chatty  : uid=1000(system) Binder_F expire 10 lines
06-04 22:44:54.096  1203  2311 I chatty  : uid=1000(system) Binder_9 expire 6 lines
06-04 22:44:54.103  1203  2364 I chatty  : uid=1000(system) Binder_C expire 9 lines
06-04 22:44:54.114  1203  2373 I chatty  : uid=1000(system) Binder_D expire 7 lines
06-04 22:44:54.120  1203  1294 I chatty  : uid=1000(system) Binder_1 expire 3 lines
06-04 22:44:54.125  1203  1295 I chatty  : uid=1000(system) Binder_2 expire 9 lines
06-04 22:45:09.629  1203  1604 I chatty  : uid=1000(system) VoldConnector expire 3 lines
06-04 22:45:14.193  1203  1308 I chatty  : uid=1000(system) ActivityManager expire 8 lines
06-04 22:45:16.587   372   390 D vold    : Remounting 10490 as mode read
06-04 22:45:16.603  1203  2379 I chatty  : uid=1000(system) Binder_E expire 6 lines
06-04 22:45:16.617   372   390 D vold    : Found matching PID 11131
06-04 22:45:16.682   372   390 D vold    : Remounting 10490 as mode write
06-04 22:45:16.699   372   390 D vold    : Found matching PID 11131
06-04 22:45:16.715  1203  1731 I chatty  : uid=1000(system) Binder_3 expire 6 lines
06-04 22:50:29.213  1203  2350 I chatty  : uid=1000(system) Binder_B expire 6 lines
06-04 22:53:15.745  1203  1601 I chatty  : uid=1000(system) InputDispatcher expire 2 lines
06-04 22:53:19.311  1203  1359 I chatty  : uid=1000(system) PackageManager expire 23 lines
06-04 22:53:20.381  1203  1619 I chatty  : uid=1000(system) LocationPolicy expire 3 lines
06-04 22:53:20.432  1203  1203 I chatty  : uid=1000 system_server expire 3 lines
06-04 22:53:20.466  1844  2009 I chatty  : uid=1000(system) TrafficManageSe expire 1 line
06-04 22:53:20.543 12392 12392 I chatty  : uid=1000(system) com.android.keychain expire 1 line
06-04 23:01:38.026  1203  1307 I chatty  : uid=1000(system) android.bg expire 1 line
06-04 23:02:23.245 12642 12642 I chatty  : uid=1000(system) com.miui.securitycenter expire 2 lines
06-04 23:02:23.266 12642 12663 I chatty  : uid=1000(system) com.miui.securitycenter expire 2 lines
06-04 23:02:25.194  3008  5546 D DefContainer: Copying /data/local/tmp/app-debug.apk to base.apk
06-04 23:02:32.257  1203  1600 I chatty  : uid=1000(system) AlarmManager expire 1 line
06-04 23:02:32.560  1203  1613 I chatty  : uid=1000(system) ConnectivitySer expire 10 lines
06-04 23:02:41.592  1203  2334 I chatty  : uid=1000(system) Binder_A expire 13 lines
06-04 23:02:41.829  1203  1203 I chatty  : uid=1000 system_server expire 10 lines
06-04 23:02:41.872  1203  1294 I chatty  : uid=1000(system) Binder_1 expire 14 lines
06-04 23:02:41.980  1203  2431 I chatty  : uid=1000(system) Binder_10 expire 11 lines
06-04 23:02:42.103  1203  1952 I chatty  : uid=1000(system) Binder_7 expire 15 lines
06-04 23:02:42.726  1203  2244 I chatty  : uid=1000(system) Binder_8 expire 8 lines
06-04 23:02:42.735  1203  1359 I chatty  : uid=1000(system) PackageManager expire 1 line
06-04 23:02:43.517  1203  1295 I chatty  : uid=1000(system) Binder_2 expire 10 lines
06-04 23:02:43.586  1203  2311 I chatty  : uid=1000(system) Binder_9 expire 11 lines
06-04 23:02:44.495  1203  2373 I chatty  : uid=1000(system) Binder_D expire 10 lines
06-04 23:02:56.975  1203  1600 I chatty  : uid=1000(system) AlarmManager expire 10 lines
06-04 23:03:09.342  1203  1917 I chatty  : uid=1000(system) Binder_6 expire 10 lines
06-04 23:03:47.393 10434 10455 I chatty  : uid=1000(system) com.android.settings expire 1 line
06-04 23:03:59.990  1203  2379 I chatty  : uid=1000(system) Binder_E expire 8 lines
06-04 23:04:00.564  1203  1872 I chatty  : uid=1000(system) Binder_5 expire 11 lines
06-04 23:04:00.573  1203  2424 I chatty  : uid=1000(system) Binder_F expire 10 lines
06-04 23:04:00.581  1203  1743 I chatty  : uid=1000(system) Binder_4 expire 8 lines
06-04 23:04:00.728  1203  2350 I chatty  : uid=1000(system) Binder_B expire 5 lines
06-04 23:04:04.084  1203  2364 I chatty  : uid=1000(system) Binder_C expire 12 lines
06-04 23:04:12.315  1203  1604 I chatty  : uid=1000(system) VoldConnector expire 3 lines
06-04 23:04:15.301  1203  1731 I chatty  : uid=1000(system) Binder_3 expire 7 lines
06-04 23:04:16.857  1203  1308 I chatty  : uid=1000(system) ActivityManager expire 10 lines
06-04 23:04:19.898   372   390 D vold    : Remounting 10491 as mode read
06-04 23:04:19.945   372   390 D vold    : Found matching PID 12777
06-04 23:04:20.080   372   390 D vold    : Remounting 10491 as mode write
06-04 23:04:20.093   372   390 D vold    : Found matching PID 12777
06-04 23:04:20.108  1203  2311 I chatty  : uid=1000(system) Binder_9 expire 4 lines
06-04 23:05:11.486  1203  1601 I chatty  : uid=1000(system) InputDispatcher expire 6 lines
06-04 23:05:33.383  1713  1769 I chatty  : uid=1000(system) local_job_dispa expire 2 lines
06-04 23:05:34.812  2321  2338 I chatty  : uid=1000(system) Binder_1 expire 1 line
06-04 23:05:34.968  1203  1612 I chatty  : uid=1000(system) WifiService expire 2 lines
06-04 23:06:05.386 13464 13488 W PackageParser: Unknown element under <service>: permission at /data/user/0/com.miui.systemAdSolution/app_analytics/analytics.apk Binary XML file line #114
06-04 23:06:27.743  1203  2373 I chatty  : uid=1000(system) Binder_D expire 4 lines
06-04 23:06:32.412  1203  2334 I chatty  : uid=1000(system) Binder_A expire 2 lines
06-04 23:06:32.429  1203  1295 I chatty  : uid=1000(system) Binder_2 expire 4 lines
06-04 23:06:32.468  1203  2424 I chatty  : uid=1000(system) Binder_F expire 3 lines
06-04 23:06:32.474  1203  1294 I chatty  : uid=1000(system) Binder_1 expire 5 lines
06-04 23:06:32.490  1203  2364 I chatty  : uid=1000(system) Binder_C expire 6 lines
06-04 23:06:32.500  1203  1952 I chatty  : uid=1000(system) Binder_7 expire 3 lines
06-04 23:06:32.523  2321  2998 I chatty  : uid=1000(system) Binder_6 expire 1 line
06-04 23:06:42.905 13620 13642 W PackageParser: Unknown element under <service>: permission at /data/user/0/com.miui.systemAdSolution/app_analytics/analytics.apk Binary XML file line #114
06-04 23:06:46.113 13678 13678 I chatty  : uid=1000(system) com.android.settings expire 1 line
06-04 23:06:59.999  1203  1600 I chatty  : uid=1000(system) AlarmManager expire 17 lines
06-04 23:07:25.546  1203  1952 I chatty  : uid=1000(system) Binder_7 expire 7 lines
06-04 23:07:25.576  1203  2431 I chatty  : uid=1000(system) Binder_10 expire 7 lines
06-04 23:07:29.020  1203  1731 I chatty  : uid=1000(system) Binder_3 expire 4 lines
06-04 23:07:31.747  1203  1743 I chatty  : uid=1000(system) Binder_4 expire 16 lines
06-04 23:07:34.598  1203  2379 I chatty  : uid=1000(system) Binder_E expire 10 lines
06-04 23:07:35.596  1203  1601 I chatty  : uid=1000(system) InputDispatcher expire 7 lines
06-04 23:07:37.042  1713  1769 I chatty  : uid=1000(system) local_job_dispa expire 3 lines
06-04 23:07:38.692  1203  1294 I chatty  : uid=1000(system) Binder_1 expire 18 lines
06-04 23:07:43.002  1844  2009 I chatty  : uid=1000(system) TrafficManageSe expire 1 line
06-04 23:08:05.793  1203  1308 I chatty  : uid=1000(system) ActivityManager expire 7 lines
06-04 23:08:26.902  1203  2334 I chatty  : uid=1000(system) Binder_A expire 17 lines
06-04 23:08:29.780  1203  2350 I chatty  : uid=1000(system) Binder_B expire 15 lines
06-04 23:08:29.791  1203  2424 I chatty  : uid=1000(system) Binder_F expire 11 lines
06-04 23:08:29.800  1203  1872 I chatty  : uid=1000(system) Binder_5 expire 9 lines
06-04 23:08:29.809  1203  2364 I chatty  : uid=1000(system) Binder_C expire 9 lines
06-04 23:08:29.814  1203  2373 I chatty  : uid=1000(system) Binder_D expire 11 lines
06-04 23:08:29.831  1203  2244 I chatty  : uid=1000(system) Binder_8 expire 14 lines
06-04 23:08:29.840  1203  1295 I chatty  : uid=1000(system) Binder_2 expire 16 lines
06-04 23:08:29.841  1203  1917 I chatty  : uid=1000(system) Binder_6 expire 6 lines
06-04 23:08:29.863  2321  2998 I chatty  : uid=1000(system) Binder_6 expire 1 line
06-04 23:08:29.999  1203  1612 I chatty  : uid=1000(system) WifiService expire 4 lines
06-04 23:08:30.000  1203  1203 I chatty  : uid=1000 system_server expire 5 lines
06-04 23:08:30.106  1203  1613 I chatty  : uid=1000(system) ConnectivitySer expire 19 lines
06-04 23:08:37.617 14254 14254 I chatty  : uid=1000(system) com.android.settings expire 6 lines
06-04 23:08:40.434 14282 14310 W PackageParser: Unknown element under <service>: permission at /data/user/0/com.miui.systemAdSolution/app_analytics/analytics.apk Binary XML file line #114
06-04 23:09:01.648  1203  2311 I chatty  : uid=1000(system) Binder_9 expire 8 lines
06-04 23:09:03.033 14398 14398 I chatty  : uid=1000(system) com.miui.securitycenter expire 2 lines
06-04 23:09:03.057 14398 14418 I chatty  : uid=1000(system) com.miui.securitycenter expire 2 lines
06-04 23:09:04.025 14398 14435 I chatty  : uid=1000(system) com.miui.securitycenter expire 1 line
06-04 23:09:07.406 14398 14467 I chatty  : uid=1000(system) com.miui.securitycenter expire 1 line
06-04 23:10:55.843 14254 14787 I chatty  : uid=1000(system) com.android.settings expire 1 line
06-04 23:11:55.741 14254 14852 I chatty  : uid=1000(system) com.google.android.googlequicksearchbox:search expire 1 line
06-04 23:12:53.769  2321  2942 I chatty  : uid=1000(system) Binder_4 expire 1 line
06-04 23:12:53.857  1203  1203 I chatty  : uid=1000 system_server expire 7 lines
06-04 23:12:53.876  1203  1952 I chatty  : uid=1000(system) Binder_7 expire 11 lines
06-04 23:12:53.890  1203  1872 I chatty  : uid=1000(system) Binder_5 expire 9 lines
06-04 23:12:53.896  1203  2311 I chatty  : uid=1000(system) Binder_9 expire 5 lines
06-04 23:12:53.899  1203  2334 I chatty  : uid=1000(system) Binder_A expire 12 lines
06-04 23:12:53.901  1203  1731 I chatty  : uid=1000(system) Binder_3 expire 12 lines
06-04 23:12:53.917  1203  2350 I chatty  : uid=1000(system) Binder_B expire 13 lines
06-04 23:12:53.922  1203  2373 I chatty  : uid=1000(system) Binder_D expire 10 lines
06-04 23:12:53.925  1203  2379 I chatty  : uid=1000(system) Binder_E expire 9 lines
06-04 23:12:53.931  1203  1612 I chatty  : uid=1000(system) WifiService expire 3 lines
06-04 23:12:53.932  1203  2364 I chatty  : uid=1000(system) Binder_C expire 7 lines
06-04 23:12:53.957  1203  2431 I chatty  : uid=1000(system) Binder_10 expire 5 lines
06-04 23:12:54.020  1203  1295 I chatty  : uid=1000(system) Binder_2 expire 9 lines
06-04 23:12:54.020  1203  1294 I chatty  : uid=1000(system) Binder_1 expire 11 lines
06-04 23:12:54.021  1203  1613 I chatty  : uid=1000(system) ConnectivitySer expire 11 lines
06-04 23:12:54.720  1203  1308 I chatty  : uid=1000(system) ActivityManager expire 12 lines
06-04 23:12:55.499  1203  2424 I chatty  : uid=1000(system) Binder_F expire 9 lines
06-04 23:13:00.002  1203  1600 I chatty  : uid=1000(system) AlarmManager expire 10 lines
06-04 23:13:01.280  1203  1743 I chatty  : uid=1000(system) Binder_4 expire 6 lines
06-04 23:13:11.577 15274 15274 D ActivityThread: Loading provider com.whatsapp.provider.contact: com.whatsapp.contact.ContactProvider
06-04 23:13:14.042  1203  2244 I chatty  : uid=1000(system) Binder_8 expire 7 lines
06-04 23:13:14.304 15375 15402 W PackageParser: Unknown element under <service>: permission at /data/user/0/com.miui.systemAdSolution/app_analytics/analytics.apk Binary XML file line #114
06-04 23:13:28.204 15525 15525 I chatty  : uid=1000(system) com.miui.bugreport:remote expire 2 lines
06-04 23:13:32.834  1203  1309 I chatty  : uid=1000(system) android.ui expire 1 line
06-04 23:13:33.141 15672 15672 I chatty  : uid=1000(system) com.android.settings expire 1 line
06-04 23:13:35.712  1203  1601 I chatty  : uid=1000(system) InputDispatcher expire 12 lines
06-04 23:16:01.406  1203  1917 I chatty  : uid=1000(system) Binder_6 expire 8 lines
06-04 23:16:04.290 16089 16089 E ActivityThread: Failed to find provider info for metok
06-04 23:16:04.290 16089 16122 E ActivityThread: Failed to find provider info for metok
06-04 23:16:41.364  1713  1769 I chatty  : uid=1000(system) local_job_dispa expire 1 line
06-04 23:17:00.000  1203  1600 I chatty  : uid=1000(system) AlarmManager expire 29 lines
06-04 23:22:23.065  1203  1307 I chatty  : uid=1000(system) android.bg expire 1 line
06-04 23:29:18.094 16575 16575 I chatty  : uid=1000(system) com.miui.securitycenter expire 2 lines
06-04 23:29:18.114 16575 16598 I chatty  : uid=1000(system) com.miui.securitycenter expire 2 lines
06-04 23:29:20.309  3008  3028 D DefContainer: Copying /data/local/tmp/app-debug.apk to base.apk
06-04 23:29:32.515  1203  1600 I chatty  : uid=1000(system) AlarmManager expire 1 line
06-04 23:29:33.129  1203  2350 I chatty  : uid=1000(system) Binder_B expire 1 line
06-04 23:29:33.139  1203  2334 I chatty  : uid=1000(system) Binder_A expire 2 lines
06-04 23:29:36.171  1203  1359 I chatty  : uid=1000(system) PackageManager expire 10 lines
06-04 23:29:36.279  1203  1613 I chatty  : uid=1000(system) ConnectivitySer expire 15 lines
06-04 23:29:36.520  1203  1359 I chatty  : uid=1000(system) PackageManager expire 11 lines
06-04 23:29:37.127  1203  1203 I chatty  : uid=1000 system_server expire 11 lines
06-04 23:29:37.329  1203  1619 I chatty  : uid=1000(system) LocationPolicy expire 4 lines
06-04 23:29:37.430  1203  2311 I chatty  : uid=1000(system) Binder_9 expire 8 lines
06-04 23:29:37.620  1203  1295 I chatty  : uid=1000(system) Binder_2 expire 8 lines
06-04 23:29:37.690  1203  1743 I chatty  : uid=1000(system) Binder_4 expire 6 lines
06-04 23:29:37.727 16670 16670 I chatty  : uid=1000(system) GcoreGoogleApiC expire 1 line
06-04 23:29:37.729  1203  2379 I chatty  : uid=1000(system) Binder_E expire 7 lines
06-04 23:29:37.729  1203  1612 I chatty  : uid=1000(system) WifiService expire 3 lines
06-04 23:29:37.767  1203  2431 I chatty  : uid=1000(system) Binder_10 expire 10 lines
06-04 23:29:37.830  1203  2364 I chatty  : uid=1000(system) Binder_C expire 15 lines
06-04 23:29:38.232  1203  2350 I chatty  : uid=1000(system) Binder_B expire 8 lines
06-04 23:29:38.306  1203  2424 I chatty  : uid=1000(system) Binder_F expire 12 lines
06-04 23:29:38.439  1203  2334 I chatty  : uid=1000(system) Binder_A expire 13 lines
06-04 23:29:39.157  1203  1872 I chatty  : uid=1000(system) Binder_5 expire 9 lines
06-04 23:29:40.917  1203  2244 I chatty  : uid=1000(system) Binder_8 expire 9 lines
06-04 23:29:53.204  1203  1600 I chatty  : uid=1000(system) AlarmManager expire 10 lines
06-04 23:29:53.865  1203  1294 I chatty  : uid=1000(system) Binder_1 expire 17 lines
06-04 23:29:54.605  1203  1917 I chatty  : uid=1000(system) Binder_6 expire 7 lines
06-04 23:30:06.083  1203  2373 I chatty  : uid=1000(system) Binder_D expire 6 lines
06-04 23:32:55.199  1203  1952 I chatty  : uid=1000(system) Binder_7 expire 7 lines
06-04 23:32:55.932  1203  1601 I chatty  : uid=1000(system) InputDispatcher expire 2 lines
06-04 23:32:56.967  1713  1769 I chatty  : uid=1000(system) local_job_dispa expire 1 line
06-04 23:32:57.957  3008  3028 D DefContainer: Copying /data/local/tmp/app-debug.apk to base.apk
06-04 23:32:58.059  1203  1731 I chatty  : uid=1000(system) Binder_3 expire 10 lines
06-04 23:32:58.189  2321  2348 I chatty  : uid=1000(system) Binder_2 expire 2 lines
06-04 23:32:58.496  1203  1312 I chatty  : uid=1000(system) android.fg expire 1 line
06-04 23:32:59.999  1203  1600 I chatty  : uid=1000(system) AlarmManager expire 4 lines
06-04 23:33:01.495  1203  1309 I chatty  : uid=1000(system) android.ui expire 1 line
06-04 23:33:01.828 17403 17403 I chatty  : uid=1000(system) com.android.settings expire 1 line
06-04 23:33:06.830 17403 17427 I chatty  : uid=1000(system) com.android.settings expire 1 line
06-04 23:33:09.194  1203  1308 I chatty  : uid=1000(system) ActivityManager expire 5 lines
06-04 23:33:14.318  1203  1359 I chatty  : uid=1000(system) PackageManager expire 24 lines
06-04 23:33:16.472  1844  2009 I chatty  : uid=1000(system) TrafficManageSe expire 1 line
06-04 23:33:17.070 17521 17521 I chatty  : uid=1000(system) com.android.keychain expire 2 lines
06-04 23:33:28.420 17912 17935 W PackageParser: Unknown element under <service>: permission at /data/user/0/com.miui.systemAdSolution/app_analytics/analytics.apk Binary XML file line #114
06-04 23:33:28.701  1203  2364 I chatty  : uid=1000(system) Binder_C expire 1 line
06-04 23:33:29.593  1203  2334 I chatty  : uid=1000(system) Binder_A expire 15 lines
06-04 23:33:56.417  1203  2350 I chatty  : uid=1000(system) Binder_B expire 9 lines
06-04 23:34:00.000  1203  1600 I chatty  : uid=1000(system) AlarmManager expire 11 lines
06-04 23:34:09.193  1203  1308 I chatty  : uid=1000(system) ActivityManager expire 7 lines
06-04 23:35:32.560  1203  1743 I chatty  : uid=1000(system) Binder_4 expire 10 lines
06-04 23:35:32.569  1203  1917 I chatty  : uid=1000(system) Binder_6 expire 6 lines
06-04 23:35:32.575  1203  2373 I chatty  : uid=1000(system) Binder_D expire 9 lines
06-04 23:35:33.159  1203  1952 I chatty  : uid=1000(system) Binder_7 expire 16 lines
06-04 23:35:33.172  1203  1731 I chatty  : uid=1000(system) Binder_3 expire 7 lines
06-04 23:35:33.180  1203  2311 I chatty  : uid=1000(system) Binder_9 expire 8 lines
06-04 23:35:33.189  1203  2431 I chatty  : uid=1000(system) Binder_10 expire 8 lines
06-04 23:35:33.193  1203  1872 I chatty  : uid=1000(system) Binder_5 expire 9 lines
06-04 23:36:38.409  1203  2364 I chatty  : uid=1000(system) Binder_C expire 8 lines
06-04 23:36:38.644 18079 18079 I chatty  : uid=1000(system) com.miui.securitycenter expire 2 lines
06-04 23:36:38.664 18079 18099 I chatty  : uid=1000(system) com.miui.securitycenter expire 2 lines
06-04 23:36:38.789  1203  2244 I chatty  : uid=1000(system) Binder_8 expire 8 lines
06-04 23:36:41.277  3008  3028 D DefContainer: Copying /data/local/tmp/app-debug.apk to base.apk
06-04 23:36:57.891  1203  1359 I chatty  : uid=1000(system) PackageManager expire 21 lines
06-04 23:36:58.463  1203  1619 I chatty  : uid=1000(system) LocationPolicy expire 1 line
06-04 23:36:58.762  1203  1203 I chatty  : uid=1000 system_server expire 1 line
06-04 23:37:00.486  1203  2424 I chatty  : uid=1000(system) Binder_F expire 6 lines
06-04 23:37:01.848  1203  1295 I chatty  : uid=1000(system) Binder_2 expire 10 lines
06-04 23:37:06.523  1203  1604 I chatty  : uid=1000(system) VoldConnector expire 3 lines
06-04 23:38:26.060  1844  2009 I chatty  : uid=1000(system) TrafficManageSe expire 2 lines
06-04 23:38:42.760  1203  1294 I chatty  : uid=1000(system) Binder_1 expire 5 lines
06-04 23:38:42.761   372   390 D vold    : Remounting 10492 as mode read
06-04 23:38:42.780   372   390 D vold    : Found matching PID 18198
06-04 23:38:42.840   372   390 D vold    : Remounting 10492 as mode write
06-04 23:38:42.860   372   390 D vold    : Found matching PID 18198
06-04 23:39:00.000  1203  1600 I chatty  : uid=1000(system) AlarmManager expire 56 lines
06-04 23:45:48.726  1203  1613 I chatty  : uid=1000(system) ConnectivitySer expire 3 lines
06-04 23:45:48.813 17403 17403 I chatty  : uid=1000(system) com.android.settings expire 1 line
06-04 23:49:17.896  1203  1307 I chatty  : uid=1000(system) android.bg expire 1 line
06-05 00:02:02.349  1203  1600 I chatty  : uid=1000(system) AlarmManager expire 12 lines
06-05 00:03:29.380  1203  2364 I chatty  : uid=1000(system) Binder_C expire 7 lines
06-05 00:03:29.388  1203  1743 I chatty  : uid=1000(system) Binder_4 expire 10 lines
06-05 00:03:29.389 17403 17403 I chatty  : uid=1000(system) com.android.settings expire 1 line
06-05 00:03:29.397  1203  1872 I chatty  : uid=1000(system) Binder_5 expire 11 lines
06-05 00:03:29.406  1203  1295 I chatty  : uid=1000(system) Binder_2 expire 8 lines
06-05 00:03:34.410  1203  1612 I chatty  : uid=1000(system) WifiService expire 6 lines
06-05 00:05:06.873  1203  1601 I chatty  : uid=1000(system) InputDispatcher expire 7 lines
06-05 00:05:08.706  1203  2350 I chatty  : uid=1000(system) Binder_B expire 14 lines
06-05 00:05:08.748  1203  2334 I chatty  : uid=1000(system) Binder_A expire 11 lines
06-05 00:05:08.791  1203  2244 I chatty  : uid=1000(system) Binder_8 expire 7 lines
06-05 00:05:08.964 20727 20727 D ActivityThread: Loading provider com.whatsapp.provider.contact: com.whatsapp.contact.ContactProvider
06-05 00:05:09.458  1203  1731 I chatty  : uid=1000(system) Binder_3 expire 6 lines
06-05 00:06:36.462  1713  1769 I chatty  : uid=1000(system) local_job_dispa expire 2 lines
06-05 00:06:40.358  1203  2373 I chatty  : uid=1000(system) Binder_D expire 8 lines
06-05 00:06:40.360  1203  2379 I chatty  : uid=1000(system) Binder_E expire 10 lines
06-05 00:06:40.362  1203  2424 I chatty  : uid=1000(system) Binder_F expire 11 lines
06-05 00:06:40.377  1203  2311 I chatty  : uid=1000(system) Binder_9 expire 10 lines
06-05 00:06:40.383  1203  1917 I chatty  : uid=1000(system) Binder_6 expire 14 lines
06-05 00:06:40.385  1203  1294 I chatty  : uid=1000(system) Binder_1 expire 9 lines
06-05 00:06:40.398  1203  2431 I chatty  : uid=1000(system) Binder_10 expire 13 lines
06-05 00:06:40.465  2321  2903 I chatty  : uid=1000(system) Binder_3 expire 1 line
06-05 00:06:40.546  1203  1613 I chatty  : uid=1000(system) ConnectivitySer expire 2 lines
06-05 00:06:40.550  1203  1203 I chatty  : uid=1000 system_server expire 6 lines
06-05 00:06:40.644  1203  1952 I chatty  : uid=1000(system) Binder_7 expire 5 lines
06-05 00:06:41.449  1203  1308 I chatty  : uid=1000(system) ActivityManager expire 7 lines
06-05 00:07:20.796 21208 21226 W PackageParser: Unknown element under <service>: permission at /data/user/0/com.miui.systemAdSolution/app_analytics/analytics.apk Binary XML file line #114
06-05 00:07:30.526  1203  1600 I chatty  : uid=1000(system) AlarmManager expire 22 lines
06-05 00:07:32.403  1844  2009 I chatty  : uid=1000(system) TrafficManageSe expire 1 line
06-05 00:07:32.861  1203  2311 I chatty  : uid=1000(system) Binder_9 expire 3 lines
06-05 00:08:01.783 21333 21333 I chatty  : uid=1000(system) com.android.settings expire 2 lines
06-05 00:08:06.855 21333 21356 I chatty  : uid=1000(system) com.android.settings expire 1 line
06-05 00:14:43.460  1203  1312 I chatty  : uid=1000(system) android.fg expire 1 line
06-05 00:16:08.299 21980 22012 E ActivityThread: Failed to find provider info for metok
06-05 00:16:08.310 21980 21980 E ActivityThread: Failed to find provider info for metok
06-05 00:17:00.000  1203  1600 I chatty  : uid=1000(system) AlarmManager expire 5 lines
06-05 00:17:05.225  1203  2431 I chatty  : uid=1000(system) Binder_10 expire 1 line
06-05 00:17:05.818  1203  2350 I chatty  : uid=1000(system) Binder_B expire 1 line
06-05 00:17:05.827  1203  2424 I chatty  : uid=1000(system) Binder_F expire 8 lines
06-05 00:18:48.967  1203  1601 I chatty  : uid=1000(system) InputDispatcher expire 10 lines
06-05 00:18:51.773  1203  2364 I chatty  : uid=1000(system) Binder_C expire 13 lines
06-05 00:18:52.629  1203  1743 I chatty  : uid=1000(system) Binder_4 expire 7 lines
06-05 00:18:59.999  1203  1600 I chatty  : uid=1000(system) AlarmManager expire 21 lines
06-05 00:20:08.413  1203  2244 I chatty  : uid=1000(system) Binder_8 expire 9 lines
06-05 00:21:29.519  1203  1872 I chatty  : uid=1000(system) Binder_5 expire 14 lines
06-05 00:21:29.527  1203  2431 I chatty  : uid=1000(system) Binder_10 expire 8 lines
06-05 00:21:29.557  1203  2334 I chatty  : uid=1000(system) Binder_A expire 10 lines
06-05 00:23:33.033  1203  2379 I chatty  : uid=1000(system) Binder_E expire 11 lines
06-05 00:23:33.038  1203  1731 I chatty  : uid=1000(system) Binder_3 expire 9 lines
06-05 00:23:33.625  1203  2373 I chatty  : uid=1000(system) Binder_D expire 11 lines
06-05 00:23:33.629  1203  2311 I chatty  : uid=1000(system) Binder_9 expire 8 lines
06-05 00:23:33.639  1203  1294 I chatty  : uid=1000(system) Binder_1 expire 7 lines
06-05 00:23:33.657  1203  1917 I chatty  : uid=1000(system) Binder_6 expire 6 lines
06-05 00:24:50.908  1203  1307 I chatty  : uid=1000(system) android.bg expire 2 lines
06-05 00:25:14.621  1203  1308 I chatty  : uid=1000(system) ActivityManager expire 9 lines
06-05 00:25:50.919  1203  2350 I chatty  : uid=1000(system) Binder_B expire 7 lines
06-05 00:26:37.022  1713  1769 I chatty  : uid=1000(system) local_job_dispa expire 4 lines
06-05 00:26:54.759  1203  1295 I chatty  : uid=1000(system) Binder_2 expire 8 lines
06-05 00:26:54.788  1203  1952 I chatty  : uid=1000(system) Binder_7 expire 5 lines
06-05 00:26:54.881  1203  1203 I chatty  : uid=1000 system_server expire 2 lines
06-05 00:26:54.977  1203  1612 I chatty  : uid=1000(system) WifiService expire 4 lines
06-05 00:26:58.285  2321  2903 I chatty  : uid=1000(system) Binder_3 expire 1 line
06-05 00:26:58.488  1203  1613 I chatty  : uid=1000(system) ConnectivitySer expire 4 lines
06-05 00:27:26.231 22944 22966 W PackageParser: Unknown element under <service>: permission at /data/user/0/com.miui.systemAdSolution/app_analytics/analytics.apk Binary XML file line #114
06-05 00:27:29.939 23009 23009 I chatty  : uid=1000(system) com.android.settings expire 2 lines
06-05 00:27:48.958  1203  1600 I chatty  : uid=1000(system) AlarmManager expire 36 lines
06-05 00:37:32.383  1844  2009 I chatty  : uid=1000(system) TrafficManageSe expire 3 lines
06-05 00:42:32.273  1203  1743 I chatty  : uid=1000(system) Binder_4 expire 9 lines
06-05 00:42:32.862  1203  1917 I chatty  : uid=1000(system) Binder_6 expire 5 lines
06-05 00:42:32.869  1203  1952 I chatty  : uid=1000(system) Binder_7 expire 3 lines
06-05 00:42:32.873  1203  2424 I chatty  : uid=1000(system) Binder_F expire 6 lines
06-05 00:42:32.882  1203  2364 I chatty  : uid=1000(system) Binder_C expire 11 lines
06-05 00:42:32.897  1203  2373 I chatty  : uid=1000(system) Binder_D expire 12 lines
06-05 00:42:32.911  1203  1872 I chatty  : uid=1000(system) Binder_5 expire 5 lines
06-05 00:42:32.920  1203  2431 I chatty  : uid=1000(system) Binder_10 expire 5 lines
06-05 00:43:00.000  1203  1600 I chatty  : uid=1000(system) AlarmManager expire 19 lines
06-05 00:44:43.502  1203  1312 I chatty  : uid=1000(system) android.fg expire 1 line
06-05 00:45:29.734  1203  1731 I chatty  : uid=1000(system) Binder_3 expire 13 lines
06-05 00:45:29.749  1203  1294 I chatty  : uid=1000(system) Binder_1 expire 10 lines
06-05 00:45:29.755  1203  2334 I chatty  : uid=1000(system) Binder_A expire 10 lines
06-05 00:45:29.762  1203  2244 I chatty  : uid=1000(system) Binder_8 expire 5 lines
06-05 00:45:40.778  1203  1295 I chatty  : uid=1000(system) Binder_2 expire 6 lines
06-05 00:45:48.770  1203  1613 I chatty  : uid=1000(system) ConnectivitySer expire 5 lines
06-05 00:45:48.840 23009 23009 I chatty  : uid=1000(system) com.android.settings expire 1 line
06-05 00:46:17.516  1203  1307 I chatty  : uid=1000(system) android.bg expire 1 line
06-05 00:48:35.400  1203  2350 I chatty  : uid=1000(system) Binder_B expire 6 lines
06-05 00:50:04.896  1203  2311 I chatty  : uid=1000(system) Binder_9 expire 8 lines
06-05 00:50:06.005  1203  1601 I chatty  : uid=1000(system) InputDispatcher expire 9 lines
06-05 00:50:11.185  1203  1308 I chatty  : uid=1000(system) ActivityManager expire 8 lines
06-05 00:50:11.221  1203  1359 I chatty  : uid=1000(system) PackageManager expire 24 lines
06-05 00:50:12.299  1203  1619 I chatty  : uid=1000(system) LocationPolicy expire 5 lines
06-05 00:50:12.364  1203  1203 I chatty  : uid=1000 system_server expire 6 lines
06-05 00:50:12.521 24722 24722 I chatty  : uid=1000(system) com.android.keychain expire 1 line
06-05 00:50:14.176  1203  2379 I chatty  : uid=1000(system) Binder_E expire 1 line
06-05 00:50:57.561 24951 24951 I chatty  : uid=1000(system) com.miui.securitycenter expire 2 lines
06-05 00:50:57.579 24951 24972 I chatty  : uid=1000(system) com.miui.securitycenter expire 2 lines
06-05 00:50:59.677  3008  3042 D DefContainer: Copying /data/local/tmp/app-debug.apk to base.apk
06-05 00:50:59.999  1203  1600 I chatty  : uid=1000(system) AlarmManager expire 24 lines
06-05 00:51:18.769 23009 23029 I chatty  : uid=1000(system) com.android.settings expire 1 line
06-05 00:51:23.448  1203  1604 I chatty  : uid=1000(system) VoldConnector expire 3 lines
06-05 00:51:35.126   372   390 D vold    : Remounting 10493 as mode read
06-05 00:51:35.147   372   390 D vold    : Found matching PID 25087
06-05 00:51:35.193   372   390 D vold    : Remounting 10493 as mode write
06-05 00:51:35.211   372   390 D vold    : Found matching PID 25087
06-05 00:53:26.887  1713  1769 I chatty  : uid=1000(system) local_job_dispa expire 2 lines
06-05 01:00:11.368  1203  1359 I chatty  : uid=1000(system) PackageManager expire 3 lines
06-05 01:00:12.454 25947 25947 I chatty  : uid=1000(system) com.android.keychain expire 1 line
06-05 01:00:35.605  1203  1600 I chatty  : uid=1000(system) AlarmManager expire 33 lines
06-05 01:00:35.633  1203  2364 I chatty  : uid=1000(system) Binder_C expire 4 lines
06-05 01:00:35.639  1203  1872 I chatty  : uid=1000(system) Binder_5 expire 5 lines
06-05 01:00:35.645  1203  2311 I chatty  : uid=1000(system) Binder_9 expire 8 lines
06-05 01:00:36.552  1203  2424 I chatty  : uid=1000(system) Binder_F expire 7 lines
06-05 01:00:36.565  1203  1743 I chatty  : uid=1000(system) Binder_4 expire 6 lines
06-05 01:00:36.573  1203  1917 I chatty  : uid=1000(system) Binder_6 expire 8 lines
06-05 01:00:36.577  1203  2379 I chatty  : uid=1000(system) Binder_E expire 9 lines
06-05 01:00:36.598  1203  2373 I chatty  : uid=1000(system) Binder_D expire 3 lines
06-05 01:00:36.604  1203  2431 I chatty  : uid=1000(system) Binder_10 expire 8 lines
06-05 01:00:36.617  1203  1295 I chatty  : uid=1000(system) Binder_2 expire 7 lines
06-05 01:00:48.641  1203  1308 I chatty  : uid=1000(system) ActivityManager expire 1 line
06-05 01:00:50.051  1203  1731 I chatty  : uid=1000(system) Binder_3 expire 7 lines
06-05 01:00:50.104  1203  2334 I chatty  : uid=1000(system) Binder_A expire 10 lines
06-05 01:00:52.146  3008  5546 D DefContainer: Copying /data/local/tmp/app-debug.apk to base.apk
06-05 01:01:08.987  1203  1359 I chatty  : uid=1000(system) PackageManager expire 21 lines
06-05 01:01:09.581  1203  1619 I chatty  : uid=1000(system) LocationPolicy expire 1 line
06-05 01:01:09.910  1203  1203 I chatty  : uid=1000 system_server expire 1 line
06-05 01:01:10.743  1203  1952 I chatty  : uid=1000(system) Binder_7 expire 4 lines
06-05 01:01:56.950  1203  1604 I chatty  : uid=1000(system) VoldConnector expire 3 lines
06-05 01:02:00.054  1203  2350 I chatty  : uid=1000(system) Binder_B expire 3 lines
06-05 01:02:04.169   372   390 D vold    : Remounting 10494 as mode read
06-05 01:02:04.190   372   390 D vold    : Found matching PID 26120
06-05 01:02:04.200  1203  2244 I chatty  : uid=1000(system) Binder_8 expire 4 lines
06-05 01:02:04.240   372   390 D vold    : Remounting 10494 as mode write
06-05 01:02:04.258   372   390 D vold    : Found matching PID 26120
06-05 01:02:54.966 23009 23029 I chatty  : uid=1000(system) com.android.settings expire 1 line
06-05 01:06:36.264  1203  1294 I chatty  : uid=1000(system) Binder_1 expire 4 lines
06-05 01:08:04.281  1844  2009 I chatty  : uid=1000(system) TrafficManageSe expire 1 line
06-05 01:09:15.570  1203  1359 I chatty  : uid=1000(system) PackageManager expire 76 lines
06-05 01:09:25.851  1203  1601 I chatty  : uid=1000(system) InputDispatcher expire 4 lines
06-05 01:09:53.449  1713  1769 I chatty  : uid=1000(system) local_job_dispa expire 2 lines
06-05 01:10:04.932  1203  1307 I chatty  : uid=1000(system) android.bg expire 1 line
06-05 01:10:10.708  2321  2348 I chatty  : uid=1000(system) Binder_2 expire 3 lines
06-05 01:10:10.744  1203  2311 I chatty  : uid=1000(system) Binder_9 expire 9 lines
06-05 01:10:10.745  1203  2424 I chatty  : uid=1000(system) Binder_F expire 8 lines
06-05 01:10:10.750  1203  1295 I chatty  : uid=1000(system) Binder_2 expire 8 lines
06-05 01:10:10.758  1203  1917 I chatty  : uid=1000(system) Binder_6 expire 6 lines
06-05 01:10:10.782  1203  1731 I chatty  : uid=1000(system) Binder_3 expire 7 lines
06-05 01:10:10.785  1203  1872 I chatty  : uid=1000(system) Binder_5 expire 9 lines
06-05 01:10:10.816  1203  1743 I chatty  : uid=1000(system) Binder_4 expire 10 lines
06-05 01:10:10.817  1203  1203 I chatty  : uid=1000 system_server expire 4 lines
06-05 01:10:10.831  1203  2373 I chatty  : uid=1000(system) Binder_D expire 4 lines
06-05 01:10:10.866  1203  1294 I chatty  : uid=1000(system) Binder_1 expire 6 lines
06-05 01:10:10.868  1203  2334 I chatty  : uid=1000(system) Binder_A expire 4 lines
06-05 01:10:10.871  1203  2364 I chatty  : uid=1000(system) Binder_C expire 7 lines
06-05 01:10:10.968  1203  1612 I chatty  : uid=1000(system) WifiService expire 2 lines
06-05 01:10:11.000  1203  2431 I chatty  : uid=1000(system) Binder_10 expire 3 lines
06-05 01:10:11.009  1203  2350 I chatty  : uid=1000(system) Binder_B expire 5 lines
06-05 01:10:11.022  1203  1613 I chatty  : uid=1000(system) ConnectivitySer expire 4 lines
06-05 01:10:11.024  1203  1952 I chatty  : uid=1000(system) Binder_7 expire 2 lines
06-05 01:10:11.721  1203  1308 I chatty  : uid=1000(system) ActivityManager expire 9 lines
06-05 01:10:16.406  1203  1600 I chatty  : uid=1000(system) AlarmManager expire 16 lines
06-05 01:10:19.380  1203  1359 I chatty  : uid=1000(system) PackageManager expire 109 lines
06-05 01:10:20.458  1203  1619 I chatty  : uid=1000(system) LocationPolicy expire 1 line
06-05 01:10:21.094 27148 27148 I chatty  : uid=1000(system) com.android.keychain expire 1 line
06-05 01:10:22.663  1203  2379 I chatty  : uid=1000(system) Binder_E expire 2 lines
06-05 01:10:42.076  1203  2244 I chatty  : uid=1000(system) Binder_8 expire 4 lines
06-05 01:11:01.942 28029 28045 W PackageParser: Unknown element under <service>: permission at /data/user/0/com.miui.systemAdSolution/app_analytics/analytics.apk Binary XML file line #114
06-05 01:11:06.213  1203  1601 I chatty  : uid=1000(system) InputDispatcher expire 4 lines
06-05 01:11:13.162  1713  1769 I chatty  : uid=1000(system) local_job_dispa expire 1 line
06-05 01:11:42.119 28155 28155 I chatty  : uid=1000(system) com.android.settings expire 2 lines
06-05 01:12:38.881  1203  1295 I chatty  : uid=1000(system) Binder_2 expire 9 lines
06-05 01:12:42.359  1203  1600 I chatty  : uid=1000(system) AlarmManager expire 15 lines
06-05 01:13:12.681  1713  1769 I chatty  : uid=1000(system) local_job_dispa expire 1 line
06-05 01:13:12.717  1203  2373 I chatty  : uid=1000(system) Binder_D expire 8 lines
06-05 01:13:15.083  1203  1308 I chatty  : uid=1000(system) ActivityManager expire 11 lines
06-05 01:13:15.339  1203  1359 I chatty  : uid=1000(system) PackageManager expire 26 lines
06-05 01:13:16.186  1203  1203 I chatty  : uid=1000 system_server expire 3 lines
06-05 01:13:16.328  1203  1619 I chatty  : uid=1000(system) LocationPolicy expire 2 lines
06-05 01:13:16.462  1203  1872 I chatty  : uid=1000(system) Binder_5 expire 8 lines
06-05 01:13:16.557 28364 28364 I chatty  : uid=1000(system) com.android.keychain expire 2 lines
06-05 01:13:16.659  1203  2350 I chatty  : uid=1000(system) Binder_B expire 9 lines
06-05 01:13:16.945  1203  2364 I chatty  : uid=1000(system) Binder_C expire 10 lines
06-05 01:13:17.118  1203  1731 I chatty  : uid=1000(system) Binder_3 expire 5 lines
06-05 01:13:17.236  1203  2334 I chatty  : uid=1000(system) Binder_A expire 5 lines
06-05 01:13:18.409  1203  1952 I chatty  : uid=1000(system) Binder_7 expire 8 lines
06-05 01:13:18.982  1203  2311 I chatty  : uid=1000(system) Binder_9 expire 10 lines
06-05 01:13:27.307  1203  2379 I chatty  : uid=1000(system) Binder_E expire 5 lines
06-05 01:13:45.023 29162 28425 W FileUtils: Failed to chmod(/storage/emulated/0/Android/data/com.android.vending/files/1528153998107): android.system.ErrnoException: chmod failed: EPERM (Operation not permitted)
06-05 01:13:45.139  1203  1294 I chatty  : uid=1000(system) Binder_1 expire 5 lines
06-05 01:14:43.500  1203  1312 I chatty  : uid=1000(system) android.fg expire 1 line
06-05 01:15:05.184  1203  1743 I chatty  : uid=1000(system) Binder_4 expire 10 lines
06-05 01:15:05.279  1203  2244 I chatty  : uid=1000(system) Binder_8 expire 12 lines
06-05 01:15:05.489 28515 28515 D ActivityThread: Loading provider com.whatsapp.provider.contact: com.whatsapp.contact.ContactProvider
06-05 01:15:14.338  1203  1613 I chatty  : uid=1000(system) ConnectivitySer expire 14 lines
06-05 01:15:47.617  1203  2424 I chatty  : uid=1000(system) Binder_F expire 6 lines
06-05 01:15:49.552  1203  2431 I chatty  : uid=1000(system) Binder_10 expire 7 lines
06-05 01:15:49.588  1203  1917 I chatty  : uid=1000(system) Binder_6 expire 6 lines
06-05 01:16:12.200 28767 28789 E ActivityThread: Failed to find provider info for metok
06-05 01:16:12.228 28767 28767 E ActivityThread: Failed to find provider info for metok
06-05 01:17:26.398  1203  1612 I chatty  : uid=1000(system) WifiService expire 4 lines
06-05 01:17:28.431  1203  1307 I chatty  : uid=1000(system) android.bg expire 1 line
06-05 01:17:30.923 28864 28864 W KeyphraseEnrollmentInfo: Enrollment application doesn't support keyphrases
06-05 01:17:35.200  1203  1600 I chatty  : uid=1000(system) AlarmManager expire 25 lines
06-05 01:17:36.091  1203  1613 I chatty  : uid=1000(system) ConnectivitySer expire 8 lines
06-05 01:17:56.309 29162 29354 W FileUtils: Failed to chmod(/storage/emulated/0/Android/data/com.google.android.googlequicksearchbox/files/pending_blobs/JpnNDvVTc0QN8XI0QjzXBoA): android.system.ErrnoException: chmod failed: EPERM (Operation not permitted)
06-05 01:18:37.173  1203  2364 I chatty  : uid=1000(system) Binder_C expire 8 lines
06-05 01:21:49.564  1203  2311 I chatty  : uid=1000(system) Binder_9 expire 4 lines
06-05 01:25:17.048  1203  1308 I chatty  : uid=1000(system) ActivityManager expire 3 lines
06-05 01:26:44.389  2450  2450 D MccTable: updateMccMncConfiguration mccmnc='null' fromServiceState=true
06-05 01:26:44.389  2450  2450 D MccTable: WIFI_COUNTRY_CODE set to 
06-05 01:27:00.001  1203  1600 I chatty  : uid=1000(system) AlarmManager expire 13 lines
06-05 01:27:05.322  2450  2450 D MccTable: updateMccMncConfiguration mccmnc='21403' fromServiceState=true
06-05 01:27:05.328  2450  2450 D MccTable: updateMccMncConfiguration defaultMccMnc=21419
06-05 01:27:05.328  2450  2450 D MccTable: updateMccMncConfiguration: mcc=214, mnc=3
06-05 01:27:05.328  2450  2450 D MccTable: WIFI_COUNTRY_CODE set to es
06-05 01:27:05.485  1203  2311 I chatty  : uid=1000(system) Binder_9 expire 11 lines
06-05 01:27:05.508  1203  2379 I chatty  : uid=1000(system) Binder_E expire 10 lines
06-05 01:27:05.587  1203  2244 I chatty  : uid=1000(system) Binder_8 expire 14 lines
06-05 01:27:05.617  1203  1872 I chatty  : uid=1000(system) Binder_5 expire 17 lines
06-05 01:27:05.691  1203  2424 I chatty  : uid=1000(system) Binder_F expire 10 lines
06-05 01:27:06.143  1203  1308 I chatty  : uid=1000(system) ActivityManager expire 4 lines
06-05 01:27:06.529  1203  1952 I chatty  : uid=1000(system) Binder_7 expire 13 lines
06-05 01:27:06.816  1203  2334 I chatty  : uid=1000(system) Binder_A expire 4 lines
06-05 01:27:06.897  1203  2431 I chatty  : uid=1000(system) Binder_10 expire 6 lines
06-05 01:27:06.912  1203  1295 I chatty  : uid=1000(system) Binder_2 expire 10 lines
06-05 01:27:07.089  1203  1731 I chatty  : uid=1000(system) Binder_3 expire 9 lines
06-05 01:27:07.352  1938  1938 I chatty  : uid=1000(system) com.miui.securitycenter.remote expire 2 lines
06-05 01:27:07.431  1203  1613 I chatty  : uid=1000(system) ConnectivitySer expire 45 lines
06-05 01:27:07.708 29802 29802 I chatty  : uid=1000(system) com.android.settings:remote expire 1 line
06-05 01:27:07.998  1203  1743 I chatty  : uid=1000(system) Binder_4 expire 8 lines
06-05 01:27:32.616  1844  2009 I chatty  : uid=1000(system) TrafficManageSe expire 11 lines
06-05 01:27:49.980  1203  1294 I chatty  : uid=1000(system) Binder_1 expire 9 lines
06-05 01:27:49.985  1203  2373 I chatty  : uid=1000(system) Binder_D expire 7 lines
06-05 01:28:04.724  1203  2364 I chatty  : uid=1000(system) Binder_C expire 8 lines
06-05 01:28:45.748  1203  1312 I chatty  : uid=1000(system) android.fg expire 2 lines
06-05 01:28:46.118  1203  1203 I chatty  : uid=1000 system_server expire 1 line
06-05 01:28:46.175  1713  1713 I chatty  : uid=1000(system) com.android.systemui expire 1 line
06-05 01:28:46.331 28155 28155 I chatty  : uid=1000(system) com.android.settings expire 9 lines
06-05 01:28:46.423 28155 29972 I chatty  : uid=1000(system) com.android.settings expire 1 line
06-05 01:28:46.529 28155 29980 I chatty  : uid=1000(system) com.android.settings expire 1 line
06-05 01:28:46.654  1203  1307 I chatty  : uid=1000(system) android.bg expire 2 lines
06-05 01:29:07.337  1203  1917 I chatty  : uid=1000(system) Binder_6 expire 4 lines
06-05 01:29:12.513   624 30006 W SocketClient: write error (Broken pipe)
06-05 01:29:12.518   624 30007 W SocketClient: write error (Broken pipe)
06-05 01:29:26.496   624 30019 W SocketClient: write error (Broken pipe)
06-05 01:29:26.496   624 30018 W SocketClient: write error (Broken pipe)
06-05 01:29:26.502   624 30021 W SocketClient: write error (Broken pipe)
06-05 01:29:26.509   624 30022 W SocketClient: write error (Broken pipe)
06-05 01:29:26.509   624 30023 W SocketClient: write error (Broken pipe)
06-05 01:29:29.471  1203  1612 I chatty  : uid=1000(system) WifiService expire 6 lines
06-05 01:29:36.213 28155 28179 I chatty  : uid=1000(system) com.android.settings expire 1 line
06-05 01:29:58.580  1203  1329 I chatty  : uid=1000(system) android.io expire 1 line
06-05 01:29:58.865  1713  1769 I chatty  : uid=1000(system) local_job_dispa expire 2 lines
06-05 01:29:58.901  1713  3071 I chatty  : uid=1000(system) local_job_dispa expire 2 lines
06-05 01:29:58.946  1203  2350 I chatty  : uid=1000(system) Binder_B expire 8 lines
06-05 01:30:03.469 30645 30645 I chatty  : uid=1000(system) com.miui.bugreport expire 2 lines
06-05 01:30:04.393 30727 30727 I chatty  : uid=1000(system) com.miui.klo.bugreport expire 1 line
06-05 01:30:21.246  1203  1611 I chatty  : uid=1000(system) WifiStateMachin expire 2 lines
06-05 01:30:27.919  1203  1917 I chatty  : uid=1000(system) Binder_6 expire 7 lines
06-05 01:30:27.970  1203  2334 I chatty  : uid=1000(system) Binder_A expire 10 lines
06-05 01:30:28.039  1203  1952 I chatty  : uid=1000(system) Binder_7 expire 8 lines
06-05 01:30:28.161  1203  2379 I chatty  : uid=1000(system) Binder_E expire 11 lines
06-05 01:30:28.227  1203  1872 I chatty  : uid=1000(system) Binder_5 expire 9 lines
06-05 01:30:28.229  1203  1612 I chatty  : uid=1000(system) WifiService expire 4 lines
06-05 01:30:28.798  1203  1731 I chatty  : uid=1000(system) Binder_3 expire 9 lines
06-05 01:30:28.808  1203  2364 I chatty  : uid=1000(system) Binder_C expire 12 lines
06-05 01:30:28.895  1203  2373 I chatty  : uid=1000(system) Binder_D expire 8 lines
06-05 01:30:28.918  1203  2350 I chatty  : uid=1000(system) Binder_B expire 10 lines
06-05 01:30:29.184  1203  2311 I chatty  : uid=1000(system) Binder_9 expire 12 lines
06-05 01:30:29.260  1203  2431 I chatty  : uid=1000(system) Binder_10 expire 9 lines
06-05 01:30:29.482  2696  2696 I chatty  : uid=1000(system) com.miui.antispam:provider expire 2 lines
06-05 01:30:29.502  1203  1295 I chatty  : uid=1000(system) Binder_2 expire 9 lines
06-05 01:30:29.535  1203  2244 I chatty  : uid=1000(system) Binder_8 expire 10 lines
06-05 01:30:29.751 31074 31074 I chatty  : uid=1000(system) com.miui.bugreport expire 2 lines
06-05 01:30:29.794  1203  2424 I chatty  : uid=1000(system) Binder_F expire 10 lines
06-05 01:30:30.175  1203  1294 I chatty  : uid=1000(system) Binder_1 expire 9 lines
06-05 01:30:30.570 31156 31178 W ActivityThread: ClassLoader.loadClass: The class loader returned by Thread.getContextClassLoader() may fail for processes that host multiple applications. You should explicitly specify a context class loader. For example: Thread.setContextClassLoader(getClass().getClassLoader());
06-05 01:30:30.702 31183 31183 I chatty  : uid=1000(system) com.miui.klo.bugreport expire 1 line
06-05 01:30:30.752  1203  1743 I chatty  : uid=1000(system) Binder_4 expire 10 lines
06-05 01:30:31.671  1203  1308 I chatty  : uid=1000(system) ActivityManager expire 5 lines
06-05 01:30:34.825  1203  1613 I chatty  : uid=1000(system) ConnectivitySer expire 14 lines
06-05 01:30:35.599  1203  1600 I chatty  : uid=1000(system) AlarmManager expire 2 lines
06-05 01:30:39.546  1203  1312 I chatty  : uid=1000(system) android.fg expire 5 lines
06-05 01:30:39.585   624  1502 E NetlinkEvent: Unknown ifindex 30 in RTM_DELADDR
06-05 01:30:39.770  1844  2009 I chatty  : uid=1000(system) TrafficManageSe expire 12 lines
06-05 01:30:40.023  1203  1203 I chatty  : uid=1000 system_server expire 2 lines
06-05 01:30:40.061  1713  1713 I chatty  : uid=1000(system) com.android.systemui expire 2 lines
06-05 01:30:40.289 28155 28155 I chatty  : uid=1000(system) com.android.settings expire 8 lines
06-05 01:30:40.315 28155 31297 I chatty  : uid=1000(system) com.android.settings expire 1 line
06-05 01:30:40.365  1203  1307 I chatty  : uid=1000(system) android.bg expire 5 lines
06-05 01:30:40.443 28155 31306 I chatty  : uid=1000(system) com.android.settings expire 1 line
06-05 01:30:40.897 28155 31332 I chatty  : uid=1000(system) com.android.settings expire 1 line
06-05 01:30:41.004 28155 31338 I chatty  : uid=1000(system) com.android.settings expire 1 line
06-05 01:30:46.518  1713  1769 I chatty  : uid=1000(system) local_job_dispa expire 1 line
06-05 01:30:47.031  1203  1329 I chatty  : uid=1000(system) android.io expire 1 line
06-05 01:30:47.243  1203  1359 I chatty  : uid=1000(system) PackageManager expire 1 line
06-05 01:30:47.278  1713  3071 I chatty  : uid=1000(system) local_job_dispa expire 1 line
06-05 01:30:48.568   624 30995 W SocketClient: write error (Broken pipe)
06-05 01:30:49.482   624 31069 W SocketClient: write error (Broken pipe)
06-05 01:30:49.486  1203  1613 I chatty  : uid=1000(system) ConnectivitySer expire 20 lines
06-05 01:30:49.674  1203  2244 I chatty  : uid=1000(system) Binder_8 expire 4 lines
06-05 01:30:49.691  1203  1743 I chatty  : uid=1000(system) Binder_4 expire 1 line
06-05 01:30:49.749  1203  2334 I chatty  : uid=1000(system) Binder_A expire 14 lines
06-05 01:30:50.948  1203  1731 I chatty  : uid=1000(system) Binder_3 expire 17 lines
