06-04 09:21:58.230  7140  7140 I chatty  : uid=1000(system) com.miui.securitycore expire 2 lines
06-04 09:22:08.413  1203  1203 I chatty  : uid=1000 system_server expire 5 lines
06-04 09:22:08.543  1203  1613 I chatty  : uid=1000(system) ConnectivitySer expire 8 lines
06-04 09:22:21.877  7561  7561 I chatty  : uid=1000(system) com.android.settings expire 1 line
06-04 09:22:28.914  7634  7657 W PackageParser: Unknown element under <service>: permission at /data/user/0/com.miui.systemAdSolution/app_analytics/analytics.apk Binary XML file line #114
06-04 09:22:29.882  1203  2311 I chatty  : uid=1000(system) Binder_9 expire 3 lines
06-04 09:22:29.905  2321  2338 I chatty  : uid=1000(system) Binder_1 expire 1 line
06-04 09:22:30.014  1203  2431 I chatty  : uid=1000(system) Binder_10 expire 1 line
06-04 09:22:30.018  1203  1952 I chatty  : uid=1000(system) Binder_7 expire 2 lines
06-04 09:22:30.029  1203  2373 I chatty  : uid=1000(system) Binder_D expire 1 line
06-04 09:22:41.697  1203  2424 I chatty  : uid=1000(system) Binder_F expire 11 lines
06-04 09:22:46.620  1203  2334 I chatty  : uid=1000(system) Binder_A expire 11 lines
06-04 09:22:46.627  1203  1952 I chatty  : uid=1000(system) Binder_7 expire 11 lines
06-04 09:22:46.647  1203  2373 I chatty  : uid=1000(system) Binder_D expire 9 lines
06-04 09:22:46.688  1203  2311 I chatty  : uid=1000(system) Binder_9 expire 13 lines
06-04 09:22:46.698  1203  1917 I chatty  : uid=1000(system) Binder_6 expire 10 lines
06-04 09:22:46.698  1203  1203 I chatty  : uid=1000 system_server expire 9 lines
06-04 09:22:46.698  1203  1612 I chatty  : uid=1000(system) WifiService expire 4 lines
06-04 09:22:46.702  1203  1295 I chatty  : uid=1000(system) Binder_2 expire 10 lines
06-04 09:22:46.705  1203  2350 I chatty  : uid=1000(system) Binder_B expire 10 lines
06-04 09:22:46.722  1203  2431 I chatty  : uid=1000(system) Binder_10 expire 6 lines
06-04 09:22:46.726  2321  2903 I chatty  : uid=1000(system) Binder_3 expire 1 line
06-04 09:22:46.817  1203  2364 I chatty  : uid=1000(system) Binder_C expire 5 lines
06-04 09:22:46.922  1203  1613 I chatty  : uid=1000(system) ConnectivitySer expire 10 lines
06-04 09:22:47.706  1203  1308 I chatty  : uid=1000(system) ActivityManager expire 10 lines
06-04 09:22:48.343  1203  1600 I chatty  : uid=1000(system) AlarmManager expire 31 lines
06-04 09:22:57.946  8074  8091 W PackageParser: Unknown element under <service>: permission at /data/user/0/com.miui.systemAdSolution/app_analytics/analytics.apk Binary XML file line #114
06-04 09:23:18.233  8125  8125 I chatty  : uid=1000(system) com.miui.securitycore expire 2 lines
06-04 09:23:25.051  1203  1731 I chatty  : uid=1000(system) Binder_3 expire 8 lines
06-04 09:23:26.510  1203  1309 I chatty  : uid=1000(system) android.ui expire 1 line
06-04 09:23:26.840  8325  8325 I chatty  : uid=1000(system) com.android.settings expire 1 line
06-04 09:23:29.740  1203  1601 I chatty  : uid=1000(system) InputDispatcher expire 8 lines
06-04 09:23:52.658  1203  2379 I chatty  : uid=1000(system) Binder_E expire 6 lines
06-04 09:23:52.675  1713  1769 I chatty  : uid=1000(system) local_job_dispa expire 2 lines
06-04 09:23:53.256  1203  1333 I chatty  : uid=1000(system) CpuTracker expire 1 line
06-04 09:25:05.871  1203  1743 I chatty  : uid=1000(system) Binder_4 expire 5 lines
06-04 09:25:05.880  1203  2244 I chatty  : uid=1000(system) Binder_8 expire 9 lines
06-04 09:25:05.902  1203  1294 I chatty  : uid=1000(system) Binder_1 expire 7 lines
06-04 09:25:05.932  2321  2942 I chatty  : uid=1000(system) Binder_4 expire 1 line
06-04 09:25:06.106  1203  1872 I chatty  : uid=1000(system) Binder_5 expire 5 lines
06-04 09:25:11.909  1203  1307 I chatty  : uid=1000(system) android.bg expire 1 line
06-04 09:25:16.398  8600  8628 W PackageParser: Unknown element under <service>: permission at /data/user/0/com.miui.systemAdSolution/app_analytics/analytics.apk Binary XML file line #114
06-04 09:25:23.851  1203  1308 I chatty  : uid=1000(system) ActivityManager expire 6 lines
06-04 09:25:24.133  8730  8730 I chatty  : uid=1000(system) com.android.settings expire 1 line
06-04 09:25:49.105  1203  1613 I chatty  : uid=1000(system) ConnectivitySer expire 22 lines
06-04 09:26:57.094  9163  9163 I chatty  : uid=1000(system) com.miui.securitycore expire 2 lines
06-04 09:27:07.037  1203  2334 I chatty  : uid=1000(system) Binder_A expire 10 lines
06-04 09:35:07.006  1203  1600 I chatty  : uid=1000(system) AlarmManager expire 10 lines
06-04 09:36:31.585  1203  1307 I chatty  : uid=1000(system) android.bg expire 1 line
06-04 09:37:24.072  1203  1872 I chatty  : uid=1000(system) Binder_5 expire 10 lines
06-04 09:37:24.079  1203  2431 I chatty  : uid=1000(system) Binder_10 expire 5 lines
06-04 09:37:24.098  1203  2379 I chatty  : uid=1000(system) Binder_E expire 10 lines
06-04 09:37:50.543  1203  1917 I chatty  : uid=1000(system) Binder_6 expire 10 lines
06-04 09:37:50.555  1203  1295 I chatty  : uid=1000(system) Binder_2 expire 12 lines
06-04 09:37:50.677  1844  2009 I chatty  : uid=1000(system) TrafficManageSe expire 1 line
06-04 09:37:51.131  1203  2244 I chatty  : uid=1000(system) Binder_8 expire 8 lines
06-04 09:37:51.139  1203  2424 I chatty  : uid=1000(system) Binder_F expire 10 lines
06-04 09:37:51.144  1203  2364 I chatty  : uid=1000(system) Binder_C expire 12 lines
06-04 09:37:51.155  1203  2311 I chatty  : uid=1000(system) Binder_9 expire 9 lines
06-04 09:37:51.174  1203  2373 I chatty  : uid=1000(system) Binder_D expire 12 lines
06-04 09:38:05.881  1203  1613 I chatty  : uid=1000(system) ConnectivitySer expire 10 lines
06-04 09:39:02.163  1203  1601 I chatty  : uid=1000(system) InputDispatcher expire 10 lines
06-04 09:39:14.876  1713  1769 I chatty  : uid=1000(system) local_job_dispa expire 4 lines
06-04 09:39:16.038  1203  1294 I chatty  : uid=1000(system) Binder_1 expire 6 lines
06-04 09:39:16.068  1203  1952 I chatty  : uid=1000(system) Binder_7 expire 11 lines
06-04 09:39:16.088  1203  1731 I chatty  : uid=1000(system) Binder_3 expire 9 lines
06-04 09:39:16.120  1203  2350 I chatty  : uid=1000(system) Binder_B expire 3 lines
06-04 09:39:16.150  1203  1203 I chatty  : uid=1000 system_server expire 10 lines
06-04 09:39:16.154  2321  2942 I chatty  : uid=1000(system) Binder_4 expire 1 line
06-04 09:39:16.156  1203  1612 I chatty  : uid=1000(system) WifiService expire 6 lines
06-04 09:39:17.106  1203  1308 I chatty  : uid=1000(system) ActivityManager expire 12 lines
06-04 09:39:36.567  9604  9628 W PackageParser: Unknown element under <service>: permission at /data/user/0/com.miui.systemAdSolution/app_analytics/analytics.apk Binary XML file line #114
06-04 09:39:50.797  1203  1600 I chatty  : uid=1000(system) AlarmManager expire 22 lines
06-04 09:39:54.577  1203  1613 I chatty  : uid=1000(system) ConnectivitySer expire 14 lines
06-04 09:40:07.414  9671  9671 I chatty  : uid=1000(system) com.android.settings expire 1 line
06-04 09:40:42.951  1203  1743 I chatty  : uid=1000(system) Binder_4 expire 3 lines
06-04 09:40:56.165  2321  2998 I chatty  : uid=1000(system) Binder_6 expire 1 line
06-04 09:41:07.281 10190 10190 I chatty  : uid=1000(system) com.miui.securitycore expire 2 lines
06-04 09:41:26.608 10231 10254 W PackageParser: Unknown element under <service>: permission at /data/user/0/com.miui.systemAdSolution/app_analytics/analytics.apk Binary XML file line #114
06-04 09:41:27.413 10291 10291 I chatty  : uid=1000(system) com.android.settings expire 3 lines
06-04 09:41:33.673  1203  1312 I chatty  : uid=1000(system) android.fg expire 2 lines
06-04 09:42:54.569  1203  2424 I chatty  : uid=1000(system) Binder_F expire 3 lines
06-04 09:42:55.180  1203  1872 I chatty  : uid=1000(system) Binder_5 expire 1 line
06-04 09:42:55.188  1203  2379 I chatty  : uid=1000(system) Binder_E expire 2 lines
06-04 09:45:34.797  1203  2373 I chatty  : uid=1000(system) Binder_D expire 10 lines
06-04 09:46:00.000  1203  1600 I chatty  : uid=1000(system) AlarmManager expire 40 lines
06-04 09:46:00.194  1203  2244 I chatty  : uid=1000(system) Binder_8 expire 12 lines
06-04 09:46:05.813  1713  1769 I chatty  : uid=1000(system) local_job_dispa expire 5 lines
06-04 09:46:05.872  1203  1613 I chatty  : uid=1000(system) ConnectivitySer expire 13 lines
06-04 09:46:07.076  1203  1601 I chatty  : uid=1000(system) InputDispatcher expire 7 lines
06-04 09:46:07.505  1203  2364 I chatty  : uid=1000(system) Binder_C expire 9 lines
06-04 09:46:11.499  1203  1295 I chatty  : uid=1000(system) Binder_2 expire 10 lines
06-04 09:46:14.936  1203  1743 I chatty  : uid=1000(system) Binder_4 expire 3 lines
06-04 09:46:17.878  1203  1872 I chatty  : uid=1000(system) Binder_5 expire 6 lines
06-04 09:46:34.774  1203  2350 I chatty  : uid=1000(system) Binder_B expire 8 lines
06-04 09:47:16.183  1203  2311 I chatty  : uid=1000(system) Binder_9 expire 13 lines
06-04 09:47:22.825  1203  1731 I chatty  : uid=1000(system) Binder_3 expire 11 lines
06-04 09:47:22.842  1203  2379 I chatty  : uid=1000(system) Binder_E expire 10 lines
06-04 09:47:22.850  1203  1917 I chatty  : uid=1000(system) Binder_6 expire 10 lines
06-04 09:47:22.900  1203  1952 I chatty  : uid=1000(system) Binder_7 expire 15 lines
06-04 09:47:22.904  1203  2424 I chatty  : uid=1000(system) Binder_F expire 9 lines
06-04 09:47:22.938  2321  2903 I chatty  : uid=1000(system) Binder_3 expire 1 line
06-04 09:47:23.016  1203  1612 I chatty  : uid=1000(system) WifiService expire 2 lines
06-04 09:47:23.038  1203  1203 I chatty  : uid=1000 system_server expire 6 lines
06-04 09:47:23.047  1203  1294 I chatty  : uid=1000(system) Binder_1 expire 6 lines
06-04 09:47:23.068  1203  2334 I chatty  : uid=1000(system) Binder_A expire 9 lines
06-04 09:47:23.901  1203  1308 I chatty  : uid=1000(system) ActivityManager expire 10 lines
06-04 09:47:59.298  1203  2431 I chatty  : uid=1000(system) Binder_10 expire 3 lines
06-04 09:48:03.292 10901 10920 W PackageParser: Unknown element under <service>: permission at /data/user/0/com.miui.systemAdSolution/app_analytics/analytics.apk Binary XML file line #114
06-04 09:48:03.593  1203  1613 I chatty  : uid=1000(system) ConnectivitySer expire 13 lines
06-04 09:48:24.215 10953 10953 I chatty  : uid=1000(system) com.android.settings expire 1 line
06-04 09:49:14.082 10996 10996 I chatty  : uid=1000(system) com.miui.securitycore expire 2 lines
06-04 09:53:03.275  1203  2311 I chatty  : uid=1000(system) Binder_9 expire 5 lines
06-04 09:58:43.820 11690 11717 E ActivityThread: Failed to find provider info for metok
06-04 09:58:43.842 11690 11690 E ActivityThread: Failed to find provider info for metok
06-04 09:58:58.248  1203  1307 I chatty  : uid=1000(system) android.bg expire 1 line
06-04 09:59:00.000  1203  1600 I chatty  : uid=1000(system) AlarmManager expire 3 lines
06-04 10:00:00.013  1203  1917 I chatty  : uid=1000(system) Binder_6 expire 2 lines
06-04 10:00:00.020  1203  2373 I chatty  : uid=1000(system) Binder_D expire 11 lines
06-04 10:01:00.141  1203  1600 I chatty  : uid=1000(system) AlarmManager expire 16 lines
06-04 10:01:00.924  1203  2364 I chatty  : uid=1000(system) Binder_C expire 8 lines
06-04 10:01:23.790  1203  2431 I chatty  : uid=1000(system) Binder_10 expire 6 lines
06-04 10:01:23.791 10953 10953 I chatty  : uid=1000(system) com.android.settings expire 1 line
06-04 10:01:23.811  1203  1295 I chatty  : uid=1000(system) Binder_2 expire 6 lines
06-04 10:01:28.816  1203  1612 I chatty  : uid=1000(system) WifiService expire 2 lines
06-04 10:02:32.482  1203  1308 I chatty  : uid=1000(system) ActivityManager expire 9 lines
06-04 10:03:25.758  1713  1769 I chatty  : uid=1000(system) local_job_dispa expire 3 lines
06-04 10:03:25.793  1203  2424 I chatty  : uid=1000(system) Binder_F expire 12 lines
06-04 10:03:27.622  1203  1872 I chatty  : uid=1000(system) Binder_5 expire 6 lines
06-04 10:03:27.682  1203  1917 I chatty  : uid=1000(system) Binder_6 expire 10 lines
06-04 10:03:33.998  1203  1294 I chatty  : uid=1000(system) Binder_1 expire 9 lines
06-04 10:03:40.597  1203  1731 I chatty  : uid=1000(system) Binder_3 expire 8 lines
06-04 10:03:41.994  1203  2311 I chatty  : uid=1000(system) Binder_9 expire 10 lines
06-04 10:03:45.327  1203  2244 I chatty  : uid=1000(system) Binder_8 expire 11 lines
06-04 10:03:45.340  1203  2379 I chatty  : uid=1000(system) Binder_E expire 9 lines
06-04 10:03:45.344  1203  1952 I chatty  : uid=1000(system) Binder_7 expire 12 lines
06-04 10:03:45.349  1203  1743 I chatty  : uid=1000(system) Binder_4 expire 9 lines
06-04 10:03:45.390  1203  2334 I chatty  : uid=1000(system) Binder_A expire 8 lines
06-04 10:03:56.960  1203  1601 I chatty  : uid=1000(system) InputDispatcher expire 8 lines
06-04 10:04:00.314  1203  2350 I chatty  : uid=1000(system) Binder_B expire 8 lines
06-04 10:07:06.353  1203  1359 I chatty  : uid=1000(system) PackageManager expire 24 lines
06-04 10:07:06.459  1203  1613 I chatty  : uid=1000(system) ConnectivitySer expire 8 lines
06-04 10:07:07.371  1203  1619 I chatty  : uid=1000(system) LocationPolicy expire 3 lines
06-04 10:07:07.453  1203  1203 I chatty  : uid=1000 system_server expire 4 lines
06-04 10:07:07.540  1844  2009 I chatty  : uid=1000(system) TrafficManageSe expire 2 lines
06-04 10:07:07.846 12607 12607 I chatty  : uid=1000(system) com.android.keychain expire 1 line
06-04 10:07:26.826 12834 12834 I chatty  : uid=1000(system) com.miui.securitycenter expire 2 lines
06-04 10:07:26.843 12834 12857 I chatty  : uid=1000(system) com.miui.securitycenter expire 2 lines
06-04 10:07:29.224  3008  5546 D DefContainer: Copying /data/local/tmp/app-debug.apk to base.apk
06-04 10:07:29.871  1203  1600 I chatty  : uid=1000(system) AlarmManager expire 17 lines
06-04 10:07:51.726  1203  1604 I chatty  : uid=1000(system) VoldConnector expire 3 lines
06-04 10:08:02.100   372   390 D vold    : Remounting 10483 as mode read
06-04 10:08:02.117  1203  2311 I chatty  : uid=1000(system) Binder_9 expire 2 lines
06-04 10:08:02.127   372   390 D vold    : Found matching PID 13011
06-04 10:08:02.180   372   390 D vold    : Remounting 10483 as mode write
06-04 10:08:02.196   372   390 D vold    : Found matching PID 13011
06-04 10:08:29.469  1203  1312 I chatty  : uid=1000(system) android.fg expire 1 line
06-04 10:08:50.844 10953 10972 I chatty  : uid=1000(system) com.android.settings expire 1 line
06-04 10:09:06.356  1203  2373 I chatty  : uid=1000(system) Binder_D expire 12 lines
06-04 10:12:41.495  1203  2334 I chatty  : uid=1000(system) Binder_A expire 10 lines
06-04 10:12:41.497  1203  1731 I chatty  : uid=1000(system) Binder_3 expire 7 lines
06-04 10:12:41.499  1203  1743 I chatty  : uid=1000(system) Binder_4 expire 6 lines
06-04 10:12:41.505  1203  2350 I chatty  : uid=1000(system) Binder_B expire 9 lines
06-04 10:12:41.513  1203  1294 I chatty  : uid=1000(system) Binder_1 expire 9 lines
06-04 10:12:41.517  1203  2244 I chatty  : uid=1000(system) Binder_8 expire 15 lines
06-04 10:12:41.519  1203  2311 I chatty  : uid=1000(system) Binder_9 expire 10 lines
06-04 10:12:41.520  1203  1917 I chatty  : uid=1000(system) Binder_6 expire 8 lines
06-04 10:12:41.521  1203  2431 I chatty  : uid=1000(system) Binder_10 expire 6 lines
06-04 10:12:41.553  1203  1295 I chatty  : uid=1000(system) Binder_2 expire 8 lines
06-04 10:12:41.560  1203  1872 I chatty  : uid=1000(system) Binder_5 expire 7 lines
06-04 10:12:41.563  1203  1952 I chatty  : uid=1000(system) Binder_7 expire 10 lines
06-04 10:12:41.597  2321  2903 I chatty  : uid=1000(system) Binder_3 expire 1 line
06-04 10:12:41.614  1203  2379 I chatty  : uid=1000(system) Binder_E expire 5 lines
06-04 10:12:41.670  1203  1203 I chatty  : uid=1000 system_server expire 3 lines
06-04 10:12:41.670  1203  1612 I chatty  : uid=1000(system) WifiService expire 4 lines
06-04 10:12:41.706  1203  2364 I chatty  : uid=1000(system) Binder_C expire 14 lines
06-04 10:12:41.721  1203  2424 I chatty  : uid=1000(system) Binder_F expire 5 lines
06-04 10:12:41.761  1203  1613 I chatty  : uid=1000(system) ConnectivitySer expire 57 lines
06-04 10:12:42.537  1203  1308 I chatty  : uid=1000(system) ActivityManager expire 9 lines
06-04 10:13:00.000  1203  1600 I chatty  : uid=1000(system) AlarmManager expire 33 lines
06-04 10:13:06.703 13577 13605 W PackageParser: Unknown element under <service>: permission at /data/user/0/com.miui.systemAdSolution/app_analytics/analytics.apk Binary XML file line #114
06-04 10:13:24.259 13652 13652 I chatty  : uid=1000(system) com.android.settings expire 2 lines
06-04 10:14:22.758 13888 13888 I chatty  : uid=1000(system) com.miui.securitycore expire 2 lines
06-04 10:14:27.731  1203  1601 I chatty  : uid=1000(system) InputDispatcher expire 4 lines
06-04 10:15:49.243  1713  1769 I chatty  : uid=1000(system) local_job_dispa expire 2 lines
06-04 10:23:27.697  1203  1307 I chatty  : uid=1000(system) android.bg expire 1 line
06-04 10:25:33.916  1203  1295 I chatty  : uid=1000(system) Binder_2 expire 14 lines
06-04 10:25:33.925  1203  2334 I chatty  : uid=1000(system) Binder_A expire 15 lines
06-04 10:25:33.939  1203  2424 I chatty  : uid=1000(system) Binder_F expire 7 lines
06-04 10:25:33.942  1203  2379 I chatty  : uid=1000(system) Binder_E expire 9 lines
06-04 10:25:33.945  1203  1731 I chatty  : uid=1000(system) Binder_3 expire 14 lines
06-04 10:25:33.958  1203  1952 I chatty  : uid=1000(system) Binder_7 expire 16 lines
06-04 10:25:33.964  1203  1917 I chatty  : uid=1000(system) Binder_6 expire 10 lines
06-04 10:25:33.967  1203  2364 I chatty  : uid=1000(system) Binder_C expire 13 lines
06-04 10:25:33.979  1203  2373 I chatty  : uid=1000(system) Binder_D expire 10 lines
06-04 10:25:33.980  1203  1872 I chatty  : uid=1000(system) Binder_5 expire 8 lines
06-04 10:25:33.986  1203  2431 I chatty  : uid=1000(system) Binder_10 expire 8 lines
06-04 10:25:33.993  1203  2311 I chatty  : uid=1000(system) Binder_9 expire 10 lines
06-04 10:25:34.033  1203  1294 I chatty  : uid=1000(system) Binder_1 expire 12 lines
06-04 10:25:34.035  1203  1743 I chatty  : uid=1000(system) Binder_4 expire 11 lines
06-04 10:25:34.054  2321  2942 I chatty  : uid=1000(system) Binder_4 expire 1 line
06-04 10:25:34.126  1203  1612 I chatty  : uid=1000(system) WifiService expire 2 lines
06-04 10:25:34.165  1203  1203 I chatty  : uid=1000 system_server expire 5 lines
06-04 10:25:34.217  1203  2350 I chatty  : uid=1000(system) Binder_B expire 7 lines
06-04 10:25:34.282  1203  1613 I chatty  : uid=1000(system) ConnectivitySer expire 35 lines
06-04 10:25:34.997  1203  1308 I chatty  : uid=1000(system) ActivityManager expire 7 lines
06-04 10:26:00.000  1203  1600 I chatty  : uid=1000(system) AlarmManager expire 26 lines
06-04 10:26:25.322 14792 14792 I chatty  : uid=1000(system) com.android.settings expire 1 line
06-04 10:26:34.331  1203  2244 I chatty  : uid=1000(system) Binder_8 expire 8 lines
06-04 10:26:34.571 14813 14836 W PackageParser: Unknown element under <service>: permission at /data/user/0/com.miui.systemAdSolution/app_analytics/analytics.apk Binary XML file line #114
06-04 10:27:15.189 14877 14877 I chatty  : uid=1000(system) com.miui.securitycore expire 2 lines
06-04 10:29:22.608  1203  2373 I chatty  : uid=1000(system) Binder_D expire 10 lines
06-04 10:36:32.460  1203  1917 I chatty  : uid=1000(system) Binder_6 expire 6 lines
06-04 10:36:32.463  1203  2311 I chatty  : uid=1000(system) Binder_9 expire 8 lines
06-04 10:36:32.466  1203  1731 I chatty  : uid=1000(system) Binder_3 expire 11 lines
06-04 10:36:32.467  1203  2379 I chatty  : uid=1000(system) Binder_E expire 9 lines
06-04 10:36:32.471  1203  2424 I chatty  : uid=1000(system) Binder_F expire 9 lines
06-04 10:36:35.955  1713  1769 I chatty  : uid=1000(system) local_job_dispa expire 3 lines
06-04 10:36:37.083  1203  2350 I chatty  : uid=1000(system) Binder_B expire 11 lines
06-04 10:36:37.090  1203  1952 I chatty  : uid=1000(system) Binder_7 expire 9 lines
06-04 10:36:37.103  1203  1294 I chatty  : uid=1000(system) Binder_1 expire 10 lines
06-04 10:36:37.108  1203  1295 I chatty  : uid=1000(system) Binder_2 expire 6 lines
06-04 10:36:37.110  1203  1743 I chatty  : uid=1000(system) Binder_4 expire 8 lines
06-04 10:36:37.135  1203  2334 I chatty  : uid=1000(system) Binder_A expire 9 lines
06-04 10:36:37.144  1203  1872 I chatty  : uid=1000(system) Binder_5 expire 9 lines
06-04 10:36:37.221  1203  2244 I chatty  : uid=1000(system) Binder_8 expire 10 lines
06-04 10:36:37.221  1203  1203 I chatty  : uid=1000 system_server expire 4 lines
06-04 10:36:37.305  1203  2364 I chatty  : uid=1000(system) Binder_C expire 6 lines
06-04 10:36:37.308  1203  1612 I chatty  : uid=1000(system) WifiService expire 4 lines
06-04 10:36:38.185  1203  1308 I chatty  : uid=1000(system) ActivityManager expire 7 lines
06-04 10:36:46.154  1203  1613 I chatty  : uid=1000(system) ConnectivitySer expire 56 lines
06-04 10:36:47.247  1203  1309 I chatty  : uid=1000(system) android.ui expire 1 line
06-04 10:36:47.555 15320 15320 I chatty  : uid=1000(system) com.android.settings expire 3 lines
06-04 10:37:00.000  1203  1600 I chatty  : uid=1000(system) AlarmManager expire 36 lines
06-04 10:37:47.486 15490 15510 W PackageParser: Unknown element under <service>: permission at /data/user/0/com.miui.systemAdSolution/app_analytics/analytics.apk Binary XML file line #114
06-04 10:37:49.343  1844  2009 I chatty  : uid=1000(system) TrafficManageSe expire 1 line
06-04 10:38:28.378 15750 15750 I chatty  : uid=1000(system) com.miui.securitycore expire 2 lines
06-04 10:41:29.611  1203  2431 I chatty  : uid=1000(system) Binder_10 expire 3 lines
06-04 10:44:43.124  1203  1312 I chatty  : uid=1000(system) android.fg expire 1 line
06-04 10:45:14.155  1203  1601 I chatty  : uid=1000(system) InputDispatcher expire 6 lines
06-04 10:45:35.128  1203  1307 I chatty  : uid=1000(system) android.bg expire 2 lines
06-04 10:51:50.270  1203  2379 I chatty  : uid=1000(system) Binder_E expire 12 lines
06-04 10:52:00.000  1203  1600 I chatty  : uid=1000(system) AlarmManager expire 19 lines
06-04 10:55:12.009  1203  1308 I chatty  : uid=1000(system) ActivityManager expire 9 lines
06-04 10:55:23.779  1203  1952 I chatty  : uid=1000(system) Binder_7 expire 7 lines
06-04 10:55:23.787  1203  1743 I chatty  : uid=1000(system) Binder_4 expire 5 lines
06-04 10:55:23.794  1203  1295 I chatty  : uid=1000(system) Binder_2 expire 7 lines
06-04 10:55:23.802  1203  2431 I chatty  : uid=1000(system) Binder_10 expire 5 lines
06-04 10:55:57.883  1203  2311 I chatty  : uid=1000(system) Binder_9 expire 7 lines
06-04 10:55:57.898  1203  1731 I chatty  : uid=1000(system) Binder_3 expire 6 lines
06-04 10:56:04.365  1203  1872 I chatty  : uid=1000(system) Binder_5 expire 5 lines
06-04 10:56:57.984  1203  2424 I chatty  : uid=1000(system) Binder_F expire 21 lines
06-04 10:56:57.988  1203  2334 I chatty  : uid=1000(system) Binder_A expire 6 lines
06-04 10:56:58.580  1203  2350 I chatty  : uid=1000(system) Binder_B expire 5 lines
06-04 10:56:58.591  1203  2244 I chatty  : uid=1000(system) Binder_8 expire 2 lines
06-04 10:56:58.598  1203  2364 I chatty  : uid=1000(system) Binder_C expire 3 lines
06-04 10:57:54.322  1203  1613 I chatty  : uid=1000(system) ConnectivitySer expire 25 lines
06-04 10:58:58.268  1203  1203 I chatty  : uid=1000 system_server expire 31 lines
06-04 10:59:01.257 17375 17399 E ActivityThread: Failed to find provider info for metok
06-04 10:59:01.262 17375 17375 E ActivityThread: Failed to find provider info for metok
06-04 10:59:14.390  1203  1601 I chatty  : uid=1000(system) InputDispatcher expire 2 lines
06-04 10:59:18.126  1203  1359 I chatty  : uid=1000(system) PackageManager expire 3 lines
06-04 10:59:19.328  1203  1619 I chatty  : uid=1000(system) LocationPolicy expire 2 lines
06-04 10:59:19.403  1844  2009 I chatty  : uid=1000(system) TrafficManageSe expire 1 line
06-04 10:59:19.533 17471 17471 I chatty  : uid=1000(system) com.android.keychain expire 1 line
06-04 10:59:19.750  1203  1294 I chatty  : uid=1000(system) Binder_1 expire 5 lines
06-04 10:59:20.389  1203  1917 I chatty  : uid=1000(system) Binder_6 expire 3 lines
06-04 10:59:21.136  1203  2373 I chatty  : uid=1000(system) Binder_D expire 8 lines
06-04 10:59:35.929  1203  1600 I chatty  : uid=1000(system) AlarmManager expire 12 lines
06-04 11:03:57.133  1203 10419 I chatty  : uid=1000(system) AsyncTask #9 expire 1 line
06-04 11:03:57.167  1203 17766 I chatty  : uid=1000 system_server expire 4 lines
06-04 11:03:57.453 17760 17760 I InCall  : InCallPresenter - onCallListChange oldState= NO_CALLS newState=NO_CALLS
06-04 11:03:57.453 17760 17760 I InCall  : InCallPresenter - onCallListChange newState changed to NO_CALLS
06-04 11:03:57.456  1203  1203 I chatty  : uid=1000 system_server expire 2 lines
06-04 11:03:57.626  1713 17802 I chatty  : uid=1000(system) com.android.systemui expire 1 line
06-04 11:03:57.961 17760 17760 I InCall  : InCallPresenter - onCallListChange oldState= INCOMING newState=INCOMING
06-04 11:03:57.961 17760 17760 I InCall  : InCallPresenter - onCallListChange newState changed to INCOMING
06-04 11:04:00.000  1203  1600 I chatty  : uid=1000(system) AlarmManager expire 15 lines
06-04 11:04:02.835 17760 17760 I InCall  : Call - update Call_0 call, old state is INCOMING, new call detail is INCOMING
06-04 11:04:02.837 17760 17760 I InCall  : InCallPresenter - onCallListChange oldState= INCOMING newState=INCOMING
06-04 11:04:02.838 17760 17760 I InCall  : InCallPresenter - onCallListChange newState changed to INCOMING
06-04 11:04:02.876 17760 17760 I InCall  : Call - update Call_0 call, old state is INCOMING, new call detail is ACTIVE
06-04 11:04:02.877 17760 17760 I InCall  : InCallPresenter - onCallListChange oldState= INCOMING newState=INCALL
06-04 11:04:02.878 17760 17760 I InCall  : InCallPresenter - onCallListChange newState changed to INCALL
06-04 11:04:02.922 17760 17760 I InCall  : Call - update Call_0 call, old state is ACTIVE, new call detail is ACTIVE
06-04 11:04:02.923 17760 17760 I InCall  : InCallPresenter - onCallListChange oldState= INCALL newState=INCALL
06-04 11:04:02.923 17760 17760 I InCall  : InCallPresenter - onCallListChange newState changed to INCALL
06-04 11:04:02.931 17760 17760 I InCall  : Call - update Call_0 call, old state is ACTIVE, new call detail is ACTIVE
06-04 11:04:02.932 17760 17760 I InCall  : InCallPresenter - onCallListChange oldState= INCALL newState=INCALL
06-04 11:04:02.933 17760 17760 I InCall  : InCallPresenter - onCallListChange newState changed to INCALL
06-04 11:04:02.937 17760 17760 I InCall  : Call - update Call_0 call, old state is ACTIVE, new call detail is ACTIVE
06-04 11:04:02.939 17760 17760 I InCall  : InCallPresenter - onCallListChange oldState= INCALL newState=INCALL
06-04 11:04:02.939 17760 17760 I InCall  : InCallPresenter - onCallListChange newState changed to INCALL
06-04 11:04:02.943 17760 17760 I InCall  : Call - update Call_0 call, old state is ACTIVE, new call detail is ACTIVE
06-04 11:04:02.944 17760 17760 I InCall  : InCallPresenter - onCallListChange oldState= INCALL newState=INCALL
06-04 11:04:02.944 17760 17760 I InCall  : InCallPresenter - onCallListChange newState changed to INCALL
06-04 11:04:04.123  1203  1331 I chatty  : uid=1000(system) android.display expire 1 line
06-04 11:04:05.742  1203  1613 I chatty  : uid=1000(system) ConnectivitySer expire 17 lines
06-04 11:07:23.935  1203  2424 I chatty  : uid=1000(system) Binder_F expire 12 lines
06-04 11:07:24.047  1203  2311 I chatty  : uid=1000(system) Binder_9 expire 10 lines
06-04 11:07:24.054  1203  1872 I chatty  : uid=1000(system) Binder_5 expire 10 lines
06-04 11:07:30.094  1203  1600 I chatty  : uid=1000(system) AlarmManager expire 28 lines
06-04 11:07:40.215  1203  1613 I chatty  : uid=1000(system) ConnectivitySer expire 20 lines
06-04 11:07:49.180  1203  2350 I chatty  : uid=1000(system) Binder_B expire 9 lines
06-04 11:07:49.190  1203  1731 I chatty  : uid=1000(system) Binder_3 expire 10 lines
06-04 11:07:49.201  1203  2431 I chatty  : uid=1000(system) Binder_10 expire 10 lines
06-04 11:07:49.332  1844  2009 I chatty  : uid=1000(system) TrafficManageSe expire 1 line
06-04 11:07:49.779  1203  2244 I chatty  : uid=1000(system) Binder_8 expire 7 lines
06-04 11:07:49.797  1203  1295 I chatty  : uid=1000(system) Binder_2 expire 10 lines
06-04 11:07:49.804  1203  1294 I chatty  : uid=1000(system) Binder_1 expire 10 lines
06-04 11:07:49.835  1203  2373 I chatty  : uid=1000(system) Binder_D expire 10 lines
06-04 11:09:23.007  1203  2364 I chatty  : uid=1000(system) Binder_C expire 8 lines
06-04 11:09:23.105  1203  2379 I chatty  : uid=1000(system) Binder_E expire 9 lines
06-04 11:09:23.110  1203  1743 I chatty  : uid=1000(system) Binder_4 expire 5 lines
06-04 11:09:26.433  1203  2334 I chatty  : uid=1000(system) Binder_A expire 4 lines
06-04 11:09:26.434  1203  1917 I chatty  : uid=1000(system) Binder_6 expire 11 lines
06-04 11:09:39.922  1203  1952 I chatty  : uid=1000(system) Binder_7 expire 13 lines
06-04 11:11:58.739 17804 17846 W ActivityThread: ClassLoader.loadClass: The class loader returned by Thread.getContextClassLoader() may fail for processes that host multiple applications. You should explicitly specify a context class loader. For example: Thread.setContextClassLoader(getClass().getClassLoader());
06-04 11:11:59.802  1203  1613 I chatty  : uid=1000(system) ConnectivitySer expire 7 lines
06-04 11:12:00.001  1203  1600 I chatty  : uid=1000(system) AlarmManager expire 13 lines
06-04 11:12:57.777  1203  1872 I chatty  : uid=1000(system) Binder_5 expire 4 lines
06-04 11:13:58.904  1203  1331 I chatty  : uid=1000(system) android.display expire 1 line
06-04 11:14:00.396 17760 17760 I InCall  : Call - update Call_0 call, old state is ACTIVE, new call detail is DISCONNECTING
06-04 11:14:00.397 17760 17760 I InCall  : InCallPresenter - onCallListChange oldState= INCALL newState=INCALL
06-04 11:14:00.397 17760 17760 I InCall  : InCallPresenter - onCallListChange newState changed to INCALL
06-04 11:14:00.410 17760 17760 I InCall  : Call - update Call_0 call, old state is DISCONNECTING, new call detail is DISCONNECTING
06-04 11:14:00.411 17760 17760 I InCall  : InCallPresenter - onCallListChange oldState= INCALL newState=INCALL
06-04 11:14:00.411 17760 17760 I InCall  : InCallPresenter - onCallListChange newState changed to INCALL
06-04 11:14:00.420  1203  1952 I chatty  : uid=1000(system) Binder_7 expire 22 lines
06-04 11:14:00.447 17760 17760 I InCall  : Call - update Call_0 call, old state is DISCONNECTING, new call detail is DISCONNECTING
06-04 11:14:00.448 17760 17760 I InCall  : InCallPresenter - onCallListChange oldState= INCALL newState=INCALL
06-04 11:14:00.448 17760 17760 I InCall  : InCallPresenter - onCallListChange newState changed to INCALL
06-04 11:14:00.453 17760 17760 I InCall  : Call - update Call_0 call, old state is DISCONNECTING, new call detail is DISCONNECTING
06-04 11:14:00.454 17760 17760 I InCall  : InCallPresenter - onCallListChange oldState= INCALL newState=INCALL
06-04 11:14:00.454 17760 17760 I InCall  : InCallPresenter - onCallListChange newState changed to INCALL
06-04 11:14:00.471 17760 17760 I InCall  : Call - update Call_0 call, old state is DISCONNECTING, new call detail is DISCONNECTED
06-04 11:14:00.479 17760 17760 I InCall  : InCallPresenter - onCallListChange oldState= INCALL newState=INCALL
06-04 11:14:00.480 17760 17760 I InCall  : InCallPresenter - onCallListChange newState changed to INCALL
06-04 11:14:00.492  1203  1308 I chatty  : uid=1000(system) ActivityManager expire 1 line
06-04 11:14:00.499 17760 17760 I InCall  : Call - update Call_0 call, old state is DISCONNECTED, new call detail is DISCONNECTED
06-04 11:14:00.500 17760 17760 I InCall  : InCallPresenter - onCallListChange oldState= INCALL newState=INCALL
06-04 11:14:00.501 17760 17760 I InCall  : InCallPresenter - onCallListChange newState changed to INCALL
06-04 11:14:00.672 17760 17760 I InCall  : InCallPresenter - onCallListChange oldState= INCALL newState=NO_CALLS
06-04 11:14:00.674 17760 17760 I InCall  : InCallPresenter - onCallListChange newState changed to NO_CALLS
06-04 11:14:00.706 17760 17760 I InCall  : InCallPresenter - onCallListChange oldState= NO_CALLS newState=NO_CALLS
06-04 11:14:00.706 17760 17760 I InCall  : InCallPresenter - onCallListChange newState changed to NO_CALLS
06-04 11:14:00.888  1203  1203 I chatty  : uid=1000 system_server expire 2 lines
06-04 11:14:01.098  1203  2373 I chatty  : uid=1000(system) Binder_D expire 2 lines
06-04 11:14:05.514 17760 17760 I InCall  : InCallPresenter - onCallListChange oldState= NO_CALLS newState=NO_CALLS
06-04 11:14:05.514 17760 17760 I InCall  : InCallPresenter - onCallListChange newState changed to NO_CALLS
06-04 11:15:00.000  1203  1600 I chatty  : uid=1000(system) AlarmManager expire 3 lines
06-04 11:15:23.803  1203  1731 I chatty  : uid=1000(system) Binder_3 expire 2 lines
06-04 11:15:23.881  1203  2311 I chatty  : uid=1000(system) Binder_9 expire 22 lines
06-04 11:15:57.849  1203  1872 I chatty  : uid=1000(system) Binder_5 expire 11 lines
06-04 11:15:57.869  1203  2334 I chatty  : uid=1000(system) Binder_A expire 16 lines
06-04 11:15:57.879  1203  2350 I chatty  : uid=1000(system) Binder_B expire 9 lines
06-04 11:15:57.908  1203  2379 I chatty  : uid=1000(system) Binder_E expire 10 lines
06-04 11:15:57.912  1203  1917 I chatty  : uid=1000(system) Binder_6 expire 7 lines
06-04 11:15:57.928  1203  2424 I chatty  : uid=1000(system) Binder_F expire 14 lines
06-04 11:16:00.000  1203  1600 I chatty  : uid=1000(system) AlarmManager expire 58 lines
06-04 11:17:49.176  1203  1743 I chatty  : uid=1000(system) Binder_4 expire 12 lines
06-04 11:17:49.765  1203  2431 I chatty  : uid=1000(system) Binder_10 expire 10 lines
06-04 11:17:49.780  1203  2373 I chatty  : uid=1000(system) Binder_D expire 11 lines
06-04 11:17:49.785  1203  1295 I chatty  : uid=1000(system) Binder_2 expire 10 lines
06-04 11:17:49.795  1203  2364 I chatty  : uid=1000(system) Binder_C expire 9 lines
06-04 11:17:49.835  1203  1952 I chatty  : uid=1000(system) Binder_7 expire 12 lines
06-04 11:17:49.842  1203  2244 I chatty  : uid=1000(system) Binder_8 expire 14 lines
06-04 11:17:49.859  1203  1294 I chatty  : uid=1000(system) Binder_1 expire 8 lines
06-04 11:18:58.025  1203  1731 I chatty  : uid=1000(system) Binder_3 expire 18 lines
06-04 11:25:12.059  1203  1308 I chatty  : uid=1000(system) ActivityManager expire 4 lines
06-04 11:34:00.576  1203  1307 I chatty  : uid=1000(system) android.bg expire 1 line
06-04 11:38:02.653  1844  2009 I chatty  : uid=1000(system) TrafficManageSe expire 1 line
06-04 11:38:06.783  1203  2350 I chatty  : uid=1000(system) Binder_B expire 10 lines
06-04 11:39:00.001  1203  1600 I chatty  : uid=1000(system) AlarmManager expire 47 lines
06-04 11:43:03.322  1203  2431 I chatty  : uid=1000(system) Binder_10 expire 11 lines
06-04 11:43:03.327  1203  2244 I chatty  : uid=1000(system) Binder_8 expire 9 lines
06-04 11:43:03.332  1203  1952 I chatty  : uid=1000(system) Binder_7 expire 11 lines
06-04 11:43:04.004  1203  2334 I chatty  : uid=1000(system) Binder_A expire 10 lines
06-04 11:43:04.013  1203  1743 I chatty  : uid=1000(system) Binder_4 expire 10 lines
06-04 11:43:04.016  1203  1731 I chatty  : uid=1000(system) Binder_3 expire 8 lines
06-04 11:43:04.024  1203  2424 I chatty  : uid=1000(system) Binder_F expire 13 lines
06-04 11:43:04.036  1203  2311 I chatty  : uid=1000(system) Binder_9 expire 15 lines
06-04 11:43:04.040  1203  1295 I chatty  : uid=1000(system) Binder_2 expire 8 lines
06-04 11:43:04.057  1203  1917 I chatty  : uid=1000(system) Binder_6 expire 9 lines
06-04 11:43:04.070  1203  2373 I chatty  : uid=1000(system) Binder_D expire 10 lines
06-04 11:43:04.090  1203  1294 I chatty  : uid=1000(system) Binder_1 expire 12 lines
06-04 11:43:04.101  1203  2364 I chatty  : uid=1000(system) Binder_C expire 7 lines
06-04 11:43:04.280  1203  1872 I chatty  : uid=1000(system) Binder_5 expire 14 lines
06-04 11:45:47.261  1203  2379 I chatty  : uid=1000(system) Binder_E expire 10 lines
06-04 11:45:48.256  1203  1613 I chatty  : uid=1000(system) ConnectivitySer expire 4 lines
06-04 11:45:48.342 15320 15320 I chatty  : uid=1000(system) com.android.settings expire 1 line
06-04 11:46:03.404  1203  1308 I chatty  : uid=1000(system) ActivityManager expire 3 lines
06-04 11:59:06.763  1203  1203 I chatty  : uid=1000 system_server expire 1 line
06-04 11:59:09.714 18790 18814 E ActivityThread: Failed to find provider info for metok
06-04 11:59:09.727 18790 18790 E ActivityThread: Failed to find provider info for metok
06-04 11:59:49.470  1203  2424 I chatty  : uid=1000(system) Binder_F expire 4 lines
06-04 11:59:49.511  1203  2334 I chatty  : uid=1000(system) Binder_A expire 3 lines
06-04 11:59:49.691 18839 18839 D ActivityThread: Loading provider com.whatsapp.provider.contact: com.whatsapp.contact.ContactProvider
06-04 11:59:50.181  1203  2350 I chatty  : uid=1000(system) Binder_B expire 6 lines
06-04 11:59:51.221  1713  1769 I chatty  : uid=1000(system) local_job_dispa expire 2 lines
06-04 12:00:00.000  1203  1600 I chatty  : uid=1000(system) AlarmManager expire 1 line
06-04 12:00:00.184  1203  2431 I chatty  : uid=1000(system) Binder_10 expire 1 line
06-04 12:00:18.479 18839 18839 W ViewRootImpl: Dropping event due to no window focus: KeyEvent { action=ACTION_DOWN, keyCode=KEYCODE_BACK, scanCode=158, metaState=0, flags=0x48, repeatCount=0, eventTime=197136864, downTime=197136864, deviceId=6, source=0x101 }
06-04 12:00:20.967  1203  2373 I chatty  : uid=1000(system) Binder_D expire 5 lines
06-04 12:00:21.193  1203  2311 I chatty  : uid=1000(system) Binder_9 expire 1 line
06-04 12:00:29.486  1203  2379 I chatty  : uid=1000(system) Binder_E expire 4 lines
06-04 12:00:29.520  1203  1294 I chatty  : uid=1000(system) Binder_1 expire 2 lines
06-04 12:00:29.552  1203  1743 I chatty  : uid=1000(system) Binder_4 expire 2 lines
06-04 12:00:29.558  1203  1872 I chatty  : uid=1000(system) Binder_5 expire 11 lines
06-04 12:00:29.560  1203  2244 I chatty  : uid=1000(system) Binder_8 expire 8 lines
06-04 12:00:29.563  1203  2311 I chatty  : uid=1000(system) Binder_9 expire 7 lines
06-04 12:00:29.566  1203  2431 I chatty  : uid=1000(system) Binder_10 expire 10 lines
06-04 12:00:29.569  1203  2379 I chatty  : uid=1000(system) Binder_E expire 12 lines
06-04 12:00:29.623  1203  2334 I chatty  : uid=1000(system) Binder_A expire 11 lines
06-04 12:00:29.625  1203  1203 I chatty  : uid=1000 system_server expire 9 lines
06-04 12:00:29.628  1203  2364 I chatty  : uid=1000(system) Binder_C expire 4 lines
06-04 12:00:29.633  1203  2424 I chatty  : uid=1000(system) Binder_F expire 6 lines
06-04 12:00:29.643  1203  2350 I chatty  : uid=1000(system) Binder_B expire 11 lines
06-04 12:00:29.644  1203  1952 I chatty  : uid=1000(system) Binder_7 expire 10 lines
06-04 12:00:29.646  1203  1612 I chatty  : uid=1000(system) WifiService expire 4 lines
06-04 12:00:29.647  1203  1917 I chatty  : uid=1000(system) Binder_6 expire 10 lines
06-04 12:00:29.650  2321  2348 I chatty  : uid=1000(system) Binder_2 expire 1 line
06-04 12:00:29.694  1203  1295 I chatty  : uid=1000(system) Binder_2 expire 8 lines
06-04 12:00:29.699  1203  1294 I chatty  : uid=1000(system) Binder_1 expire 7 lines
06-04 12:00:29.818  1203  1743 I chatty  : uid=1000(system) Binder_4 expire 8 lines
06-04 12:00:29.821  1203  1613 I chatty  : uid=1000(system) ConnectivitySer expire 42 lines
06-04 12:00:29.848  1203  2373 I chatty  : uid=1000(system) Binder_D expire 4 lines
06-04 12:00:30.536  1203  1308 I chatty  : uid=1000(system) ActivityManager expire 7 lines
06-04 12:00:30.899  1713  1769 I chatty  : uid=1000(system) local_job_dispa expire 1 line
06-04 12:00:37.271  1203  1600 I chatty  : uid=1000(system) AlarmManager expire 55 lines
06-04 12:00:40.054 19082 19116 W PackageParser: Unknown element under <service>: permission at /data/user/0/com.miui.systemAdSolution/app_analytics/analytics.apk Binary XML file line #114
06-04 12:01:09.217 19221 19221 I chatty  : uid=1000(system) com.android.settings expire 2 lines
06-04 12:01:28.089  1203  1731 I chatty  : uid=1000(system) Binder_3 expire 3 lines
06-04 12:08:14.853  1844  2009 I chatty  : uid=1000(system) TrafficManageSe expire 1 line
06-04 12:14:43.126  1203  1312 I chatty  : uid=1000(system) android.fg expire 1 line
06-04 12:19:49.553  1203  1307 I chatty  : uid=1000(system) android.bg expire 1 line
06-04 12:22:53.541 19644 19644 I chatty  : uid=1000(system) com.miui.securitycenter expire 1 line
06-04 12:22:53.556 19644 19665 I chatty  : uid=1000(system) com.miui.securitycenter expire 2 lines
06-04 12:22:53.572  1203  2379 I chatty  : uid=1000(system) Binder_E expire 8 lines
06-04 12:22:53.574 19644 19644 I chatty  : uid=1000(system) com.miui.securitycenter expire 1 line
06-04 12:22:53.574  1203  2364 I chatty  : uid=1000(system) Binder_C expire 11 lines
06-04 12:22:53.616  1203  1294 I chatty  : uid=1000(system) Binder_1 expire 10 lines
06-04 12:22:53.662  1203  1308 I chatty  : uid=1000(system) ActivityManager expire 9 lines
06-04 12:22:53.829  1203  2311 I chatty  : uid=1000(system) Binder_9 expire 8 lines
06-04 12:22:54.121  1203  1637 I chatty  : uid=1000(system) backup expire 1 line
06-04 12:22:56.510  3008  3042 D DefContainer: Copying /data/local/tmp/app-debug.apk to base.apk
06-04 12:23:00.000  1203  1600 I chatty  : uid=1000(system) AlarmManager expire 17 lines
06-04 12:23:15.853  1203  1359 I chatty  : uid=1000(system) PackageManager expire 24 lines
06-04 12:23:16.427  1203  1619 I chatty  : uid=1000(system) LocationPolicy expire 4 lines
06-04 12:23:16.576  1203  1872 I chatty  : uid=1000(system) Binder_5 expire 9 lines
06-04 12:23:16.758  1203  2373 I chatty  : uid=1000(system) Binder_D expire 11 lines
06-04 12:23:16.763  1203  1203 I chatty  : uid=1000 system_server expire 5 lines
06-04 12:23:16.922  1203  2244 I chatty  : uid=1000(system) Binder_8 expire 9 lines
06-04 12:23:16.940  1203  1333 I chatty  : uid=1000(system) CpuTracker expire 1 line
06-04 12:23:16.943  1203  2431 I chatty  : uid=1000(system) Binder_10 expire 5 lines
06-04 12:23:17.128  1203  1295 I chatty  : uid=1000(system) Binder_2 expire 7 lines
06-04 12:23:17.675  1203  1952 I chatty  : uid=1000(system) Binder_7 expire 3 lines
06-04 12:23:17.705  1203  2334 I chatty  : uid=1000(system) Binder_A expire 8 lines
06-04 12:23:17.732  1203  2424 I chatty  : uid=1000(system) Binder_F expire 5 lines
06-04 12:23:19.201  1203  2350 I chatty  : uid=1000(system) Binder_B expire 9 lines
06-04 12:23:19.600  1203  1743 I chatty  : uid=1000(system) Binder_4 expire 6 lines
06-04 12:23:33.519  1203  1731 I chatty  : uid=1000(system) Binder_3 expire 7 lines
06-04 12:23:33.544  1203  1917 I chatty  : uid=1000(system) Binder_6 expire 5 lines
06-04 12:25:12.198  1203  1307 I chatty  : uid=1000(system) android.bg expire 1 line
06-04 12:26:48.551  1203  1601 I chatty  : uid=1000(system) InputDispatcher expire 2 lines
06-04 12:26:54.119  1844  2009 I chatty  : uid=1000(system) TrafficManageSe expire 2 lines
06-04 12:26:54.184 20268 20268 I chatty  : uid=1000(system) com.android.keychain expire 1 line
06-04 12:27:08.277  1203  1613 I chatty  : uid=1000(system) ConnectivitySer expire 11 lines
06-04 12:27:48.628 19221 19239 I chatty  : uid=1000(system) com.android.settings expire 1 line
06-04 12:28:22.448 20393 20393 D ActivityThread: Loading provider com.whatsapp.provider.contact: com.whatsapp.contact.ContactProvider
06-04 12:28:23.746  1203  1613 I chatty  : uid=1000(system) ConnectivitySer expire 2 lines
06-04 12:28:32.930 20527 20527 I chatty  : uid=1000(system) com.miui.securitycenter expire 2 lines
06-04 12:28:32.947 20527 20548 I chatty  : uid=1000(system) com.miui.securitycenter expire 2 lines
06-04 12:28:35.275  3008  3028 D DefContainer: Copying /data/local/tmp/app-debug.apk to base.apk
06-04 12:28:37.557  1203  1600 I chatty  : uid=1000(system) AlarmManager expire 26 lines
06-04 12:28:50.521  1203  1359 I chatty  : uid=1000(system) PackageManager expire 21 lines
06-04 12:38:58.091  1203  1295 I chatty  : uid=1000(system) Binder_2 expire 11 lines
06-04 12:38:58.105  1203  1294 I chatty  : uid=1000(system) Binder_1 expire 7 lines
06-04 12:38:59.548  1203  1917 I chatty  : uid=1000(system) Binder_6 expire 9 lines
06-04 12:38:59.555  1203  2350 I chatty  : uid=1000(system) Binder_B expire 11 lines
06-04 12:39:00.000  1203  1600 I chatty  : uid=1000(system) AlarmManager expire 49 lines
06-04 12:42:53.385  1203  1307 I chatty  : uid=1000(system) android.bg expire 2 lines
06-04 12:43:09.281  1203  2379 I chatty  : uid=1000(system) Binder_E expire 7 lines
06-04 12:43:09.289  1203  2311 I chatty  : uid=1000(system) Binder_9 expire 12 lines
06-04 12:43:09.304  1203  2244 I chatty  : uid=1000(system) Binder_8 expire 10 lines
06-04 12:44:02.080  1203  1952 I chatty  : uid=1000(system) Binder_7 expire 11 lines
06-04 12:44:02.092  1203  1743 I chatty  : uid=1000(system) Binder_4 expire 7 lines
06-04 12:44:02.118  1203  1872 I chatty  : uid=1000(system) Binder_5 expire 11 lines
06-04 12:44:02.125  1203  2431 I chatty  : uid=1000(system) Binder_10 expire 10 lines
06-04 12:45:48.305  1203  1613 I chatty  : uid=1000(system) ConnectivitySer expire 5 lines
06-04 12:45:48.359 19221 19221 I chatty  : uid=1000(system) com.android.settings expire 1 line
06-04 12:45:48.386  1203  2373 I chatty  : uid=1000(system) Binder_D expire 9 lines
06-04 12:45:48.576  1203  2364 I chatty  : uid=1000(system) Binder_C expire 10 lines
06-04 12:46:24.757  1203  2334 I chatty  : uid=1000(system) Binder_A expire 11 lines
06-04 12:46:24.772  1203  2424 I chatty  : uid=1000(system) Binder_F expire 6 lines
06-04 12:46:25.588  1203  1731 I chatty  : uid=1000(system) Binder_3 expire 6 lines
06-04 12:51:49.807  1938  1938 I chatty  : uid=1000(system) com.miui.securitycenter.remote expire 1 line
06-04 12:55:12.171  1203  1308 I chatty  : uid=1000(system) ActivityManager expire 2 lines
06-04 12:57:00.008  1203  1203 I chatty  : uid=1000 system_server expire 3 lines
06-04 12:59:13.546 21190 21211 E ActivityThread: Failed to find provider info for metok
06-04 12:59:13.569 21190 21190 E ActivityThread: Failed to find provider info for metok
06-04 13:00:00.001  1203  1600 I chatty  : uid=1000(system) AlarmManager expire 43 lines
06-04 13:07:32.607  1844  2009 I chatty  : uid=1000(system) TrafficManageSe expire 3 lines
06-04 13:17:17.097  1203  1743 I chatty  : uid=1000(system) Binder_4 expire 9 lines
06-04 13:17:17.104  1203  2424 I chatty  : uid=1000(system) Binder_F expire 5 lines
06-04 13:17:17.115  1203  1731 I chatty  : uid=1000(system) Binder_3 expire 9 lines
06-04 13:17:17.678  1203  2244 I chatty  : uid=1000(system) Binder_8 expire 13 lines
06-04 13:17:17.685  1203  2311 I chatty  : uid=1000(system) Binder_9 expire 7 lines
06-04 13:17:17.687  1203  1872 I chatty  : uid=1000(system) Binder_5 expire 8 lines
06-04 13:17:17.695  1203  2373 I chatty  : uid=1000(system) Binder_D expire 8 lines
06-04 13:17:17.700  1203  1600 I chatty  : uid=1000(system) AlarmManager expire 88 lines
06-04 13:17:17.713  1203  2364 I chatty  : uid=1000(system) Binder_C expire 12 lines
06-04 13:17:17.730  1203  1917 I chatty  : uid=1000(system) Binder_6 expire 12 lines
06-04 13:17:17.744  1203  2431 I chatty  : uid=1000(system) Binder_10 expire 7 lines
06-04 13:19:09.094  1203  2334 I chatty  : uid=1000(system) Binder_A expire 16 lines
06-04 13:20:38.780  1203  1203 I chatty  : uid=1000 system_server expire 1 line
06-04 13:20:39.155  1203  1952 I chatty  : uid=1000(system) Binder_7 expire 11 lines
06-04 13:21:36.563  1203  1308 I chatty  : uid=1000(system) ActivityManager expire 3 lines
06-04 13:21:37.206  1203  1294 I chatty  : uid=1000(system) Binder_1 expire 7 lines
06-04 13:21:39.346  2450  2450 D MccTable: updateMccMncConfiguration mccmnc='null' fromServiceState=true
06-04 13:21:39.347  2450  2450 D MccTable: WIFI_COUNTRY_CODE set to 
06-04 13:21:39.347  1203  1295 I chatty  : uid=1000(system) Binder_2 expire 13 lines
06-04 13:21:39.545  1203  2379 I chatty  : uid=1000(system) Binder_E expire 6 lines
06-04 13:21:47.019  2450  2450 D MccTable: updateMccMncConfiguration mccmnc='21403' fromServiceState=true
06-04 13:21:47.021  2450  2450 D MccTable: updateMccMncConfiguration defaultMccMnc=21419
06-04 13:21:47.021  2450  2450 D MccTable: updateMccMncConfiguration: mcc=214, mnc=3
06-04 13:21:47.021  2450  2450 D MccTable: WIFI_COUNTRY_CODE set to es
06-04 13:22:51.108  1203  1613 I chatty  : uid=1000(system) ConnectivitySer expire 9 lines
06-04 13:25:08.936  1203  2350 I chatty  : uid=1000(system) Binder_B expire 7 lines
06-04 13:45:48.214 19221 19221 I chatty  : uid=1000(system) com.android.settings expire 1 line
06-04 13:52:45.457  1203  1307 I chatty  : uid=1000(system) android.bg expire 2 lines
06-04 13:53:00.000  1203  1600 I chatty  : uid=1000(system) AlarmManager expire 80 lines
06-04 13:53:51.491  1203  1295 I chatty  : uid=1000(system) Binder_2 expire 10 lines
06-04 13:53:51.511  1203  1731 I chatty  : uid=1000(system) Binder_3 expire 9 lines
06-04 13:53:51.519  1203  2311 I chatty  : uid=1000(system) Binder_9 expire 13 lines
06-04 13:53:52.164  1203  2350 I chatty  : uid=1000(system) Binder_B expire 8 lines
06-04 13:53:52.174  1203  2424 I chatty  : uid=1000(system) Binder_F expire 15 lines
06-04 13:53:52.178  1203  2334 I chatty  : uid=1000(system) Binder_A expire 6 lines
06-04 13:53:52.206  1203  1743 I chatty  : uid=1000(system) Binder_4 expire 7 lines
06-04 13:53:52.232  1203  2379 I chatty  : uid=1000(system) Binder_E expire 14 lines
06-04 13:55:08.731  1203  2364 I chatty  : uid=1000(system) Binder_C expire 9 lines
06-04 13:55:08.746  1203  2431 I chatty  : uid=1000(system) Binder_10 expire 9 lines
06-04 13:55:12.056  1203  1308 I chatty  : uid=1000(system) ActivityManager expire 6 lines
06-04 13:59:14.270  1203  1952 I chatty  : uid=1000(system) Binder_7 expire 7 lines
06-04 13:59:14.957  1203  1917 I chatty  : uid=1000(system) Binder_6 expire 11 lines
06-04 13:59:14.965  1203  1294 I chatty  : uid=1000(system) Binder_1 expire 14 lines
