--------- beginning of system
06-04 03:32:14.366 25482 25502 W ActivityThread: ClassLoader.loadClass: The class loader returned by Thread.getContextClassLoader() may fail for processes that host multiple applications. You should explicitly specify a context class loader. For example: Thread.setContextClassLoader(getClass().getClassLoader());
06-04 03:32:18.465  1203  1308 I chatty  : uid=1000(system) ActivityManager expire 42 lines
06-04 03:32:32.464  1203  1600 I chatty  : uid=1000(system) AlarmManager expire 36 lines
06-04 03:37:32.680  1844  2009 I chatty  : uid=1000(system) TrafficManageSe expire 2 lines
06-04 03:44:32.716  1203  1600 I chatty  : uid=1000(system) AlarmManager expire 87 lines
06-04 03:44:39.353  1203  1308 I chatty  : uid=1000(system) ActivityManager expire 101 lines
06-04 03:44:42.991  1203  1312 I chatty  : uid=1000(system) android.fg expire 1 line
06-04 03:45:32.465  1203  1917 I chatty  : uid=1000(system) Binder_6 expire 4 lines
06-04 03:45:42.415  1203  1613 I chatty  : uid=1000(system) ConnectivitySer expire 1 line
06-04 03:45:42.487 20871 20871 I chatty  : uid=1000(system) com.android.settings expire 2 lines
06-04 03:45:42.516  1203  2364 I chatty  : uid=1000(system) Binder_C expire 5 lines
06-04 03:45:42.651  1203  1731 I chatty  : uid=1000(system) Binder_3 expire 7 lines
06-04 03:45:42.678  1203  2311 I chatty  : uid=1000(system) Binder_9 expire 4 lines
06-04 03:45:42.759 20871 25860 I chatty  : uid=1000(system) com.android.settings expire 1 line
06-04 03:45:42.775  1203  2373 I chatty  : uid=1000(system) Binder_D expire 2 lines
06-04 03:45:43.018  1203  2379 I chatty  : uid=1000(system) Binder_E expire 5 lines
06-04 03:45:43.280  1203  2334 I chatty  : uid=1000(system) Binder_A expire 6 lines
06-04 03:45:43.962  1203  2350 I chatty  : uid=1000(system) Binder_B expire 6 lines
06-04 03:49:32.760  1203  2244 I chatty  : uid=1000(system) Binder_8 expire 3 lines
06-04 03:49:33.536  1203  1295 I chatty  : uid=1000(system) Binder_2 expire 6 lines
06-04 03:56:10.780  1938  1938 I chatty  : uid=1000(system) com.miui.securitycenter.remote expire 1 line
06-04 03:56:10.842  1203  2424 I chatty  : uid=1000(system) Binder_F expire 3 lines
06-04 03:56:11.455  1203  1952 I chatty  : uid=1000(system) Binder_7 expire 1 line
06-04 03:56:11.463  1203  1294 I chatty  : uid=1000(system) Binder_1 expire 1 line
06-04 03:56:11.471  1203  1743 I chatty  : uid=1000(system) Binder_4 expire 4 lines
06-04 04:02:32.515  1203  1872 I chatty  : uid=1000(system) Binder_5 expire 1 line
06-04 04:02:33.147  1203  2431 I chatty  : uid=1000(system) Binder_10 expire 7 lines
06-04 04:13:37.512  1203  1600 I chatty  : uid=1000(system) AlarmManager expire 62 lines
06-04 04:13:41.339  1203  1308 I chatty  : uid=1000(system) ActivityManager expire 66 lines
06-04 04:14:32.846  1203  2311 I chatty  : uid=1000(system) Binder_9 expire 9 lines
06-04 04:14:32.884  1203  2379 I chatty  : uid=1000(system) Binder_E expire 8 lines
06-04 04:14:32.892  1203  1917 I chatty  : uid=1000(system) Binder_6 expire 4 lines
06-04 04:14:33.488  1203  2424 I chatty  : uid=1000(system) Binder_F expire 5 lines
06-04 04:14:33.498  1203  2350 I chatty  : uid=1000(system) Binder_B expire 8 lines
06-04 04:14:33.524  1203  1295 I chatty  : uid=1000(system) Binder_2 expire 10 lines
06-04 04:14:33.534  1203  2244 I chatty  : uid=1000(system) Binder_8 expire 9 lines
06-04 04:14:33.545  1203  1952 I chatty  : uid=1000(system) Binder_7 expire 5 lines
06-04 04:14:33.556  1203  2364 I chatty  : uid=1000(system) Binder_C expire 8 lines
06-04 04:14:33.573  1203  2334 I chatty  : uid=1000(system) Binder_A expire 7 lines
06-04 04:14:43.036  1203  1312 I chatty  : uid=1000(system) android.fg expire 1 line
06-04 04:20:33.007  1203  1872 I chatty  : uid=1000(system) Binder_5 expire 8 lines
06-04 04:20:33.131  1203  1731 I chatty  : uid=1000(system) Binder_3 expire 5 lines
06-04 04:20:33.759  1203  2373 I chatty  : uid=1000(system) Binder_D expire 2 lines
06-04 04:20:35.477  1203  1743 I chatty  : uid=1000(system) Binder_4 expire 5 lines
06-04 04:26:21.200  1203  1203 I chatty  : uid=1000 system_server expire 6 lines
06-04 04:26:21.409  1713 26462 I chatty  : uid=1000(system) com.android.systemui expire 1 line
06-04 04:26:21.439  1203  1294 I chatty  : uid=1000(system) Binder_1 expire 5 lines
06-04 04:26:51.253  1203  1613 I chatty  : uid=1000(system) ConnectivitySer expire 3 lines
06-04 04:27:01.035  1713  3071 I chatty  : uid=1000(system) local_job_dispa expire 1 line
06-04 04:27:01.037  1203  1340 I chatty  : uid=1000(system) PowerManagerSer expire 8 lines
06-04 04:27:01.074  1203  1331 I chatty  : uid=1000(system) android.display expire 2 lines
06-04 04:27:01.236  1938  1938 I chatty  : uid=1000(system) com.miui.securitycenter.remote expire 1 line
06-04 04:31:12.901  1203  1307 I chatty  : uid=1000(system) android.bg expire 1 line
06-04 04:32:02.350  1203  1600 I chatty  : uid=1000(system) AlarmManager expire 92 lines
06-04 04:32:02.535  1203  1308 I chatty  : uid=1000(system) ActivityManager expire 89 lines
06-04 04:33:32.593  1203  2424 I chatty  : uid=1000(system) Binder_F expire 6 lines
06-04 04:33:32.608  1203  2379 I chatty  : uid=1000(system) Binder_E expire 4 lines
06-04 04:33:32.613  1203  1917 I chatty  : uid=1000(system) Binder_6 expire 6 lines
06-04 04:33:32.845  1203  1731 I chatty  : uid=1000(system) Binder_3 expire 4 lines
06-04 04:33:33.205  1203  1872 I chatty  : uid=1000(system) Binder_5 expire 6 lines
06-04 04:33:33.215  1203  1952 I chatty  : uid=1000(system) Binder_7 expire 6 lines
06-04 04:33:33.228  1203  2244 I chatty  : uid=1000(system) Binder_8 expire 2 lines
06-04 04:33:33.239  1203  2373 I chatty  : uid=1000(system) Binder_D expire 3 lines
06-04 04:33:33.246  1203  1743 I chatty  : uid=1000(system) Binder_4 expire 4 lines
06-04 04:33:33.255  1203  2350 I chatty  : uid=1000(system) Binder_B expire 5 lines
06-04 04:33:35.917  1203  2364 I chatty  : uid=1000(system) Binder_C expire 2 lines
06-04 04:33:35.968  1203  1294 I chatty  : uid=1000(system) Binder_1 expire 3 lines
06-04 04:33:35.968  1203  1295 I chatty  : uid=1000(system) Binder_2 expire 5 lines
06-04 04:33:35.969  1203  1613 I chatty  : uid=1000(system) ConnectivitySer expire 3 lines
06-04 04:37:12.837  1203  1312 I chatty  : uid=1000(system) android.fg expire 2 lines
06-04 04:38:32.909  1844  2009 I chatty  : uid=1000(system) TrafficManageSe expire 1 line
06-04 04:39:33.793  1203  2311 I chatty  : uid=1000(system) Binder_9 expire 4 lines
06-04 04:45:42.649 20871 20871 I chatty  : uid=1000(system) com.android.settings expire 1 line
06-04 04:45:48.008  1203  2431 I chatty  : uid=1000(system) Binder_10 expire 1 line
06-04 04:45:48.026  1203  2334 I chatty  : uid=1000(system) Binder_A expire 5 lines
06-04 04:58:02.691  1938  1938 I chatty  : uid=1000(system) com.miui.securitycenter.remote expire 1 line
06-04 04:58:03.330  1203  2364 I chatty  : uid=1000(system) Binder_C expire 7 lines
06-04 04:58:03.338  1203  2379 I chatty  : uid=1000(system) Binder_E expire 8 lines
06-04 04:58:03.343  1203  2431 I chatty  : uid=1000(system) Binder_10 expire 4 lines
06-04 04:58:03.352  1203  1295 I chatty  : uid=1000(system) Binder_2 expire 5 lines
06-04 04:58:03.359  1203  2424 I chatty  : uid=1000(system) Binder_F expire 5 lines
06-04 04:58:03.366  1203  1952 I chatty  : uid=1000(system) Binder_7 expire 5 lines
06-04 04:58:03.370  1203  2244 I chatty  : uid=1000(system) Binder_8 expire 6 lines
06-04 04:58:03.393  1203  1917 I chatty  : uid=1000(system) Binder_6 expire 3 lines
06-04 04:58:03.420  1203  1294 I chatty  : uid=1000(system) Binder_1 expire 4 lines
06-04 04:58:04.346  1203  1308 I chatty  : uid=1000(system) ActivityManager expire 99 lines
06-04 04:59:00.001  1203  1600 I chatty  : uid=1000(system) AlarmManager expire 80 lines
06-04 05:04:02.795  1203  1872 I chatty  : uid=1000(system) Binder_5 expire 2 lines
06-04 05:04:02.822  1203  2350 I chatty  : uid=1000(system) Binder_B expire 3 lines
06-04 05:04:02.831  1203  1743 I chatty  : uid=1000(system) Binder_4 expire 3 lines
06-04 05:04:03.458  1203  2373 I chatty  : uid=1000(system) Binder_D expire 6 lines
06-04 05:04:03.466  1203  1731 I chatty  : uid=1000(system) Binder_3 expire 7 lines
06-04 05:04:03.470  1203  2334 I chatty  : uid=1000(system) Binder_A expire 3 lines
06-04 05:04:03.484  1203  2311 I chatty  : uid=1000(system) Binder_9 expire 2 lines
06-04 05:10:02.957  1844  2009 I chatty  : uid=1000(system) TrafficManageSe expire 1 line
06-04 05:14:43.027  1203  1312 I chatty  : uid=1000(system) android.fg expire 1 line
06-04 05:15:02.352  1203  1203 I chatty  : uid=1000 system_server expire 7 lines
06-04 05:28:32.662  1203  2373 I chatty  : uid=1000(system) Binder_D expire 4 lines
06-04 05:28:32.670  1203  2244 I chatty  : uid=1000(system) Binder_8 expire 10 lines
06-04 05:28:32.748  1203  2379 I chatty  : uid=1000(system) Binder_E expire 8 lines
06-04 05:28:32.753  1203  2311 I chatty  : uid=1000(system) Binder_9 expire 6 lines
06-04 05:28:33.143  1203  1600 I chatty  : uid=1000(system) AlarmManager expire 50 lines
06-04 05:28:33.291  1203  2364 I chatty  : uid=1000(system) Binder_C expire 11 lines
06-04 05:28:33.321  1203  2350 I chatty  : uid=1000(system) Binder_B expire 5 lines
06-04 05:28:33.326  1203  2431 I chatty  : uid=1000(system) Binder_10 expire 8 lines
06-04 05:28:33.374  1203  1917 I chatty  : uid=1000(system) Binder_6 expire 9 lines
06-04 05:28:33.395  1203  1952 I chatty  : uid=1000(system) Binder_7 expire 10 lines
06-04 05:28:34.163  1203  1295 I chatty  : uid=1000(system) Binder_2 expire 4 lines
06-04 05:28:37.496  1203  1308 I chatty  : uid=1000(system) ActivityManager expire 44 lines
06-04 05:28:42.872  1203  1294 I chatty  : uid=1000(system) Binder_1 expire 11 lines
06-04 05:28:42.876  1203  1731 I chatty  : uid=1000(system) Binder_3 expire 8 lines
06-04 05:28:42.945  1713 27285 I chatty  : uid=1000(system) com.android.systemui expire 1 line
06-04 05:28:43.000  1203  2334 I chatty  : uid=1000(system) Binder_A expire 7 lines
06-04 05:28:43.019  1203  1743 I chatty  : uid=1000(system) Binder_4 expire 6 lines
06-04 05:29:12.814  1203  1613 I chatty  : uid=1000(system) ConnectivitySer expire 2 lines
06-04 05:29:18.910  1713  3071 I chatty  : uid=1000(system) local_job_dispa expire 1 line
06-04 05:29:18.914  1203  1340 I chatty  : uid=1000(system) PowerManagerSer expire 8 lines
06-04 05:29:18.936  1203  1331 I chatty  : uid=1000(system) android.display expire 2 lines
06-04 05:29:19.121  1938  1938 I chatty  : uid=1000(system) com.miui.securitycenter.remote expire 1 line
06-04 05:29:19.191  1203  2424 I chatty  : uid=1000(system) Binder_F expire 4 lines
06-04 05:29:19.200  1203  1872 I chatty  : uid=1000(system) Binder_5 expire 8 lines
06-04 05:40:11.499  1844  2009 I chatty  : uid=1000(system) TrafficManageSe expire 1 line
06-04 05:41:12.000 27448 27482 W ActivityThread: ClassLoader.loadClass: The class loader returned by Thread.getContextClassLoader() may fail for processes that host multiple applications. You should explicitly specify a context class loader. For example: Thread.setContextClassLoader(getClass().getClassLoader());
06-04 05:41:27.462  1203  1308 I chatty  : uid=1000(system) ActivityManager expire 7 lines
06-04 05:42:00.000  1203  1600 I chatty  : uid=1000(system) AlarmManager expire 10 lines
06-04 05:42:44.869  1203  1952 I chatty  : uid=1000(system) Binder_7 expire 1 line
06-04 05:42:45.500  1203  1294 I chatty  : uid=1000(system) Binder_1 expire 5 lines
06-04 05:43:45.099  1203  1600 I chatty  : uid=1000(system) AlarmManager expire 94 lines
06-04 05:43:47.622  1203  1308 I chatty  : uid=1000(system) ActivityManager expire 97 lines
06-04 05:44:43.032  1203  1312 I chatty  : uid=1000(system) android.fg expire 1 line
06-04 05:45:33.248  1203  2424 I chatty  : uid=1000(system) Binder_F expire 5 lines
06-04 05:45:42.746  1203  1613 I chatty  : uid=1000(system) ConnectivitySer expire 1 line
06-04 05:45:42.808 20871 20871 I chatty  : uid=1000(system) com.android.settings expire 1 line
06-04 05:48:43.034  1203  1307 I chatty  : uid=1000(system) android.bg expire 1 line
06-04 05:48:44.978  1203  2379 I chatty  : uid=1000(system) Binder_E expire 3 lines
06-04 05:48:45.017  1203  2334 I chatty  : uid=1000(system) Binder_A expire 8 lines
06-04 05:48:45.727  1203  2431 I chatty  : uid=1000(system) Binder_10 expire 3 lines
06-04 05:48:45.756  1203  1872 I chatty  : uid=1000(system) Binder_5 expire 6 lines
06-04 05:54:45.020  1203  1203 I chatty  : uid=1000 system_server expire 1 line
06-04 05:54:45.096  1203  2350 I chatty  : uid=1000(system) Binder_B expire 3 lines
06-04 05:54:45.117  1203  2244 I chatty  : uid=1000(system) Binder_8 expire 3 lines
06-04 05:54:45.751  1203  1917 I chatty  : uid=1000(system) Binder_6 expire 6 lines
06-04 05:54:45.784  1203  2311 I chatty  : uid=1000(system) Binder_9 expire 2 lines
06-04 06:00:38.115  1203  1952 I chatty  : uid=1000(system) Binder_7 expire 2 lines
06-04 06:00:47.254  1938  1938 I chatty  : uid=1000(system) com.miui.securitycenter.remote expire 1 line
06-04 06:00:47.383  1203  1743 I chatty  : uid=1000(system) Binder_4 expire 2 lines
06-04 06:00:47.537  1203  1295 I chatty  : uid=1000(system) Binder_2 expire 1 line
06-04 06:00:47.549  1203  2364 I chatty  : uid=1000(system) Binder_C expire 4 lines
06-04 06:00:47.990  1203  2373 I chatty  : uid=1000(system) Binder_D expire 1 line
06-04 06:00:48.052  1203  1731 I chatty  : uid=1000(system) Binder_3 expire 2 lines
06-04 06:07:27.395  1844  2009 I chatty  : uid=1000(system) TrafficManageSe expire 2 lines
06-04 06:13:27.905  1203  2424 I chatty  : uid=1000(system) Binder_F expire 8 lines
06-04 06:13:27.913  1203  2379 I chatty  : uid=1000(system) Binder_E expire 7 lines
06-04 06:13:27.918  1203  1872 I chatty  : uid=1000(system) Binder_5 expire 5 lines
06-04 06:13:27.926  1203  2350 I chatty  : uid=1000(system) Binder_B expire 5 lines
06-04 06:13:27.930  1203  1295 I chatty  : uid=1000(system) Binder_2 expire 8 lines
06-04 06:13:27.946  1203  2364 I chatty  : uid=1000(system) Binder_C expire 4 lines
06-04 06:13:27.980  1203  1952 I chatty  : uid=1000(system) Binder_7 expire 7 lines
06-04 06:13:29.802  1203  1308 I chatty  : uid=1000(system) ActivityManager expire 90 lines
06-04 06:14:00.001  1203  1600 I chatty  : uid=1000(system) AlarmManager expire 74 lines
06-04 06:14:43.033  1203  1312 I chatty  : uid=1000(system) android.fg expire 2 lines
06-04 06:19:27.407  1203  1294 I chatty  : uid=1000(system) Binder_1 expire 3 lines
06-04 06:19:27.479  1203  2244 I chatty  : uid=1000(system) Binder_8 expire 5 lines
06-04 06:19:27.485  1203  1917 I chatty  : uid=1000(system) Binder_6 expire 4 lines
06-04 06:19:27.488  1203  1203 I chatty  : uid=1000 system_server expire 1 line
06-04 06:19:27.493  1203  2431 I chatty  : uid=1000(system) Binder_10 expire 4 lines
06-04 06:19:27.675  1713 28056 I chatty  : uid=1000(system) com.android.systemui expire 1 line
06-04 06:19:28.089  1203  1743 I chatty  : uid=1000(system) Binder_4 expire 2 lines
06-04 06:19:28.094  1203  2373 I chatty  : uid=1000(system) Binder_D expire 4 lines
06-04 06:19:28.113  1203  2311 I chatty  : uid=1000(system) Binder_9 expire 7 lines
06-04 06:19:37.453  1203  1613 I chatty  : uid=1000(system) ConnectivitySer expire 1 line
06-04 06:25:11.667  1203  1307 I chatty  : uid=1000(system) android.bg expire 1 line
06-04 06:26:12.417  1203  1731 I chatty  : uid=1000(system) Binder_3 expire 6 lines
06-04 06:32:33.187  1203  2334 I chatty  : uid=1000(system) Binder_A expire 11 lines
06-04 06:38:51.424  1203  1294 I chatty  : uid=1000(system) Binder_1 expire 5 lines
06-04 06:38:51.626  1203  1308 I chatty  : uid=1000(system) ActivityManager expire 74 lines
06-04 06:39:00.001  1203  1600 I chatty  : uid=1000(system) AlarmManager expire 72 lines
06-04 06:39:27.726  1203  1307 I chatty  : uid=1000(system) android.bg expire 1 line
06-04 06:44:43.032  1203  1312 I chatty  : uid=1000(system) android.fg expire 1 line
06-04 06:45:00.127  1203  1295 I chatty  : uid=1000(system) Binder_2 expire 5 lines
06-04 06:45:00.139  1203  1917 I chatty  : uid=1000(system) Binder_6 expire 6 lines
06-04 06:45:00.143  1203  1743 I chatty  : uid=1000(system) Binder_4 expire 5 lines
06-04 06:45:00.256  1203  2431 I chatty  : uid=1000(system) Binder_10 expire 8 lines
06-04 06:45:00.288  1203  2373 I chatty  : uid=1000(system) Binder_D expire 3 lines
06-04 06:45:00.295  1203  2350 I chatty  : uid=1000(system) Binder_B expire 6 lines
06-04 06:45:00.306  1203  2379 I chatty  : uid=1000(system) Binder_E expire 12 lines
06-04 06:45:00.320  1203  2311 I chatty  : uid=1000(system) Binder_9 expire 5 lines
06-04 06:45:00.423  1203  1872 I chatty  : uid=1000(system) Binder_5 expire 3 lines
06-04 06:45:00.474  1203  2424 I chatty  : uid=1000(system) Binder_F expire 7 lines
06-04 06:45:00.512  1203  2364 I chatty  : uid=1000(system) Binder_C expire 5 lines
06-04 06:45:00.748  1203  1952 I chatty  : uid=1000(system) Binder_7 expire 5 lines
06-04 06:45:00.753  1203  1731 I chatty  : uid=1000(system) Binder_3 expire 5 lines
06-04 06:45:00.794  1203  2244 I chatty  : uid=1000(system) Binder_8 expire 8 lines
06-04 06:45:43.005 20871 20871 I chatty  : uid=1000(system) com.android.settings expire 1 line
06-04 07:00:00.803  1203  1331 I chatty  : uid=1000(system) android.display expire 3 lines
06-04 07:00:00.808  1203  1203 I chatty  : uid=1000 system_server expire 1 line
06-04 07:00:00.816  1203  1340 I chatty  : uid=1000(system) PowerManagerSer expire 2 lines
06-04 07:00:00.835  1713  3071 I chatty  : uid=1000(system) local_job_dispa expire 1 line
06-04 07:00:01.238  1938  1938 I chatty  : uid=1000(system) com.miui.securitycenter.remote expire 1 line
06-04 07:00:01.262  1713 28709 I chatty  : uid=1000(system) com.android.systemui expire 1 line
06-04 07:00:01.896  1203  2350 I chatty  : uid=1000(system) Binder_B expire 12 lines
06-04 07:00:01.906  1203  2373 I chatty  : uid=1000(system) Binder_D expire 9 lines
06-04 07:00:01.911  1203  1743 I chatty  : uid=1000(system) Binder_4 expire 8 lines
06-04 07:00:01.931  1203  1872 I chatty  : uid=1000(system) Binder_5 expire 10 lines
06-04 07:00:01.947  1203  1295 I chatty  : uid=1000(system) Binder_2 expire 6 lines
06-04 07:00:02.440  1203  2424 I chatty  : uid=1000(system) Binder_F expire 7 lines
06-04 07:00:02.448  1203  2311 I chatty  : uid=1000(system) Binder_9 expire 5 lines
06-04 07:00:02.535  1203  1203 I chatty  : uid=1000 system_server expire 6 lines
06-04 07:00:02.587  1203  2244 I chatty  : uid=1000(system) Binder_8 expire 6 lines
06-04 07:00:02.669  1203  1294 I chatty  : uid=1000(system) Binder_1 expire 10 lines
06-04 07:00:02.918  1203  2379 I chatty  : uid=1000(system) Binder_E expire 5 lines
06-04 07:00:02.942  1203  1600 I chatty  : uid=1000(system) AlarmManager expire 78 lines
06-04 07:00:03.042  1203  1917 I chatty  : uid=1000(system) Binder_6 expire 7 lines
06-04 07:00:03.050  1203  2431 I chatty  : uid=1000(system) Binder_10 expire 9 lines
06-04 07:00:03.069  1203  2334 I chatty  : uid=1000(system) Binder_A expire 4 lines
06-04 07:00:06.870  1203  1613 I chatty  : uid=1000(system) ConnectivitySer expire 6 lines
06-04 07:00:21.391  1203  1731 I chatty  : uid=1000(system) Binder_3 expire 4 lines
06-04 07:00:21.858  1203  2364 I chatty  : uid=1000(system) Binder_C expire 3 lines
06-04 07:00:26.131  1203  1340 I chatty  : uid=1000(system) PowerManagerSer expire 10 lines
06-04 07:00:26.165  1203  1331 I chatty  : uid=1000(system) android.display expire 5 lines
06-04 07:00:29.503  1203  1952 I chatty  : uid=1000(system) Binder_7 expire 5 lines
06-04 07:00:31.095  1203  1308 I chatty  : uid=1000(system) ActivityManager expire 35 lines
06-04 07:08:00.520  1844  2009 I chatty  : uid=1000(system) TrafficManageSe expire 1 line
06-04 07:10:26.271  1713  3071 I chatty  : uid=1000(system) local_job_dispa expire 1 line
06-04 07:10:26.374  1938  1938 I chatty  : uid=1000(system) com.miui.securitycenter.remote expire 1 line
06-04 07:14:43.035  1203  1312 I chatty  : uid=1000(system) android.fg expire 2 lines
06-04 07:19:03.279  1203  1294 I chatty  : uid=1000(system) Binder_1 expire 6 lines
06-04 07:19:03.284  1203  2424 I chatty  : uid=1000(system) Binder_F expire 11 lines
06-04 07:19:03.296  1203  1952 I chatty  : uid=1000(system) Binder_7 expire 3 lines
06-04 07:19:03.305  1203  1872 I chatty  : uid=1000(system) Binder_5 expire 6 lines
06-04 07:19:04.478  1203  1295 I chatty  : uid=1000(system) Binder_2 expire 10 lines
06-04 07:19:07.599  1203  1308 I chatty  : uid=1000(system) ActivityManager expire 68 lines
06-04 07:20:00.001  1203  1600 I chatty  : uid=1000(system) AlarmManager expire 59 lines
06-04 07:20:00.680  1203  1307 I chatty  : uid=1000(system) android.bg expire 1 line
06-04 07:20:10.753  1203  1743 I chatty  : uid=1000(system) Binder_4 expire 5 lines
06-04 07:20:10.797  1203  2244 I chatty  : uid=1000(system) Binder_8 expire 10 lines
06-04 07:20:10.886  1203  1203 I chatty  : uid=1000 system_server expire 4 lines
06-04 07:20:11.021  1713 29098 I chatty  : uid=1000(system) com.android.systemui expire 1 line
06-04 07:20:20.780  1203  2373 I chatty  : uid=1000(system) Binder_D expire 5 lines
06-04 07:20:20.785  1203  1613 I chatty  : uid=1000(system) ConnectivitySer expire 4 lines
06-04 07:20:20.794  1203  1731 I chatty  : uid=1000(system) Binder_3 expire 11 lines
06-04 07:20:20.796  1203  2379 I chatty  : uid=1000(system) Binder_E expire 8 lines
06-04 07:20:20.849  1203  2311 I chatty  : uid=1000(system) Binder_9 expire 3 lines
06-04 07:20:25.861  1203  2431 I chatty  : uid=1000(system) Binder_10 expire 5 lines
06-04 07:25:02.707  1203  2334 I chatty  : uid=1000(system) Binder_A expire 4 lines
06-04 07:31:03.570  1203  2364 I chatty  : uid=1000(system) Binder_C expire 6 lines
06-04 07:31:03.598  1203  1917 I chatty  : uid=1000(system) Binder_6 expire 2 lines
06-04 07:32:20.977  1203  1602 I chatty  : uid=1000(system) InputReader expire 2 lines
06-04 07:32:20.993  1203  1340 I chatty  : uid=1000(system) PowerManagerSer expire 8 lines
06-04 07:32:21.009  1713  3071 I chatty  : uid=1000(system) local_job_dispa expire 1 line
06-04 07:32:21.023  1203  1331 I chatty  : uid=1000(system) android.display expire 2 lines
06-04 07:32:21.142  1938  1938 I chatty  : uid=1000(system) com.miui.securitycenter.remote expire 1 line
06-04 07:32:22.303  1203  2350 I chatty  : uid=1000(system) Binder_B expire 3 lines
06-04 07:37:32.715  1844  2009 I chatty  : uid=1000(system) TrafficManageSe expire 1 line
06-04 07:37:35.698  1203  1308 I chatty  : uid=1000(system) ActivityManager expire 61 lines
06-04 07:38:00.001  1203  1600 I chatty  : uid=1000(system) AlarmManager expire 64 lines
06-04 07:40:11.115  1203  1307 I chatty  : uid=1000(system) android.bg expire 1 line
06-04 07:43:32.625  1203  2424 I chatty  : uid=1000(system) Binder_F expire 6 lines
06-04 07:43:32.640  1203  1731 I chatty  : uid=1000(system) Binder_3 expire 8 lines
06-04 07:43:32.656  1203  2373 I chatty  : uid=1000(system) Binder_D expire 10 lines
06-04 07:43:33.260  1203  1743 I chatty  : uid=1000(system) Binder_4 expire 6 lines
06-04 07:43:33.272  1203  1294 I chatty  : uid=1000(system) Binder_1 expire 6 lines
06-04 07:43:33.288  1203  1872 I chatty  : uid=1000(system) Binder_5 expire 7 lines
06-04 07:43:33.307  1203  2379 I chatty  : uid=1000(system) Binder_E expire 8 lines
06-04 07:43:33.319  1203  2311 I chatty  : uid=1000(system) Binder_9 expire 8 lines
06-04 07:43:33.340  1203  2350 I chatty  : uid=1000(system) Binder_B expire 6 lines
06-04 07:44:43.033  1203  1312 I chatty  : uid=1000(system) android.fg expire 1 line
06-04 07:45:43.064  1203  1613 I chatty  : uid=1000(system) ConnectivitySer expire 3 lines
06-04 07:45:43.171 20871 20871 I chatty  : uid=1000(system) com.android.settings expire 1 line
06-04 07:49:32.748  1203  1295 I chatty  : uid=1000(system) Binder_2 expire 5 lines
06-04 07:49:33.352  1203  2244 I chatty  : uid=1000(system) Binder_8 expire 6 lines
06-04 07:49:33.364  1203  2364 I chatty  : uid=1000(system) Binder_C expire 6 lines
06-04 07:49:33.376  1203  2334 I chatty  : uid=1000(system) Binder_A expire 3 lines
06-04 07:52:08.476  1203  1602 I chatty  : uid=1000(system) InputReader expire 2 lines
06-04 07:52:08.482  1203  1203 I chatty  : uid=1000 system_server expire 4 lines
06-04 07:52:08.491  1203  1340 I chatty  : uid=1000(system) PowerManagerSer expire 8 lines
06-04 07:52:08.504  1713  3071 I chatty  : uid=1000(system) local_job_dispa expire 1 line
06-04 07:52:08.508  1203  1331 I chatty  : uid=1000(system) android.display expire 2 lines
06-04 07:52:08.630  1938  1938 I chatty  : uid=1000(system) com.miui.securitycenter.remote expire 1 line
06-04 07:52:09.018  1203  2431 I chatty  : uid=1000(system) Binder_10 expire 4 lines
06-04 07:53:39.120  1713 29573 I chatty  : uid=1000(system) com.android.systemui expire 1 line
06-04 07:53:48.936  1203  1952 I chatty  : uid=1000(system) Binder_7 expire 2 lines
06-04 07:53:48.968  1203  1917 I chatty  : uid=1000(system) Binder_6 expire 20 lines
06-04 07:54:35.248  1203  1600 I chatty  : uid=1000(system) AlarmManager expire 22 lines
06-04 07:54:35.273  1203  2424 I chatty  : uid=1000(system) Binder_F expire 14 lines
06-04 07:54:35.294  1203  2431 I chatty  : uid=1000(system) Binder_10 expire 12 lines
06-04 07:54:36.832  1203  1308 I chatty  : uid=1000(system) ActivityManager expire 10 lines
06-04 07:54:38.710  1203  1731 I chatty  : uid=1000(system) Binder_3 expire 9 lines
06-04 07:54:43.768  1203  1872 I chatty  : uid=1000(system) Binder_5 expire 11 lines
06-04 07:54:43.786  1203  2334 I chatty  : uid=1000(system) Binder_A expire 14 lines
06-04 07:54:47.205  1203  1294 I chatty  : uid=1000(system) Binder_1 expire 11 lines
06-04 07:54:47.208  1203  2244 I chatty  : uid=1000(system) Binder_8 expire 10 lines
06-04 07:54:52.253  1203  2311 I chatty  : uid=1000(system) Binder_9 expire 7 lines
06-04 07:54:55.678  1203  2373 I chatty  : uid=1000(system) Binder_D expire 12 lines
06-04 07:54:55.742  1203  2379 I chatty  : uid=1000(system) Binder_E expire 11 lines
06-04 07:54:55.770  1203  1743 I chatty  : uid=1000(system) Binder_4 expire 10 lines
06-04 07:54:55.777  1203  1952 I chatty  : uid=1000(system) Binder_7 expire 11 lines
06-04 07:54:55.801  1203  1295 I chatty  : uid=1000(system) Binder_2 expire 11 lines
06-04 07:54:55.842  1203  2364 I chatty  : uid=1000(system) Binder_C expire 9 lines
06-04 07:54:55.917  1203  2350 I chatty  : uid=1000(system) Binder_B expire 9 lines
06-04 07:55:54.331  1203  1340 I chatty  : uid=1000(system) PowerManagerSer expire 5 lines
06-04 07:55:54.376  1203  1312 I chatty  : uid=1000(system) android.fg expire 3 lines
06-04 07:55:54.400  1713  3071 I chatty  : uid=1000(system) local_job_dispa expire 1 line
06-04 07:55:54.440  1203  1203 I chatty  : uid=1000 system_server expire 6 lines
06-04 07:55:54.442  1203  1331 I chatty  : uid=1000(system) android.display expire 1 line
06-04 07:55:54.559  1713  1713 I chatty  : uid=1000(system) com.android.systemui expire 1 line
06-04 07:55:54.686  1938  1938 I chatty  : uid=1000(system) com.miui.securitycenter.remote expire 1 line
06-04 07:55:54.935  1713 29644 I chatty  : uid=1000(system) com.android.systemui expire 1 line
06-04 07:55:55.291 20871 20871 I chatty  : uid=1000(system) com.android.settings expire 1 line
06-04 07:55:55.301 20871 29650 I chatty  : uid=1000(system) com.android.settings expire 1 line
06-04 07:55:55.998  1203  2995 I chatty  : uid=1000(system) UsbDebuggingMan expire 1 line
06-04 07:55:57.547  1203  1613 I chatty  : uid=1000(system) ConnectivitySer expire 3 lines
06-04 07:57:37.111  1203  1307 I chatty  : uid=1000(system) android.bg expire 1 line
06-04 07:57:40.158 29899 29921 E ActivityThread: Failed to find provider info for metok
06-04 07:57:40.161 29899 29899 E ActivityThread: Failed to find provider info for metok
06-04 07:57:57.899  1203  1600 I chatty  : uid=1000(system) AlarmManager expire 6 lines
06-04 07:57:57.981  1203  1294 I chatty  : uid=1000(system) Binder_1 expire 3 lines
06-04 07:57:58.648  1203  1917 I chatty  : uid=1000(system) Binder_6 expire 3 lines
06-04 07:57:58.654  1203  2334 I chatty  : uid=1000(system) Binder_A expire 2 lines
06-04 07:57:58.660  1203  1872 I chatty  : uid=1000(system) Binder_5 expire 1 line
06-04 07:58:55.546  1203  2373 I chatty  : uid=1000(system) Binder_D expire 11 lines
06-04 07:59:04.102  1203  1295 I chatty  : uid=1000(system) Binder_2 expire 10 lines
06-04 07:59:05.991  1203  1952 I chatty  : uid=1000(system) Binder_7 expire 12 lines
06-04 07:59:08.913  1203  1917 I chatty  : uid=1000(system) Binder_6 expire 10 lines
06-04 07:59:08.953  1203  1743 I chatty  : uid=1000(system) Binder_4 expire 10 lines
06-04 07:59:09.399  1203  2364 I chatty  : uid=1000(system) Binder_C expire 13 lines
06-04 07:59:10.240  1203  1731 I chatty  : uid=1000(system) Binder_3 expire 8 lines
06-04 07:59:11.409  1203  1637 I chatty  : uid=1000(system) backup expire 1 line
06-04 07:59:12.121  1203  2431 I chatty  : uid=1000(system) Binder_10 expire 10 lines
06-04 07:59:12.879  1203  2311 I chatty  : uid=1000(system) Binder_9 expire 7 lines
06-04 07:59:17.317  1203  2244 I chatty  : uid=1000(system) Binder_8 expire 10 lines
06-04 07:59:17.354  1203  1601 I chatty  : uid=1000(system) InputDispatcher expire 5 lines
06-04 07:59:18.999  1203  1600 I chatty  : uid=1000(system) AlarmManager expire 11 lines
06-04 08:00:01.351  1203  1294 I chatty  : uid=1000(system) Binder_1 expire 7 lines
06-04 08:00:01.363  1203  2334 I chatty  : uid=1000(system) Binder_A expire 9 lines
06-04 08:00:01.396  1203  2424 I chatty  : uid=1000(system) Binder_F expire 5 lines
06-04 08:00:01.413  1203  2350 I chatty  : uid=1000(system) Binder_B expire 10 lines
06-04 08:00:01.421  1203  2379 I chatty  : uid=1000(system) Binder_E expire 10 lines
06-04 08:00:01.434  1203  1872 I chatty  : uid=1000(system) Binder_5 expire 4 lines
06-04 08:00:50.402  1203  1613 I chatty  : uid=1000(system) ConnectivitySer expire 12 lines
06-04 08:01:47.146  1203  1308 I chatty  : uid=1000(system) ActivityManager expire 7 lines
06-04 08:01:47.210  1203  1359 I chatty  : uid=1000(system) PackageManager expire 24 lines
06-04 08:01:48.226  1203  1619 I chatty  : uid=1000(system) LocationPolicy expire 3 lines
06-04 08:01:48.288  1203  1203 I chatty  : uid=1000 system_server expire 4 lines
06-04 08:01:48.295  1844  2009 I chatty  : uid=1000(system) TrafficManageSe expire 1 line
06-04 08:01:48.724 30796 30796 I chatty  : uid=1000(system) com.android.keychain expire 1 line
06-04 08:02:21.175 30970 30970 I chatty  : uid=1000(system) com.miui.securitycenter expire 2 lines
06-04 08:02:21.192 30970 30991 I chatty  : uid=1000(system) com.miui.securitycenter expire 2 lines
06-04 08:02:23.543  3008  5546 D DefContainer: Copying /data/local/tmp/app-debug.apk to base.apk
06-04 08:02:42.319  1203  1743 I chatty  : uid=1000(system) Binder_4 expire 2 lines
06-04 08:02:50.487  1203  1604 I chatty  : uid=1000(system) VoldConnector expire 3 lines
06-04 08:02:57.833   372   390 D vold    : Remounting 10480 as mode read
06-04 08:02:57.850  1203  1295 I chatty  : uid=1000(system) Binder_2 expire 6 lines
06-04 08:02:57.866   372   390 D vold    : Found matching PID 31078
06-04 08:02:57.929   372   390 D vold    : Remounting 10480 as mode write
06-04 08:02:57.947   372   390 D vold    : Found matching PID 31078
06-04 08:03:00.000  1203  1600 I chatty  : uid=1000(system) AlarmManager expire 12 lines
06-04 08:03:49.569 20871 20890 I chatty  : uid=1000(system) com.android.settings expire 1 line
06-04 08:04:15.706  1203  1312 I chatty  : uid=1000(system) android.fg expire 1 line
06-04 08:04:21.780  1713  1769 I chatty  : uid=1000(system) local_job_dispa expire 2 lines
06-04 08:05:45.302  1203  1307 I chatty  : uid=1000(system) android.bg expire 2 lines
06-04 08:06:10.120  1203  1295 I chatty  : uid=1000(system) Binder_2 expire 10 lines
06-04 08:06:10.124  1203  1952 I chatty  : uid=1000(system) Binder_7 expire 9 lines
06-04 08:06:10.133  1203  2424 I chatty  : uid=1000(system) Binder_F expire 11 lines
06-04 08:06:10.178  1203  2311 I chatty  : uid=1000(system) Binder_9 expire 6 lines
06-04 08:06:10.215  1203  1872 I chatty  : uid=1000(system) Binder_5 expire 11 lines
06-04 08:06:10.220  1203  2431 I chatty  : uid=1000(system) Binder_10 expire 9 lines
06-04 08:06:10.223  1203  2364 I chatty  : uid=1000(system) Binder_C expire 10 lines
06-04 08:06:10.226  1203  1917 I chatty  : uid=1000(system) Binder_6 expire 18 lines
06-04 08:06:10.232  1203  2373 I chatty  : uid=1000(system) Binder_D expire 8 lines
06-04 08:06:10.342  1203  1731 I chatty  : uid=1000(system) Binder_3 expire 10 lines
06-04 08:06:10.348  1203  1743 I chatty  : uid=1000(system) Binder_4 expire 9 lines
06-04 08:06:10.351  1203  2334 I chatty  : uid=1000(system) Binder_A expire 10 lines
06-04 08:06:29.439  1203  1600 I chatty  : uid=1000(system) AlarmManager expire 41 lines
06-04 08:06:30.056  1203  2379 I chatty  : uid=1000(system) Binder_E expire 11 lines
06-04 08:06:30.063  1203  1294 I chatty  : uid=1000(system) Binder_1 expire 11 lines
06-04 08:06:30.076  1203  2350 I chatty  : uid=1000(system) Binder_B expire 7 lines
06-04 08:06:52.546  1203  2244 I chatty  : uid=1000(system) Binder_8 expire 9 lines
06-04 08:06:52.594  1713  1769 I chatty  : uid=1000(system) local_job_dispa expire 2 lines
06-04 08:06:53.978  1203  1601 I chatty  : uid=1000(system) InputDispatcher expire 6 lines
06-04 08:06:59.823  2321  2903 I chatty  : uid=1000(system) Binder_3 expire 1 line
06-04 08:06:59.846  1203  1203 I chatty  : uid=1000 system_server expire 6 lines
06-04 08:06:59.937  1203  1612 I chatty  : uid=1000(system) WifiService expire 4 lines
06-04 08:07:00.012  1947  1947 I ActivityThread: Removing dead content provider:android.content.ContentProviderProxy@40d34d3
06-04 08:07:00.019  1203  2334 I chatty  : uid=1000(system) Binder_A expire 6 lines
06-04 08:07:00.102  1713  1713 I chatty  : uid=1000(system) com.android.systemui expire 1 line
06-04 08:07:00.157  1203  1613 I chatty  : uid=1000(system) ConnectivitySer expire 6 lines
06-04 08:07:00.746  1203  1308 I chatty  : uid=1000(system) ActivityManager expire 6 lines
06-04 08:07:10.555 31673 31695 W PackageParser: Unknown element under <service>: permission at /data/user/0/com.miui.systemAdSolution/app_analytics/analytics.apk Binary XML file line #114
06-04 08:07:35.953 31765 31765 I chatty  : uid=1000(system) com.android.settings expire 2 lines
06-04 08:07:49.399  1844  2009 I chatty  : uid=1000(system) TrafficManageSe expire 1 line
06-04 08:07:54.299  1203  1917 I chatty  : uid=1000(system) Binder_6 expire 2 lines
06-04 08:08:43.309  1203  1731 I chatty  : uid=1000(system) Binder_3 expire 10 lines
06-04 08:22:14.334  1203  1600 I chatty  : uid=1000(system) AlarmManager expire 29 lines
06-04 08:22:32.477  1203  1872 I chatty  : uid=1000(system) Binder_5 expire 11 lines
06-04 08:22:32.490  1203  2431 I chatty  : uid=1000(system) Binder_10 expire 10 lines
06-04 08:22:32.501  1203  2373 I chatty  : uid=1000(system) Binder_D expire 7 lines
06-04 08:22:33.084  1203  2364 I chatty  : uid=1000(system) Binder_C expire 9 lines
06-04 08:22:33.092  1203  2334 I chatty  : uid=1000(system) Binder_A expire 10 lines
06-04 08:22:33.100  1203  1294 I chatty  : uid=1000(system) Binder_1 expire 12 lines
06-04 08:22:33.107  1203  1295 I chatty  : uid=1000(system) Binder_2 expire 12 lines
06-04 08:23:07.713  1203  1613 I chatty  : uid=1000(system) ConnectivitySer expire 5 lines
06-04 08:23:16.198  1203  2311 I chatty  : uid=1000(system) Binder_9 expire 6 lines
06-04 08:24:11.230  1203  2244 I chatty  : uid=1000(system) Binder_8 expire 9 lines
06-04 08:25:11.812  1203  1308 I chatty  : uid=1000(system) ActivityManager expire 8 lines
06-04 08:25:35.785  1203  2424 I chatty  : uid=1000(system) Binder_F expire 5 lines
06-04 08:25:35.820  1203  1917 I chatty  : uid=1000(system) Binder_6 expire 10 lines
06-04 08:25:35.826  1203  2350 I chatty  : uid=1000(system) Binder_B expire 9 lines
06-04 08:25:52.855  1203  1307 I chatty  : uid=1000(system) android.bg expire 1 line
06-04 08:27:49.198  1203  1952 I chatty  : uid=1000(system) Binder_7 expire 7 lines
06-04 08:32:53.827  1203  2379 I chatty  : uid=1000(system) Binder_E expire 7 lines
06-04 08:32:57.379  1203  1601 I chatty  : uid=1000(system) InputDispatcher expire 2 lines
06-04 08:33:03.307  1203  1359 I chatty  : uid=1000(system) PackageManager expire 24 lines
06-04 08:33:04.217  1203  1619 I chatty  : uid=1000(system) LocationPolicy expire 3 lines
06-04 08:33:04.296  1844  2009 I chatty  : uid=1000(system) TrafficManageSe expire 2 lines
06-04 08:33:04.341  1203  1203 I chatty  : uid=1000 system_server expire 4 lines
06-04 08:33:04.470  2352  2352 I chatty  : uid=1000(system) com.android.keychain expire 1 line
06-04 08:33:06.019  1203  1743 I chatty  : uid=1000(system) Binder_4 expire 7 lines
06-04 08:33:23.745  2676  2676 I chatty  : uid=1000(system) com.miui.securitycenter expire 2 lines
06-04 08:33:23.763  2676  2713 I chatty  : uid=1000(system) com.miui.securitycenter expire 2 lines
06-04 08:33:26.034  3008  3042 D DefContainer: Copying /data/local/tmp/app-debug.apk to base.apk
06-04 08:33:36.030  1203  1600 I chatty  : uid=1000(system) AlarmManager expire 14 lines
06-04 08:36:16.992  1203  1312 I chatty  : uid=1000(system) android.fg expire 1 line
06-04 08:36:39.135  1203  1604 I chatty  : uid=1000(system) VoldConnector expire 3 lines
06-04 08:37:10.315   372   390 D vold    : Remounting 10481 as mode read
06-04 08:37:10.334  1203  1731 I chatty  : uid=1000(system) Binder_3 expire 6 lines
06-04 08:37:10.341  1203  1917 I chatty  : uid=1000(system) Binder_6 expire 1 line
06-04 08:37:10.357   372   390 D vold    : Found matching PID 2885
06-04 08:37:10.390   372   390 D vold    : Remounting 10481 as mode write
06-04 08:37:10.402   372   390 D vold    : Found matching PID 2885
06-04 08:37:37.369 31765  3402 I chatty  : uid=1000(system) com.android.settings expire 1 line
06-04 08:37:57.247  1203  2431 I chatty  : uid=1000(system) Binder_10 expire 1 line
06-04 08:39:11.930  1713  1769 I chatty  : uid=1000(system) local_job_dispa expire 3 lines
06-04 08:39:13.844  1203  2334 I chatty  : uid=1000(system) Binder_A expire 9 lines
06-04 08:39:13.849  1203  2311 I chatty  : uid=1000(system) Binder_9 expire 7 lines
06-04 08:39:13.856  1203  2364 I chatty  : uid=1000(system) Binder_C expire 6 lines
06-04 08:39:13.859  1203  2379 I chatty  : uid=1000(system) Binder_E expire 10 lines
06-04 08:39:13.865  1203  2424 I chatty  : uid=1000(system) Binder_F expire 10 lines
06-04 08:39:13.867  1203  2244 I chatty  : uid=1000(system) Binder_8 expire 9 lines
06-04 08:39:13.869  1203  2350 I chatty  : uid=1000(system) Binder_B expire 10 lines
06-04 08:39:13.892  1203  2373 I chatty  : uid=1000(system) Binder_D expire 13 lines
06-04 08:39:13.908  1203  1872 I chatty  : uid=1000(system) Binder_5 expire 11 lines
06-04 08:39:13.919  1203  1743 I chatty  : uid=1000(system) Binder_4 expire 9 lines
06-04 08:39:13.921  1203  1731 I chatty  : uid=1000(system) Binder_3 expire 10 lines
06-04 08:39:13.946  1203  1294 I chatty  : uid=1000(system) Binder_1 expire 9 lines
06-04 08:39:13.946  1203  1203 I chatty  : uid=1000 system_server expire 10 lines
06-04 08:39:14.019  1203  1612 I chatty  : uid=1000(system) WifiService expire 6 lines
06-04 08:39:14.032  1203  1952 I chatty  : uid=1000(system) Binder_7 expire 9 lines
06-04 08:39:14.077  1203  1917 I chatty  : uid=1000(system) Binder_6 expire 5 lines
06-04 08:39:14.088  1203  1613 I chatty  : uid=1000(system) ConnectivitySer expire 10 lines
06-04 08:39:14.873  1203  1308 I chatty  : uid=1000(system) ActivityManager expire 12 lines
06-04 08:39:16.038  1203  1601 I chatty  : uid=1000(system) InputDispatcher expire 4 lines
06-04 08:39:17.734  2321  2942 I chatty  : uid=1000(system) Binder_4 expire 1 line
06-04 08:39:24.367  3637  3668 W PackageParser: Unknown element under <service>: permission at /data/user/0/com.miui.systemAdSolution/app_analytics/analytics.apk Binary XML file line #114
06-04 08:40:00.000  1203  1600 I chatty  : uid=1000(system) AlarmManager expire 10 lines
06-04 08:40:05.253  3764  3764 I chatty  : uid=1000(system) com.android.settings expire 1 line
06-04 08:41:03.959  1203  1295 I chatty  : uid=1000(system) Binder_2 expire 6 lines
06-04 08:43:01.283  1203  2431 I chatty  : uid=1000(system) Binder_10 expire 4 lines
06-04 08:43:07.194  2321  2338 I chatty  : uid=1000(system) Binder_1 expire 1 line
06-04 08:43:27.610  4229  4255 W PackageParser: Unknown element under <service>: permission at /data/user/0/com.miui.systemAdSolution/app_analytics/analytics.apk Binary XML file line #114
06-04 08:43:35.953  1203  2379 I chatty  : uid=1000(system) Binder_E expire 1 line
06-04 08:43:36.311  4297  4297 I chatty  : uid=1000(system) com.android.settings expire 3 lines
06-04 08:44:00.000  1203  1600 I chatty  : uid=1000(system) AlarmManager expire 30 lines
06-04 08:44:45.666  1203  1613 I chatty  : uid=1000(system) ConnectivitySer expire 9 lines
06-04 08:46:12.888  1203  2350 I chatty  : uid=1000(system) Binder_B expire 4 lines
06-04 08:46:13.094  1203  1307 I chatty  : uid=1000(system) android.bg expire 1 line
06-04 08:48:05.290  1203  1872 I chatty  : uid=1000(system) Binder_5 expire 2 lines
06-04 08:48:05.904  1203  2373 I chatty  : uid=1000(system) Binder_D expire 3 lines
06-04 08:48:05.913  1203  2424 I chatty  : uid=1000(system) Binder_F expire 14 lines
06-04 08:55:23.652  1203  1872 I chatty  : uid=1000(system) Binder_5 expire 8 lines
06-04 08:55:23.659  1203  2244 I chatty  : uid=1000(system) Binder_8 expire 11 lines
06-04 08:55:23.665  1203  2350 I chatty  : uid=1000(system) Binder_B expire 8 lines
06-04 08:55:23.672  1203  1731 I chatty  : uid=1000(system) Binder_3 expire 21 lines
06-04 08:56:00.000  1203  1600 I chatty  : uid=1000(system) AlarmManager expire 50 lines
06-04 08:56:13.459  1203  2373 I chatty  : uid=1000(system) Binder_D expire 9 lines
06-04 08:58:36.695  1203  2311 I chatty  : uid=1000(system) Binder_9 expire 11 lines
06-04 08:58:36.732  1203  1203 I chatty  : uid=1000 system_server expire 3 lines
06-04 08:58:36.906  1203  2334 I chatty  : uid=1000(system) Binder_A expire 9 lines
06-04 08:58:37.354  1203  2364 I chatty  : uid=1000(system) Binder_C expire 8 lines
06-04 08:58:37.399  1203  1295 I chatty  : uid=1000(system) Binder_2 expire 8 lines
06-04 08:58:37.428  1203  1952 I chatty  : uid=1000(system) Binder_7 expire 11 lines
06-04 08:58:38.650  1203  1743 I chatty  : uid=1000(system) Binder_4 expire 8 lines
06-04 08:58:39.865  4623  4653 E ActivityThread: Failed to find provider info for metok
06-04 08:58:39.895  4623  4623 E ActivityThread: Failed to find provider info for metok
06-04 09:01:23.786  1203  1294 I chatty  : uid=1000(system) Binder_1 expire 8 lines
06-04 09:01:23.821  1203  2379 I chatty  : uid=1000(system) Binder_E expire 11 lines
06-04 09:02:07.427  1203  1613 I chatty  : uid=1000(system) ConnectivitySer expire 30 lines
06-04 09:03:48.196  1203  2431 I chatty  : uid=1000(system) Binder_10 expire 4 lines
06-04 09:07:32.698  1844  2009 I chatty  : uid=1000(system) TrafficManageSe expire 2 lines
06-04 09:08:52.668  1203  1917 I chatty  : uid=1000(system) Binder_6 expire 7 lines
06-04 09:12:32.756  4854  4854 I chatty  : uid=1000(system) com.miui.bugreport:remote expire 2 lines
06-04 09:12:32.820  1203  1612 I chatty  : uid=1000(system) WifiService expire 1 line
06-04 09:16:33.887  1203  1601 I chatty  : uid=1000(system) InputDispatcher expire 2 lines
06-04 09:16:37.430  1203  1308 I chatty  : uid=1000(system) ActivityManager expire 3 lines
06-04 09:16:37.467  1203  1359 I chatty  : uid=1000(system) PackageManager expire 3 lines
06-04 09:16:38.478  1203  1619 I chatty  : uid=1000(system) LocationPolicy expire 2 lines
06-04 09:16:38.977  5212  5212 I chatty  : uid=1000(system) com.android.keychain expire 1 line
06-04 09:16:38.997  1203  2311 I chatty  : uid=1000(system) Binder_9 expire 14 lines
06-04 09:16:39.320  1203  2431 I chatty  : uid=1000(system) Binder_10 expire 10 lines
06-04 09:16:39.389  1203  2244 I chatty  : uid=1000(system) Binder_8 expire 12 lines
06-04 09:16:40.470  1203  1952 I chatty  : uid=1000(system) Binder_7 expire 11 lines
06-04 09:16:40.501  1203  2373 I chatty  : uid=1000(system) Binder_D expire 7 lines
06-04 09:16:40.561  1203  1203 I chatty  : uid=1000 system_server expire 2 lines
06-04 09:16:40.820  1203  2424 I chatty  : uid=1000(system) Binder_F expire 8 lines
06-04 09:16:41.236  1203  1743 I chatty  : uid=1000(system) Binder_4 expire 8 lines
06-04 09:16:41.339  1203  2379 I chatty  : uid=1000(system) Binder_E expire 8 lines
06-04 09:16:41.431  1203  1731 I chatty  : uid=1000(system) Binder_3 expire 10 lines
06-04 09:16:41.432  1203  1612 I chatty  : uid=1000(system) WifiService expire 1 line
06-04 09:16:41.440  1203  2334 I chatty  : uid=1000(system) Binder_A expire 8 lines
06-04 09:16:41.502  1203  1872 I chatty  : uid=1000(system) Binder_5 expire 13 lines
06-04 09:16:41.907  1203  2350 I chatty  : uid=1000(system) Binder_B expire 4 lines
06-04 09:16:45.969  1203  1613 I chatty  : uid=1000(system) ConnectivitySer expire 21 lines
06-04 09:16:47.264  1203  1600 I chatty  : uid=1000(system) AlarmManager expire 13 lines
06-04 09:16:47.294  1203  1294 I chatty  : uid=1000(system) Binder_1 expire 7 lines
06-04 09:16:47.898  1203  1917 I chatty  : uid=1000(system) Binder_6 expire 12 lines
06-04 09:16:47.906  1203  1295 I chatty  : uid=1000(system) Binder_2 expire 9 lines
06-04 09:16:48.038  1203  2364 I chatty  : uid=1000(system) Binder_C expire 14 lines
06-04 09:16:53.833  1203  1308 I chatty  : uid=1000(system) ActivityManager expire 5 lines
06-04 09:18:26.505  5639  5639 D ActivityThread: Loading provider com.whatsapp.provider.contact: com.whatsapp.contact.ContactProvider
06-04 09:18:30.547  5752  5752 I chatty  : uid=1000(system) com.miui.securitycore expire 2 lines
06-04 09:18:32.439  5793  5793 I chatty  : uid=1000(system) com.miui.securitycenter expire 2 lines
06-04 09:18:32.460  5793  5814 I chatty  : uid=1000(system) com.miui.securitycenter expire 2 lines
06-04 09:18:34.725  3008  3028 D DefContainer: Copying /data/local/tmp/app-debug.apk to base.apk
06-04 09:18:49.440  1203  1359 I chatty  : uid=1000(system) PackageManager expire 21 lines
06-04 09:18:50.064  1203  1619 I chatty  : uid=1000(system) LocationPolicy expire 1 line
06-04 09:18:55.804  1203  1601 I chatty  : uid=1000(system) InputDispatcher expire 6 lines
06-04 09:18:56.227  1203  1604 I chatty  : uid=1000(system) VoldConnector expire 3 lines
06-04 09:19:03.148   372   390 D vold    : Remounting 10482 as mode read
06-04 09:19:03.175   372   390 D vold    : Found matching PID 5968
06-04 09:19:03.202  1203  2431 I chatty  : uid=1000(system) Binder_10 expire 6 lines
06-04 09:19:03.329   372   390 D vold    : Remounting 10482 as mode write
06-04 09:19:03.340   372   390 D vold    : Found matching PID 5968
06-04 09:19:03.344  1203  1731 I chatty  : uid=1000(system) Binder_3 expire 11 lines
06-04 09:19:54.547  4297  6349 I chatty  : uid=1000(system) com.android.settings expire 1 line
06-04 09:20:25.734  1713  1769 I chatty  : uid=1000(system) local_job_dispa expire 5 lines
06-04 09:20:27.086  2321  2942 I chatty  : uid=1000(system) Binder_4 expire 3 lines
06-04 09:20:27.095  1203  2379 I chatty  : uid=1000(system) Binder_E expire 6 lines
06-04 09:20:27.118  1203  1612 I chatty  : uid=1000(system) WifiService expire 6 lines
06-04 09:20:27.130  1203  1743 I chatty  : uid=1000(system) Binder_4 expire 8 lines
06-04 09:20:27.130  1203  1203 I chatty  : uid=1000 system_server expire 10 lines
06-04 09:20:27.172  1203  2244 I chatty  : uid=1000(system) Binder_8 expire 7 lines
06-04 09:20:27.181  1203  2350 I chatty  : uid=1000(system) Binder_B expire 9 lines
06-04 09:20:27.184  1203  2311 I chatty  : uid=1000(system) Binder_9 expire 11 lines
06-04 09:20:27.187  1203  1952 I chatty  : uid=1000(system) Binder_7 expire 10 lines
06-04 09:20:27.189  1203  2431 I chatty  : uid=1000(system) Binder_10 expire 10 lines
06-04 09:20:27.190  1203  2364 I chatty  : uid=1000(system) Binder_C expire 9 lines
06-04 09:20:27.203  1203  2424 I chatty  : uid=1000(system) Binder_F expire 11 lines
06-04 09:20:27.298  1203  2373 I chatty  : uid=1000(system) Binder_D expire 14 lines
06-04 09:20:27.300  1203  1613 I chatty  : uid=1000(system) ConnectivitySer expire 10 lines
06-04 09:20:27.362  1203  1917 I chatty  : uid=1000(system) Binder_6 expire 9 lines
06-04 09:20:27.408  1203  1731 I chatty  : uid=1000(system) Binder_3 expire 10 lines
06-04 09:20:28.046  1203  1308 I chatty  : uid=1000(system) ActivityManager expire 11 lines
06-04 09:20:28.788  1203  1294 I chatty  : uid=1000(system) Binder_1 expire 11 lines
06-04 09:20:57.363  6468  6485 W PackageParser: Unknown element under <service>: permission at /data/user/0/com.miui.systemAdSolution/app_analytics/analytics.apk Binary XML file line #114
06-04 09:21:00.000  1203  1600 I chatty  : uid=1000(system) AlarmManager expire 6 lines
06-04 09:21:02.220  1203  1333 I chatty  : uid=1000(system) CpuTracker expire 1 line
06-04 09:21:09.592  1203  1309 I chatty  : uid=1000(system) android.ui expire 3 lines
06-04 09:21:09.884  6698  6698 I chatty  : uid=1000(system) com.android.settings expire 1 line
06-04 09:21:16.768  1203  1295 I chatty  : uid=1000(system) Binder_2 expire 11 lines
06-04 09:21:18.799  1203  1601 I chatty  : uid=1000(system) InputDispatcher expire 8 lines
06-04 09:21:20.342  1203  2334 I chatty  : uid=1000(system) Binder_A expire 12 lines
06-04 09:21:20.423  2321  2997 I chatty  : uid=1000(system) Binder_5 expire 1 line
06-04 09:21:27.122  6864  6894 W PackageParser: Unknown element under <service>: permission at /data/user/0/com.miui.systemAdSolution/app_analytics/analytics.apk Binary XML file line #114
06-04 09:21:33.584  7051  7051 I chatty  : uid=1000(system) com.android.settings expire 1 line
06-04 09:21:48.835  1203  1872 I chatty  : uid=1000(system) Binder_5 expire 7 lines
