// Jest Snapshot v1, https://goo.gl/fbAQLP

exports[`renders correctly 1`] = `
<View
  style={
    Object {
      "backgroundColor": "#fff",
      "flex": 1,
    }
  }
>
  <View
    style={
      Object {
        "alignItems": "center",
        "flexDirection": "column",
        "justifyContent": "space-around",
        "paddingTop": "40%",
      }
    }
  >
    <View
      style={
        Object {
          "opacity": 0,
          "transform": Array [
            Object {
              "translateY": -100,
            },
          ],
        }
      }
    >
      <Image
        source={
          Object {
            "testUri": "../../../assets/if_kid_1930420.png",
          }
        }
        style={
          Object {
            "height": 130,
            "width": 130,
          }
        }
      />
    </View>
    <View
      style={
        Object {
          "flexDirection": "row",
          "paddingTop": 20,
        }
      }
    >
      <Text
        accessible={true}
        allowFontScaling={true}
        ellipsizeMode="tail"
        style={
          Object {
            "fontSize": 26,
            "fontWeight": "bold",
            "opacity": 1,
            "transform": Array [
              Object {
                "scale": 1,
              },
            ],
          }
        }
      >
        C
      </Text>
      <Text
        accessible={true}
        allowFontScaling={true}
        ellipsizeMode="tail"
        style={
          Object {
            "fontSize": 26,
            "fontWeight": "bold",
            "opacity": 1,
            "transform": Array [
              Object {
                "scale": 1,
              },
            ],
          }
        }
      >
        a
      </Text>
      <Text
        accessible={true}
        allowFontScaling={true}
        ellipsizeMode="tail"
        style={
          Object {
            "fontSize": 26,
            "fontWeight": "bold",
            "opacity": 1,
            "transform": Array [
              Object {
                "scale": 1,
              },
            ],
          }
        }
      >
        r
      </Text>
      <Text
        accessible={true}
        allowFontScaling={true}
        ellipsizeMode="tail"
        style={
          Object {
            "fontSize": 26,
            "fontWeight": "bold",
            "opacity": 1,
            "transform": Array [
              Object {
                "scale": 1,
              },
            ],
          }
        }
      >
        g
      </Text>
      <Text
        accessible={true}
        allowFontScaling={true}
        ellipsizeMode="tail"
        style={
          Object {
            "fontSize": 26,
            "fontWeight": "bold",
            "opacity": 1,
            "transform": Array [
              Object {
                "scale": 1,
              },
            ],
          }
        }
      >
        a
      </Text>
      <Text
        accessible={true}
        allowFontScaling={true}
        ellipsizeMode="tail"
        style={
          Object {
            "fontSize": 26,
            "fontWeight": "bold",
            "opacity": 1,
            "transform": Array [
              Object {
                "scale": 1,
              },
            ],
          }
        }
      >
        n
      </Text>
      <Text
        accessible={true}
        allowFontScaling={true}
        ellipsizeMode="tail"
        style={
          Object {
            "fontSize": 26,
            "fontWeight": "bold",
            "opacity": 1,
            "transform": Array [
              Object {
                "scale": 1,
              },
            ],
          }
        }
      >
        d
      </Text>
      <Text
        accessible={true}
        allowFontScaling={true}
        ellipsizeMode="tail"
        style={
          Object {
            "fontSize": 26,
            "fontWeight": "bold",
            "opacity": 1,
            "transform": Array [
              Object {
                "scale": 1,
              },
            ],
          }
        }
      >
        o
      </Text>
      <Text
        accessible={true}
        allowFontScaling={true}
        ellipsizeMode="tail"
        style={
          Object {
            "fontSize": 26,
            "fontWeight": "bold",
            "opacity": 1,
            "transform": Array [
              Object {
                "scale": 1,
              },
            ],
          }
        }
      >
        .
      </Text>
      <Text
        accessible={true}
        allowFontScaling={true}
        ellipsizeMode="tail"
        style={
          Object {
            "fontSize": 26,
            "fontWeight": "bold",
            "opacity": 1,
            "transform": Array [
              Object {
                "scale": 1,
              },
            ],
          }
        }
      >
        .
      </Text>
      <Text
        accessible={true}
        allowFontScaling={true}
        ellipsizeMode="tail"
        style={
          Object {
            "fontSize": 26,
            "fontWeight": "bold",
            "opacity": 1,
            "transform": Array [
              Object {
                "scale": 1,
              },
            ],
          }
        }
      >
        .
      </Text>
    </View>
  </View>
</View>
`;
